WARNING:werkzeug: * Debugger is active!
INFO:werkzeug: * Debugger PIN: 316-541-688
INFO:werkzeug: * Running on http://localhost:8080/ (Press CTRL+C to quit)
INFO:werkzeug: * Detected change in 'C:\\Users\\kimsc\\PycharmProjects\\flaskTest\\app.py', reloading
WARNING:werkzeug: * Debugger is active!
INFO:werkzeug: * Debugger PIN: 316-541-688
INFO:werkzeug: * Running on http://localhost:8080/ (Press CTRL+C to quit)
ERROR:app:404 Not Found: The requested URL was not found on the server. If you entered the URL manually please check your spelling and try again.
INFO:werkzeug:127.0.0.1 - - [02/Oct/2019 11:35:12] "GET /dksfjsdf HTTP/1.1" 404 -
INFO:werkzeug:127.0.0.1 - - [02/Oct/2019 11:35:29] "GET / HTTP/1.1" 200 -
INFO:werkzeug:127.0.0.1 - - [02/Oct/2019 11:35:33] "GET / HTTP/1.1" 200 -
ERROR:app:404 Not Found: The requested URL was not found on the server. If you entered the URL manually please check your spelling and try again.
INFO:werkzeug:127.0.0.1 - - [02/Oct/2019 11:35:36] "GET /!! HTTP/1.1" 404 -
INFO:werkzeug: * Detected change in 'C:\\Users\\kimsc\\PycharmProjects\\flaskTest\\app.py', reloading
WARNING:werkzeug: * Debugger is active!
INFO:werkzeug: * Debugger PIN: 316-541-688
INFO:werkzeug: * Running on http://localhost:8080/ (Press CTRL+C to quit)
INFO:werkzeug: * Detected change in 'C:\\Users\\kimsc\\PycharmProjects\\flaskTest\\app.py', reloading
INFO:werkzeug: * Restarting with stat
WARNING:werkzeug: * Debugger is active!
INFO:werkzeug: * Debugger PIN: 316-541-688
INFO:werkzeug: * Running on http://localhost:8080/ (Press CTRL+C to quit)
INFO:werkzeug:127.0.0.1 - - [02/Oct/2019 11:49:31] "GET / HTTP/1.1" 200 -
ERROR:app:404 Not Found: The requested URL was not found on the server. If you entered the URL manually please check your spelling and try again.
INFO:werkzeug:127.0.0.1 - - [02/Oct/2019 11:49:35] "GET /news HTTP/1.1" 404 -
INFO:werkzeug: * Restarting with stat
WARNING:werkzeug: * Debugger is active!
INFO:werkzeug: * Debugger PIN: 316-541-688
INFO:werkzeug: * Running on http://localhost:8080/ (Press CTRL+C to quit)
INFO:werkzeug:127.0.0.1 - - [02/Oct/2019 11:49:53] "GET / HTTP/1.1" 200 -
INFO:werkzeug:127.0.0.1 - - [02/Oct/2019 11:49:56] "POST /login HTTP/1.1" 200 -
INFO:werkzeug:127.0.0.1 - - [02/Oct/2019 11:50:03] "GET /news/main HTTP/1.1" 200 -
INFO:werkzeug:127.0.0.1 - - [02/Oct/2019 11:50:06] "GET /news/sports HTTP/1.1" 200 -
INFO:werkzeug:127.0.0.1 - - [02/Oct/2019 11:50:10] "GET /news/science HTTP/1.1" 200 -
INFO:werkzeug:127.0.0.1 - - [02/Oct/2019 11:50:38] "GET /news/science HTTP/1.1" 200 -
INFO:werkzeug: * Detected change in 'C:\\Users\\kimsc\\PycharmProjects\\flaskTest\\app.py', reloading
INFO:werkzeug: * Restarting with stat
WARNING:werkzeug: * Debugger is active!
INFO:werkzeug: * Debugger PIN: 316-541-688
INFO:werkzeug: * Running on http://localhost:8080/ (Press CTRL+C to quit)
INFO:werkzeug:127.0.0.1 - - [02/Oct/2019 12:17:21] "GET / HTTP/1.1" 200 -
INFO:werkzeug:127.0.0.1 - - [02/Oct/2019 12:18:40] "GET / HTTP/1.1" 200 -
INFO:werkzeug:127.0.0.1 - - [02/Oct/2019 12:28:54] "GET / HTTP/1.1" 200 -
ERROR:app:404 Not Found: The requested URL was not found on the server. If you entered the URL manually please check your spelling and try again.
INFO:werkzeug:127.0.0.1 - - [02/Oct/2019 12:28:54] "GET /css/bootstrap.min.css HTTP/1.1" 404 -
ERROR:app:404 Not Found: The requested URL was not found on the server. If you entered the URL manually please check your spelling and try again.
INFO:werkzeug:127.0.0.1 - - [02/Oct/2019 12:28:54] "GET /js/bootstrap.min.js HTTP/1.1" 404 -
ERROR:app:404 Not Found: The requested URL was not found on the server. If you entered the URL manually please check your spelling and try again.
INFO:werkzeug:127.0.0.1 - - [02/Oct/2019 12:28:56] "GET /css/bootstrap.min.css HTTP/1.1" 404 -
INFO:werkzeug:127.0.0.1 - - [02/Oct/2019 12:30:28] "GET / HTTP/1.1" 200 -
INFO:werkzeug:127.0.0.1 - - [02/Oct/2019 12:30:28] "GET /static/css/bootstrap.min.css HTTP/1.1" 200 -
INFO:werkzeug:127.0.0.1 - - [02/Oct/2019 12:30:28] "GET /static/js/bootstrap.min.js HTTP/1.1" 200 -
INFO:werkzeug:127.0.0.1 - - [02/Oct/2019 12:30:28] "GET /static/css/bootstrap.min.css.map HTTP/1.1" 200 -
INFO:werkzeug:127.0.0.1 - - [02/Oct/2019 12:30:28] "GET /static/js/bootstrap.min.js.map HTTP/1.1" 200 -
INFO:werkzeug:127.0.0.1 - - [02/Oct/2019 12:30:54] "GET / HTTP/1.1" 200 -
INFO:werkzeug:127.0.0.1 - - [02/Oct/2019 12:36:46] "GET / HTTP/1.1" 200 -
INFO:werkzeug:127.0.0.1 - - [02/Oct/2019 12:42:35] "GET / HTTP/1.1" 200 -
INFO:werkzeug:127.0.0.1 - - [02/Oct/2019 12:42:49] "GET / HTTP/1.1" 200 -
INFO:werkzeug:127.0.0.1 - - [02/Oct/2019 12:45:55] "GET / HTTP/1.1" 200 -
INFO:werkzeug: * Restarting with stat
WARNING:werkzeug: * Debugger is active!
INFO:werkzeug: * Debugger PIN: 316-541-688
INFO:werkzeug: * Running on http://localhost:8080/ (Press CTRL+C to quit)
INFO:werkzeug:127.0.0.1 - - [08/Oct/2019 12:24:17] "GET / HTTP/1.1" 200 -
INFO:werkzeug:127.0.0.1 - - [08/Oct/2019 12:24:17] "GET /static/css/bootstrap.min.css HTTP/1.1" 200 -
INFO:werkzeug:127.0.0.1 - - [08/Oct/2019 12:24:17] "GET /static/js/bootstrap.min.js HTTP/1.1" 200 -
INFO:werkzeug: * Detected change in 'C:\\Users\\kimsc\\PycharmProjects\\flaskTest\\app.py', reloading
INFO:werkzeug: * Restarting with stat
WARNING:werkzeug: * Debugger is active!
INFO:werkzeug: * Debugger PIN: 316-541-688
INFO:werkzeug: * Running on http://localhost:8000/ (Press CTRL+C to quit)
INFO:werkzeug: * Restarting with stat
WARNING:werkzeug: * Debugger is active!
INFO:werkzeug: * Debugger PIN: 316-541-688
INFO:werkzeug: * Running on http://localhost:8000/ (Press CTRL+C to quit)
INFO:werkzeug:127.0.0.1 - - [08/Oct/2019 12:24:41] "GET / HTTP/1.1" 200 -
INFO:werkzeug:127.0.0.1 - - [08/Oct/2019 12:24:41] "GET /static/css/bootstrap.min.css HTTP/1.1" 200 -
INFO:werkzeug:127.0.0.1 - - [08/Oct/2019 12:24:42] "GET /static/js/bootstrap.min.js HTTP/1.1" 200 -
ERROR:app:404 Not Found: The requested URL was not found on the server. If you entered the URL manually please check your spelling and try again.
INFO:werkzeug:127.0.0.1 - - [08/Oct/2019 12:24:42] "GET /favicon.ico HTTP/1.1" 404 -
INFO:werkzeug:127.0.0.1 - - [08/Oct/2019 12:25:37] "GET / HTTP/1.1" 200 -
INFO:werkzeug:127.0.0.1 - - [08/Oct/2019 12:25:54] "GET / HTTP/1.1" 200 -
INFO:werkzeug:127.0.0.1 - - [08/Oct/2019 12:26:24] "GET / HTTP/1.1" 200 -
INFO:werkzeug:127.0.0.1 - - [08/Oct/2019 12:26:36] "GET / HTTP/1.1" 200 -
INFO:werkzeug:127.0.0.1 - - [08/Oct/2019 12:27:49] "GET / HTTP/1.1" 200 -
INFO:werkzeug:127.0.0.1 - - [08/Oct/2019 12:28:05] "GET / HTTP/1.1" 200 -
INFO:werkzeug:127.0.0.1 - - [08/Oct/2019 12:28:42] "GET / HTTP/1.1" 200 -
INFO:werkzeug:127.0.0.1 - - [08/Oct/2019 12:29:46] "GET / HTTP/1.1" 200 -
INFO:werkzeug:127.0.0.1 - - [08/Oct/2019 12:30:00] "GET / HTTP/1.1" 200 -
INFO:werkzeug:127.0.0.1 - - [08/Oct/2019 12:30:10] "GET / HTTP/1.1" 200 -
INFO:werkzeug:127.0.0.1 - - [08/Oct/2019 12:30:40] "GET / HTTP/1.1" 200 -
INFO:werkzeug:127.0.0.1 - - [08/Oct/2019 12:30:53] "GET / HTTP/1.1" 200 -
INFO:werkzeug:127.0.0.1 - - [08/Oct/2019 12:31:55] "GET / HTTP/1.1" 200 -
INFO:werkzeug:127.0.0.1 - - [08/Oct/2019 12:32:30] "GET / HTTP/1.1" 200 -
INFO:werkzeug:127.0.0.1 - - [08/Oct/2019 12:33:57] "GET / HTTP/1.1" 200 -
INFO:werkzeug:127.0.0.1 - - [08/Oct/2019 12:34:13] "GET / HTTP/1.1" 200 -
INFO:werkzeug:127.0.0.1 - - [08/Oct/2019 12:34:29] "GET / HTTP/1.1" 200 -
INFO:werkzeug:127.0.0.1 - - [08/Oct/2019 12:34:45] "GET / HTTP/1.1" 200 -
INFO:werkzeug:127.0.0.1 - - [08/Oct/2019 12:35:13] "GET / HTTP/1.1" 200 -
INFO:werkzeug: * Restarting with stat
WARNING:werkzeug: * Debugger is active!
INFO:werkzeug: * Debugger PIN: 316-541-688
INFO:werkzeug: * Running on http://localhost:8000/ (Press CTRL+C to quit)
INFO:werkzeug:127.0.0.1 - - [22/Oct/2019 12:04:50] "GET / HTTP/1.1" 200 -
INFO:werkzeug:127.0.0.1 - - [22/Oct/2019 12:04:50] "GET /static/css/bootstrap.min.css HTTP/1.1" 200 -
INFO:werkzeug:127.0.0.1 - - [22/Oct/2019 12:04:51] "GET /static/js/bootstrap.min.js HTTP/1.1" 200 -
ERROR:app:404 Not Found: The requested URL was not found on the server. If you entered the URL manually please check your spelling and try again.
INFO:werkzeug:127.0.0.1 - - [22/Oct/2019 12:04:51] "GET /favicon.ico HTTP/1.1" 404 -
INFO:werkzeug: * Detected change in 'C:\\Users\\kimsc\\PycharmProjects\\flaskTest\\app.py', reloading
INFO:werkzeug: * Restarting with stat
WARNING:werkzeug: * Debugger is active!
INFO:werkzeug: * Debugger PIN: 316-541-688
INFO:werkzeug: * Running on http://localhost:8000/ (Press CTRL+C to quit)
INFO:werkzeug: * Detected change in 'C:\\Users\\kimsc\\PycharmProjects\\flaskTest\\app.py', reloading
INFO:werkzeug: * Restarting with stat
WARNING:werkzeug: * Debugger is active!
INFO:werkzeug: * Debugger PIN: 316-541-688
INFO:werkzeug: * Running on http://localhost:8000/ (Press CTRL+C to quit)
INFO:werkzeug:127.0.0.1 - - [22/Oct/2019 12:39:11] "GET / HTTP/1.1" 200 -
INFO:werkzeug: * Restarting with stat
WARNING:werkzeug: * Debugger is active!
INFO:werkzeug: * Debugger PIN: 316-541-688
INFO:werkzeug: * Running on http://localhost:8000/ (Press CTRL+C to quit)
INFO:werkzeug:127.0.0.1 - - [22/Oct/2019 12:39:28] "GET / HTTP/1.1" 200 -
ERROR:app:404 Not Found: The requested URL was not found on the server. If you entered the URL manually please check your spelling and try again.
INFO:werkzeug:127.0.0.1 - - [22/Oct/2019 12:39:33] "GET /resource HTTP/1.1" 404 -
ERROR:app:404 Not Found: The requested URL was not found on the server. If you entered the URL manually please check your spelling and try again.
INFO:werkzeug:127.0.0.1 - - [22/Oct/2019 12:42:28] "GET /resource HTTP/1.1" 404 -
INFO:werkzeug: * Detected change in 'C:\\Users\\kimsc\\PycharmProjects\\flaskTest\\app.py', reloading
INFO:werkzeug: * Restarting with stat
WARNING:werkzeug: * Debugger is active!
INFO:werkzeug: * Debugger PIN: 316-541-688
INFO:werkzeug: * Running on http://localhost:8000/ (Press CTRL+C to quit)
ERROR:app:404 Not Found: The requested URL was not found on the server. If you entered the URL manually please check your spelling and try again.
INFO:werkzeug:127.0.0.1 - - [22/Oct/2019 12:43:27] "GET /resource_check HTTP/1.1" 404 -
INFO:werkzeug: * Restarting with stat
WARNING:werkzeug: * Debugger is active!
INFO:werkzeug: * Debugger PIN: 316-541-688
INFO:werkzeug: * Running on http://localhost:8000/ (Press CTRL+C to quit)
ERROR:app:404 Not Found: The requested URL was not found on the server. If you entered the URL manually please check your spelling and try again.
INFO:werkzeug:127.0.0.1 - - [22/Oct/2019 12:43:36] "GET /resource_check HTTP/1.1" 404 -
ERROR:app:404 Not Found: The requested URL was not found on the server. If you entered the URL manually please check your spelling and try again.
INFO:werkzeug:127.0.0.1 - - [22/Oct/2019 12:47:32] "GET /resource_check HTTP/1.1" 404 -
INFO:werkzeug: * Restarting with stat
WARNING:werkzeug: * Debugger is active!
INFO:werkzeug: * Debugger PIN: 316-541-688
INFO:werkzeug: * Running on http://localhost:8000/ (Press CTRL+C to quit)
INFO:werkzeug:127.0.0.1 - - [23/Oct/2019 11:09:47] "GET / HTTP/1.1" 200 -
INFO:werkzeug:127.0.0.1 - - [23/Oct/2019 11:09:47] "GET /static/css/bootstrap.min.css HTTP/1.1" 304 -
INFO:werkzeug:127.0.0.1 - - [23/Oct/2019 11:09:47] "GET /static/js/bootstrap.min.js HTTP/1.1" 200 -
ERROR:app:404 Not Found: The requested URL was not found on the server. If you entered the URL manually please check your spelling and try again.
INFO:werkzeug:127.0.0.1 - - [23/Oct/2019 11:09:48] "GET /favicon.ico HTTP/1.1" 404 -
ERROR:app:404 Not Found: The requested URL was not found on the server. If you entered the URL manually please check your spelling and try again.
INFO:werkzeug:127.0.0.1 - - [23/Oct/2019 11:09:59] "GET /resource_check HTTP/1.1" 404 -
INFO:werkzeug: * Detected change in 'C:\\Users\\kimsc\\PycharmProjects\\flaskTest\\rest_server\\resource_check.py', reloading
INFO:werkzeug: * Restarting with stat
WARNING:werkzeug: * Debugger is active!
INFO:werkzeug: * Debugger PIN: 316-541-688
INFO:werkzeug: * Running on http://localhost:8000/ (Press CTRL+C to quit)
ERROR:app:404 Not Found: The requested URL was not found on the server. If you entered the URL manually please check your spelling and try again.
INFO:werkzeug:127.0.0.1 - - [23/Oct/2019 11:28:06] "GET /resource_check HTTP/1.1" 404 -
INFO:werkzeug: * Detected change in 'C:\\Users\\kimsc\\PycharmProjects\\flaskTest\\rest_server\\resource_check.py', reloading
INFO:werkzeug: * Restarting with stat
WARNING:werkzeug: * Debugger is active!
INFO:werkzeug: * Debugger PIN: 316-541-688
INFO:werkzeug: * Running on http://localhost:8000/ (Press CTRL+C to quit)
INFO:werkzeug: * Detected change in 'C:\\Users\\kimsc\\PycharmProjects\\flaskTest\\rest_server\\resource_check.py', reloading
INFO:werkzeug: * Restarting with stat
WARNING:werkzeug: * Debugger is active!
INFO:werkzeug: * Debugger PIN: 316-541-688
INFO:werkzeug: * Running on http://localhost:8000/ (Press CTRL+C to quit)
INFO:werkzeug: * Detected change in 'C:\\Users\\kimsc\\PycharmProjects\\flaskTest\\rest_server\\resource_check.py', reloading
INFO:werkzeug: * Restarting with stat
WARNING:werkzeug: * Debugger is active!
INFO:werkzeug: * Debugger PIN: 316-541-688
INFO:werkzeug: * Running on http://localhost:8000/ (Press CTRL+C to quit)
INFO:werkzeug: * Detected change in 'C:\\Users\\kimsc\\PycharmProjects\\flaskTest\\rest_server\\resource_check.py', reloading
INFO:werkzeug: * Restarting with stat
WARNING:werkzeug: * Debugger is active!
INFO:werkzeug: * Debugger PIN: 316-541-688
INFO:werkzeug: * Running on http://localhost:8000/ (Press CTRL+C to quit)
INFO:werkzeug:127.0.0.1 - - [23/Oct/2019 11:32:09] "GET /resource_check HTTP/1.1" 308 -
INFO:werkzeug:127.0.0.1 - - [23/Oct/2019 11:32:09] "GET /resource_check/ HTTP/1.1" 200 -
INFO:werkzeug: * Detected change in 'C:\\Users\\kimsc\\PycharmProjects\\flaskTest\\app.py', reloading
INFO:werkzeug: * Restarting with stat
INFO:werkzeug: * Restarting with stat
WARNING:werkzeug: * Debugger is active!
INFO:werkzeug: * Debugger PIN: 316-541-688
INFO:werkzeug: * Running on http://localhost:8000/ (Press CTRL+C to quit)
INFO:werkzeug:127.0.0.1 - - [23/Oct/2019 11:45:21] "GET /resource/1 HTTP/1.1" 404 -
INFO:werkzeug:127.0.0.1 - - [23/Oct/2019 11:45:27] "GET /resource_check/ HTTP/1.1" 200 -
INFO:werkzeug:127.0.0.1 - - [23/Oct/2019 11:45:31] "GET /resource/t1 HTTP/1.1" 200 -
INFO:werkzeug:127.0.0.1 - - [23/Oct/2019 11:46:03] "GET /resource/t2 HTTP/1.1" 200 -
INFO:werkzeug:127.0.0.1 - - [23/Oct/2019 11:46:31] "GET /resource/t4851 HTTP/1.1" 404 -
INFO:werkzeug:127.0.0.1 - - [23/Oct/2019 11:47:36] "GET /resource_creation HTTP/1.1" 405 -
INFO:werkzeug:127.0.0.1 - - [23/Oct/2019 12:19:19] "GET /resource/t1 HTTP/1.1" 200 -
INFO:werkzeug:127.0.0.1 - - [23/Oct/2019 12:21:26] "GET /resource/t4 HTTP/1.1" 404 -
INFO:werkzeug:127.0.0.1 - - [23/Oct/2019 12:21:31] "GET /resource/t2 HTTP/1.1" 200 -
INFO:werkzeug:127.0.0.1 - - [23/Oct/2019 12:21:36] "DELETE /resource/t2 HTTP/1.1" 204 -
INFO:werkzeug:127.0.0.1 - - [23/Oct/2019 12:21:39] "GET /resource/t2 HTTP/1.1" 404 -
INFO:werkzeug:127.0.0.1 - - [23/Oct/2019 12:21:52] "GET /resource_check HTTP/1.1" 308 -
INFO:werkzeug:127.0.0.1 - - [23/Oct/2019 12:21:52] "GET /resource_check/ HTTP/1.1" 200 -
INFO:werkzeug:127.0.0.1 - - [23/Oct/2019 12:22:41] "GET /resource/t1 HTTP/1.1" 200 -
INFO:werkzeug:127.0.0.1 - - [23/Oct/2019 12:22:43] "GET /resource/t1 HTTP/1.1" 200 -
INFO:werkzeug:127.0.0.1 - - [23/Oct/2019 12:22:44] "GET /resource/t1 HTTP/1.1" 200 -
INFO:werkzeug: * Detected change in 'C:\\Users\\kimsc\\PycharmProjects\\flaskTest\\rest_server\\resource.py', reloading
INFO:werkzeug: * Restarting with stat
WARNING:werkzeug: * Debugger is active!
INFO:werkzeug: * Debugger PIN: 316-541-688
INFO:werkzeug: * Running on http://localhost:8000/ (Press CTRL+C to quit)
INFO:werkzeug:127.0.0.1 - - [23/Oct/2019 12:24:18] "DELETE /resource/t2 HTTP/1.1" 204 -
INFO:werkzeug:127.0.0.1 - - [23/Oct/2019 12:24:20] "DELETE /resource/t2 HTTP/1.1" 204 -
INFO:werkzeug: * Detected change in 'C:\\Users\\kimsc\\PycharmProjects\\flaskTest\\rest_server\\resource.py', reloading
INFO:werkzeug: * Restarting with stat
WARNING:werkzeug: * Debugger is active!
INFO:werkzeug: * Debugger PIN: 316-541-688
INFO:werkzeug: * Running on http://localhost:8000/ (Press CTRL+C to quit)
INFO:werkzeug: * Detected change in 'C:\\Users\\kimsc\\PycharmProjects\\flaskTest\\rest_server\\resource.py', reloading
INFO:werkzeug: * Restarting with stat
WARNING:werkzeug: * Debugger is active!
INFO:werkzeug: * Debugger PIN: 316-541-688
INFO:werkzeug: * Running on http://localhost:8000/ (Press CTRL+C to quit)
INFO:werkzeug:127.0.0.1 - - [23/Oct/2019 12:24:50] "GET /resource/t1 HTTP/1.1" 200 -
INFO:werkzeug:127.0.0.1 - - [23/Oct/2019 12:28:12] "PUT /resource/t1?temperature=100 HTTP/1.1" 200 -
INFO:werkzeug:127.0.0.1 - - [23/Oct/2019 12:28:22] "GET /resource/t1 HTTP/1.1" 200 -
ERROR:app:404 Not Found: The requested URL was not found on the server. If you entered the URL manually please check your spelling and try again.
INFO:werkzeug:127.0.0.1 - - [23/Oct/2019 12:39:37] "GET /resource HTTP/1.1" 404 -
INFO:werkzeug:127.0.0.1 - - [23/Oct/2019 12:39:40] "GET /resource_check/ HTTP/1.1" 200 -
INFO:werkzeug:127.0.0.1 - - [23/Oct/2019 12:40:10] "POST /resource_creation HTTP/1.1" 201 -
INFO:werkzeug:127.0.0.1 - - [23/Oct/2019 12:40:12] "GET /resource_check/ HTTP/1.1" 200 -
INFO:werkzeug:127.0.0.1 - - [23/Oct/2019 12:40:35] "POST /resource_creation HTTP/1.1" 409 -
INFO:werkzeug:127.0.0.1 - - [23/Oct/2019 12:40:37] "GET /resource_check/ HTTP/1.1" 200 -
INFO:werkzeug: * Restarting with stat
WARNING:werkzeug: * Debugger is active!
INFO:werkzeug: * Debugger PIN: 316-541-688
INFO:werkzeug: * Running on http://localhost:8000/ (Press CTRL+C to quit)
INFO:werkzeug:127.0.0.1 - - [29/Oct/2019 11:10:18] "GET / HTTP/1.1" 200 -
INFO:werkzeug:127.0.0.1 - - [29/Oct/2019 11:10:18] "GET /static/css/bootstrap.min.css HTTP/1.1" 200 -
INFO:werkzeug:127.0.0.1 - - [29/Oct/2019 11:10:19] "GET /static/js/bootstrap.min.js HTTP/1.1" 200 -
ERROR:app:404 Not Found: The requested URL was not found on the server. If you entered the URL manually please check your spelling and try again.
INFO:werkzeug:127.0.0.1 - - [29/Oct/2019 11:10:20] "GET /favicon.ico HTTP/1.1" 404 -
INFO:werkzeug:127.0.0.1 - - [29/Oct/2019 11:10:24] "GET /resource_check HTTP/1.1" 308 -
INFO:werkzeug:127.0.0.1 - - [29/Oct/2019 11:10:24] "GET /resource_check/ HTTP/1.1" 200 -
INFO:werkzeug:127.0.0.1 - - [29/Oct/2019 11:15:26] "GET /resource_check/ HTTP/1.1" 200 -
INFO:werkzeug:127.0.0.1 - - [29/Oct/2019 11:15:48] "POST /resource_creation HTTP/1.1" 201 -
INFO:werkzeug:127.0.0.1 - - [29/Oct/2019 11:15:53] "GET /resource_check/ HTTP/1.1" 200 -
INFO:werkzeug:127.0.0.1 - - [29/Oct/2019 11:16:05] "GET /resource/t3 HTTP/1.1" 200 -
INFO:werkzeug:127.0.0.1 - - [29/Oct/2019 11:16:29] "PUT /resource/ksc HTTP/1.1" 200 -
INFO:werkzeug:127.0.0.1 - - [29/Oct/2019 11:16:33] "GET /resource_check/ HTTP/1.1" 200 -
INFO:werkzeug:127.0.0.1 - - [29/Oct/2019 11:17:22] "GET /resource_check/ HTTP/1.1" 200 -
INFO:werkzeug:127.0.0.1 - - [29/Oct/2019 11:20:00] "DELETE /resource/t1 HTTP/1.1" 204 -
INFO:werkzeug:127.0.0.1 - - [29/Oct/2019 11:20:04] "GET /resource_check/ HTTP/1.1" 200 -
INFO:werkzeug:127.0.0.1 - - [29/Oct/2019 11:20:12] "POST /resource/t1 HTTP/1.1" 405 -
INFO:werkzeug:127.0.0.1 - - [29/Oct/2019 11:20:43] "POST /resource_creation HTTP/1.1" 201 -
INFO:werkzeug:127.0.0.1 - - [29/Oct/2019 11:20:53] "GET /resource_check/ HTTP/1.1" 200 -
INFO:werkzeug:127.0.0.1 - - [29/Oct/2019 11:21:30] "GET /resource_check/ HTTP/1.1" 200 -
INFO:werkzeug:127.0.0.1 - - [29/Oct/2019 11:21:33] "POST /resource_creation HTTP/1.1" 409 -
INFO:werkzeug:127.0.0.1 - - [29/Oct/2019 11:22:05] "GET /resource_check/ HTTP/1.1" 200 -
INFO:werkzeug:127.0.0.1 - - [29/Oct/2019 11:22:22] "POST /resource_creation HTTP/1.1" 201 -
INFO:werkzeug:127.0.0.1 - - [29/Oct/2019 11:22:24] "GET /resource_check/ HTTP/1.1" 200 -
INFO:werkzeug: * Detected change in 'C:\\Users\\kimsc\\PycharmProjects\\flaskTest\\rest_server\\resource.py', reloading
INFO:werkzeug: * Restarting with stat
WARNING:werkzeug: * Debugger is active!
INFO:werkzeug: * Debugger PIN: 316-541-688
INFO:werkzeug: * Running on http://localhost:8000/ (Press CTRL+C to quit)
INFO:werkzeug: * Detected change in 'C:\\Users\\kimsc\\PycharmProjects\\flaskTest\\rest_server\\resource.py', reloading
INFO:werkzeug: * Restarting with stat
WARNING:werkzeug: * Debugger is active!
INFO:werkzeug: * Debugger PIN: 316-541-688
INFO:werkzeug: * Running on http://localhost:8000/ (Press CTRL+C to quit)
INFO:werkzeug: * Detected change in 'C:\\Users\\kimsc\\PycharmProjects\\flaskTest\\app.py', reloading
INFO:werkzeug: * Restarting with stat
WARNING:werkzeug: * Debugger is active!
INFO:werkzeug: * Debugger PIN: 316-541-688
INFO:werkzeug: * Running on http://localhost:8000/ (Press CTRL+C to quit)
INFO:werkzeug:127.0.0.1 - - [29/Oct/2019 11:46:08] "POST /resource/location/3nd%20Engineering%20Building,%20KOREATECH HTTP/1.1" 405 -
INFO:werkzeug:127.0.0.1 - - [29/Oct/2019 11:46:17] "GET /resource/location/3nd%20Engineering%20Building,%20KOREATECH HTTP/1.1" 200 -
INFO:werkzeug:127.0.0.1 - - [29/Oct/2019 11:46:26] "GET /resource/location/2nd%20Engineering%20Building,%20KOREATECH HTTP/1.1" 200 -
INFO:werkzeug:127.0.0.1 - - [29/Oct/2019 11:46:31] "GET /resource/location/2nd%20Engineering%20Building,%20KOREATECH HTTP/1.1" 200 -
INFO:werkzeug:127.0.0.1 - - [29/Oct/2019 11:46:33] "GET /resource/location/2nd%20Engineering%20Building,%20KOREATECH HTTP/1.1" 200 -
INFO:werkzeug:127.0.0.1 - - [29/Oct/2019 11:46:39] "GET /resource/location/3nd%20Engineering%20Building,%20KOREATECH HTTP/1.1" 200 -
INFO:werkzeug: * Detected change in 'C:\\Users\\kimsc\\PycharmProjects\\flaskTest\\database\\resource_db_access.py', reloading
INFO:werkzeug: * Restarting with stat
WARNING:werkzeug: * Debugger is active!
INFO:werkzeug: * Debugger PIN: 316-541-688
INFO:werkzeug: * Running on http://localhost:8000/ (Press CTRL+C to quit)
INFO:werkzeug: * Detected change in 'C:\\Users\\kimsc\\PycharmProjects\\flaskTest\\database\\resource_db_access.py', reloading
INFO:werkzeug: * Restarting with stat
WARNING:werkzeug: * Debugger is active!
INFO:werkzeug: * Debugger PIN: 316-541-688
INFO:werkzeug: * Running on http://localhost:8000/ (Press CTRL+C to quit)
INFO:werkzeug:127.0.0.1 - - [29/Oct/2019 12:21:37] "GET /resource/t3 HTTP/1.1" 200 -
INFO:werkzeug:127.0.0.1 - - [29/Oct/2019 12:21:37] "GET /resource/location/3nd%20Engineering%20Building,%20KOREATECH HTTP/1.1" 200 -
INFO:werkzeug:127.0.0.1 - - [29/Oct/2019 12:21:49] "GET /resource/t3 HTTP/1.1" 200 -
INFO:werkzeug:127.0.0.1 - - [29/Oct/2019 12:21:49] "GET /resource/location/3nd%20Engineering%20Building,%20KOREATECH HTTP/1.1" 200 -
INFO:werkzeug:127.0.0.1 - - [29/Oct/2019 12:22:01] "POST /resource_creation HTTP/1.1" 201 -
INFO:werkzeug:127.0.0.1 - - [29/Oct/2019 12:22:04] "GET /resource_check/ HTTP/1.1" 200 -
INFO:werkzeug:127.0.0.1 - - [29/Oct/2019 12:22:10] "DELETE /resource/t6 HTTP/1.1" 204 -
INFO:werkzeug:127.0.0.1 - - [29/Oct/2019 12:22:48] "DELETE /resource/t6 HTTP/1.1" 204 -
INFO:werkzeug:127.0.0.1 - - [29/Oct/2019 12:22:57] "DELETE /resource/t6 HTTP/1.1" 204 -
INFO:werkzeug:127.0.0.1 - - [29/Oct/2019 12:26:23] "GET /resource_check/ HTTP/1.1" 200 -
INFO:werkzeug:127.0.0.1 - - [29/Oct/2019 12:26:32] "POST /resource_creation HTTP/1.1" 201 -
INFO:werkzeug:127.0.0.1 - - [29/Oct/2019 12:26:34] "GET /resource_check/ HTTP/1.1" 200 -
INFO:werkzeug:127.0.0.1 - - [29/Oct/2019 12:26:40] "PUT /resource/t6 HTTP/1.1" 200 -
INFO:werkzeug:127.0.0.1 - - [29/Oct/2019 12:26:43] "GET /resource_check/ HTTP/1.1" 200 -
INFO:werkzeug:127.0.0.1 - - [29/Oct/2019 12:31:20] "PUT /resource/t6 HTTP/1.1" 200 -
INFO:werkzeug:127.0.0.1 - - [29/Oct/2019 12:31:26] "DELETE /resource/t6 HTTP/1.1" 204 -
INFO:werkzeug:127.0.0.1 - - [29/Oct/2019 12:32:47] "GET /resource/t3 HTTP/1.1" 200 -
INFO:werkzeug:127.0.0.1 - - [29/Oct/2019 12:32:47] "GET /resource/location/3nd%20Engineering%20Building,%20KOREATECH HTTP/1.1" 200 -
INFO:werkzeug:127.0.0.1 - - [29/Oct/2019 12:34:31] "GET /resource/t3 HTTP/1.1" 200 -
INFO:werkzeug:127.0.0.1 - - [29/Oct/2019 12:34:43] "GET /resource/t3 HTTP/1.1" 200 -
INFO:werkzeug: * Detected change in 'C:\\Users\\kimsc\\PycharmProjects\\flaskTest\\rest_server\\resource.py', reloading
INFO:werkzeug: * Restarting with stat
WARNING:werkzeug: * Debugger is active!
INFO:werkzeug: * Debugger PIN: 316-541-688
INFO:werkzeug: * Running on http://localhost:8000/ (Press CTRL+C to quit)
INFO:werkzeug: * Detected change in 'C:\\Users\\kimsc\\PycharmProjects\\flaskTest\\rest_server\\resource.py', reloading
INFO:werkzeug: * Restarting with stat
WARNING:werkzeug: * Debugger is active!
INFO:werkzeug: * Debugger PIN: 316-541-688
INFO:werkzeug: * Running on http://localhost:8000/ (Press CTRL+C to quit)
INFO:werkzeug: * Restarting with stat
WARNING:werkzeug: * Debugger is active!
INFO:werkzeug: * Debugger PIN: 316-541-688
INFO:werkzeug: * Running on http://localhost:8000/ (Press CTRL+C to quit)
INFO:werkzeug:127.0.0.1 - - [12/Nov/2019 11:21:38] "GET / HTTP/1.1" 200 -
INFO:werkzeug:127.0.0.1 - - [12/Nov/2019 11:21:38] "GET /static/css/bootstrap.min.css HTTP/1.1" 200 -
INFO:werkzeug:127.0.0.1 - - [12/Nov/2019 11:21:39] "GET /static/js/bootstrap.min.js HTTP/1.1" 200 -
ERROR:app:404 Not Found: The requested URL was not found on the server. If you entered the URL manually please check your spelling and try again.
INFO:werkzeug:127.0.0.1 - - [12/Nov/2019 11:21:39] "GET /favicon.ico HTTP/1.1" 404 -
ERROR:app:404 Not Found: The requested URL was not found on the server. If you entered the URL manually please check your spelling and try again.
INFO:werkzeug:127.0.0.1 - - [12/Nov/2019 11:21:53] "GET /news HTTP/1.1" 404 -
INFO:werkzeug:127.0.0.1 - - [12/Nov/2019 11:22:07] "GET /news/main HTTP/1.1" 200 -
DEBUG:urllib3.connectionpool:Starting new HTTPS connection (1): dapi.kakao.com:443
DEBUG:urllib3.connectionpool:https://dapi.kakao.com:443 "GET /v2/search/image?query=%ED%8C%8C%EC%9D%B4%EC%8D%AC HTTP/1.1" 200 None
INFO:werkzeug:127.0.0.1 - - [12/Nov/2019 11:22:12] "GET /news/images HTTP/1.1" 200 -
INFO:werkzeug: * Detected change in 'C:\\Users\\kimsc\\PycharmProjects\\flaskTest\\news.py', reloading
INFO:werkzeug: * Restarting with stat
WARNING:werkzeug: * Debugger is active!
INFO:werkzeug: * Debugger PIN: 316-541-688
INFO:werkzeug: * Running on http://localhost:8000/ (Press CTRL+C to quit)
ERROR:app:404 Not Found: The requested URL was not found on the server. If you entered the URL manually please check your spelling and try again.
INFO:werkzeug:127.0.0.1 - - [12/Nov/2019 11:23:28] "GET /news/images HTTP/1.1" 404 -
DEBUG:urllib3.connectionpool:Starting new HTTPS connection (1): dapi.kakao.com:443
DEBUG:urllib3.connectionpool:https://dapi.kakao.com:443 "GET /v2/search/image?query=%ED%8C%8C%EC%9D%B4%EC%8D%AC HTTP/1.1" 200 None
INFO:werkzeug:127.0.0.1 - - [12/Nov/2019 11:23:30] "GET /news/images/���̽� HTTP/1.1" 200 -
DEBUG:urllib3.connectionpool:Starting new HTTPS connection (1): dapi.kakao.com:443
DEBUG:urllib3.connectionpool:https://dapi.kakao.com:443 "GET /v2/search/image?query=%ED%8C%8C%EC%9D%B4%EC%8D%AC HTTP/1.1" 200 None
INFO:werkzeug:127.0.0.1 - - [12/Nov/2019 11:25:19] "GET /news/images/���̽� HTTP/1.1" 200 -
INFO:werkzeug: * Detected change in 'C:\\Users\\kimsc\\PycharmProjects\\flaskTest\\app.py', reloading
INFO:werkzeug: * Restarting with stat
WARNING:werkzeug: * Debugger is active!
INFO:werkzeug: * Debugger PIN: 316-541-688
INFO:werkzeug: * Running on http://localhost:8000/ (Press CTRL+C to quit)
INFO:werkzeug: * Detected change in 'C:\\Users\\kimsc\\PycharmProjects\\flaskTest\\app.py', reloading
INFO:werkzeug: * Restarting with stat
WARNING:werkzeug: * Debugger is active!
INFO:werkzeug: * Debugger PIN: 316-541-688
INFO:werkzeug: * Running on http://localhost:8000/ (Press CTRL+C to quit)
DEBUG:urllib3.connectionpool:Starting new HTTPS connection (1): dapi.kakao.com:443
DEBUG:urllib3.connectionpool:https://dapi.kakao.com:443 "GET /v2/search/image?query=%ED%8C%8C%EC%9D%B4%EC%8D%AC HTTP/1.1" 200 None
INFO:werkzeug:127.0.0.1 - - [12/Nov/2019 11:31:28] "GET /menu/images/���̽� HTTP/1.1" 200 -
DEBUG:urllib3.connectionpool:Starting new HTTPS connection (1): dapi.kakao.com:443
DEBUG:urllib3.connectionpool:https://dapi.kakao.com:443 "GET /v2/search/image?query=%EB%96%BC%EA%BB%84%EB%A3%A9 HTTP/1.1" 200 None
INFO:werkzeug:127.0.0.1 - - [12/Nov/2019 11:32:32] "GET /menu/images/������ HTTP/1.1" 200 -
INFO:werkzeug: * Detected change in 'C:\\Users\\kimsc\\PycharmProjects\\flaskTest\\menu.py', reloading
INFO:werkzeug: * Restarting with stat
WARNING:werkzeug: * Debugger is active!
INFO:werkzeug: * Debugger PIN: 316-541-688
INFO:werkzeug: * Running on http://localhost:8000/ (Press CTRL+C to quit)
INFO:werkzeug: * Detected change in 'C:\\Users\\kimsc\\PycharmProjects\\flaskTest\\menu.py', reloading
INFO:werkzeug: * Restarting with stat
WARNING:werkzeug: * Debugger is active!
INFO:werkzeug: * Debugger PIN: 316-541-688
INFO:werkzeug: * Running on http://localhost:8000/ (Press CTRL+C to quit)
INFO:werkzeug: * Detected change in 'C:\\Users\\kimsc\\PycharmProjects\\flaskTest\\menu.py', reloading
INFO:werkzeug: * Restarting with stat
WARNING:werkzeug: * Debugger is active!
INFO:werkzeug: * Debugger PIN: 316-541-688
INFO:werkzeug: * Running on http://localhost:8000/ (Press CTRL+C to quit)
INFO:werkzeug: * Detected change in 'C:\\Users\\kimsc\\PycharmProjects\\flaskTest\\menu.py', reloading
INFO:werkzeug: * Restarting with stat
WARNING:werkzeug: * Debugger is active!
INFO:werkzeug: * Debugger PIN: 316-541-688
INFO:werkzeug: * Running on http://localhost:8000/ (Press CTRL+C to quit)
DEBUG:urllib3.connectionpool:Starting new HTTPS connection (1): dapi.kakao.com:443
DEBUG:urllib3.connectionpool:https://dapi.kakao.com:443 "GET /v2/search/image?query=%EB%96%BC%EA%BB%84%EB%A3%A9 HTTP/1.1" 200 None
INFO:werkzeug:127.0.0.1 - - [12/Nov/2019 11:38:00] "GET /menu/images/������ HTTP/1.1" 200 -
DEBUG:urllib3.connectionpool:Starting new HTTPS connection (1): dapi.kakao.com:443
DEBUG:urllib3.connectionpool:https://dapi.kakao.com:443 "GET /v3/search/book?target=title&query=%EB%96%BC%EA%BB%84%EB%A3%A9 HTTP/1.1" 200 None
INFO:werkzeug:127.0.0.1 - - [12/Nov/2019 11:38:06] "GET /menu/books/������ HTTP/1.1" 500 -
INFO:werkzeug:127.0.0.1 - - [12/Nov/2019 11:38:06] "GET /menu/books/������?__debugger__=yes&cmd=resource&f=style.css HTTP/1.1" 200 -
INFO:werkzeug:127.0.0.1 - - [12/Nov/2019 11:38:06] "GET /menu/books/������?__debugger__=yes&cmd=resource&f=debugger.js HTTP/1.1" 200 -
INFO:werkzeug:127.0.0.1 - - [12/Nov/2019 11:38:06] "GET /menu/books/������?__debugger__=yes&cmd=resource&f=jquery.js HTTP/1.1" 200 -
INFO:werkzeug:127.0.0.1 - - [12/Nov/2019 11:38:07] "GET /menu/books/������?__debugger__=yes&cmd=resource&f=ubuntu.ttf HTTP/1.1" 200 -
INFO:werkzeug:127.0.0.1 - - [12/Nov/2019 11:38:07] "GET /menu/books/������?__debugger__=yes&cmd=resource&f=console.png HTTP/1.1" 200 -
INFO:werkzeug:127.0.0.1 - - [12/Nov/2019 11:38:07] "GET /menu/books/������?__debugger__=yes&cmd=resource&f=console.png HTTP/1.1" 200 -
DEBUG:urllib3.connectionpool:Starting new HTTPS connection (1): dapi.kakao.com:443
DEBUG:urllib3.connectionpool:https://dapi.kakao.com:443 "GET /v3/search/book?target=title&query=%EB%96%BC%EA%BB%84%EB%A3%A9 HTTP/1.1" 200 None
INFO:werkzeug:127.0.0.1 - - [12/Nov/2019 11:39:37] "GET /menu/books/������ HTTP/1.1" 200 -
DEBUG:urllib3.connectionpool:Starting new HTTPS connection (1): dapi.kakao.com:443
DEBUG:urllib3.connectionpool:https://dapi.kakao.com:443 "GET /v3/search/book?target=title&query=%EB%AF%B8%EC%9B%80%EB%B0%9B%EC%9D%84%20%EC%9A%A9%EA%B8%B0 HTTP/1.1" 200 None
INFO:werkzeug:127.0.0.1 - - [12/Nov/2019 11:39:43] "GET /menu/books/�̿����%20��� HTTP/1.1" 200 -
DEBUG:urllib3.connectionpool:Starting new HTTPS connection (1): dapi.kakao.com:443
DEBUG:urllib3.connectionpool:https://dapi.kakao.com:443 "GET /v3/search/book?target=title&query=%EB%AF%B8%EC%9B%80%EB%B0%9B%EC%9D%84%20%EC%9A%A9%EA%B8%B0 HTTP/1.1" 200 None
INFO:werkzeug:127.0.0.1 - - [12/Nov/2019 11:40:07] "GET /menu/books/�̿����%20��� HTTP/1.1" 200 -
INFO:werkzeug: * Detected change in 'C:\\Users\\kimsc\\PycharmProjects\\flaskTest\\menu.py', reloading
INFO:werkzeug: * Restarting with stat
WARNING:werkzeug: * Debugger is active!
INFO:werkzeug: * Debugger PIN: 316-541-688
INFO:werkzeug: * Running on http://localhost:8000/ (Press CTRL+C to quit)
DEBUG:urllib3.connectionpool:Starting new HTTPS connection (1): dapi.kakao.com:443
DEBUG:urllib3.connectionpool:https://dapi.kakao.com:443 "GET /v3/search/book?target=title&query=%EB%AF%B8%EC%9B%80%EB%B0%9B%EC%9D%84%20%EC%9A%A9%EA%B8%B0 HTTP/1.1" 200 None
INFO:werkzeug:127.0.0.1 - - [12/Nov/2019 11:41:17] "GET /menu/books/�̿����%20��� HTTP/1.1" 200 -
DEBUG:urllib3.connectionpool:Starting new HTTPS connection (1): dapi.kakao.com:443
DEBUG:urllib3.connectionpool:https://dapi.kakao.com:443 "GET /v3/search/book?target=title&query=%EB%AF%B8%EC%9B%80%EB%B0%9B%EC%9D%84%20%EC%9A%A9%EA%B8%B0 HTTP/1.1" 200 None
INFO:werkzeug:127.0.0.1 - - [12/Nov/2019 11:44:52] "GET /menu/books/�̿����%20��� HTTP/1.1" 200 -
DEBUG:urllib3.connectionpool:Starting new HTTPS connection (1): dapi.kakao.com:443
DEBUG:urllib3.connectionpool:https://dapi.kakao.com:443 "GET /v3/search/book?target=title&query=%EB%AF%B8%EC%9B%80%EB%B0%9B%EC%9D%84%20%EC%9A%A9%EA%B8%B0 HTTP/1.1" 200 None
INFO:werkzeug:127.0.0.1 - - [12/Nov/2019 11:45:02] "GET /menu/books/�̿����%20��� HTTP/1.1" 500 -
INFO:werkzeug:127.0.0.1 - - [12/Nov/2019 11:45:02] "GET /menu/books/�̿����%20���?__debugger__=yes&cmd=resource&f=style.css HTTP/1.1" 200 -
INFO:werkzeug:127.0.0.1 - - [12/Nov/2019 11:45:02] "GET /menu/books/�̿����%20���?__debugger__=yes&cmd=resource&f=jquery.js HTTP/1.1" 200 -
INFO:werkzeug:127.0.0.1 - - [12/Nov/2019 11:45:03] "GET /menu/books/�̿����%20���?__debugger__=yes&cmd=resource&f=debugger.js HTTP/1.1" 200 -
INFO:werkzeug:127.0.0.1 - - [12/Nov/2019 11:45:03] "GET /menu/books/�̿����%20���?__debugger__=yes&cmd=resource&f=ubuntu.ttf HTTP/1.1" 200 -
INFO:werkzeug:127.0.0.1 - - [12/Nov/2019 11:45:03] "GET /menu/books/�̿����%20���?__debugger__=yes&cmd=resource&f=console.png HTTP/1.1" 200 -
INFO:werkzeug:127.0.0.1 - - [12/Nov/2019 11:45:03] "GET /menu/books/�̿����%20���?__debugger__=yes&cmd=resource&f=console.png HTTP/1.1" 200 -
DEBUG:urllib3.connectionpool:Starting new HTTPS connection (1): dapi.kakao.com:443
DEBUG:urllib3.connectionpool:https://dapi.kakao.com:443 "GET /v3/search/book?target=title&query=%EB%AF%B8%EC%9B%80%EB%B0%9B%EC%9D%84%20%EC%9A%A9%EA%B8%B0 HTTP/1.1" 200 None
INFO:werkzeug:127.0.0.1 - - [12/Nov/2019 11:46:38] "GET /menu/books/�̿����%20��� HTTP/1.1" 500 -
INFO:werkzeug:127.0.0.1 - - [12/Nov/2019 11:46:38] "GET /menu/books/�̿����%20���?__debugger__=yes&cmd=resource&f=style.css HTTP/1.1" 200 -
INFO:werkzeug:127.0.0.1 - - [12/Nov/2019 11:46:39] "GET /menu/books/�̿����%20���?__debugger__=yes&cmd=resource&f=jquery.js HTTP/1.1" 200 -
INFO:werkzeug:127.0.0.1 - - [12/Nov/2019 11:46:39] "GET /menu/books/�̿����%20���?__debugger__=yes&cmd=resource&f=debugger.js HTTP/1.1" 200 -
INFO:werkzeug:127.0.0.1 - - [12/Nov/2019 11:46:39] "GET /menu/books/�̿����%20���?__debugger__=yes&cmd=resource&f=ubuntu.ttf HTTP/1.1" 200 -
INFO:werkzeug:127.0.0.1 - - [12/Nov/2019 11:46:39] "GET /menu/books/�̿����%20���?__debugger__=yes&cmd=resource&f=console.png HTTP/1.1" 200 -
INFO:werkzeug:127.0.0.1 - - [12/Nov/2019 11:46:39] "GET /menu/books/�̿����%20���?__debugger__=yes&cmd=resource&f=console.png HTTP/1.1" 200 -
DEBUG:urllib3.connectionpool:Starting new HTTPS connection (1): dapi.kakao.com:443
DEBUG:urllib3.connectionpool:https://dapi.kakao.com:443 "GET /v3/search/book?target=title&query=%EB%AF%B8%EC%9B%80%EB%B0%9B%EC%9D%84%20%EC%9A%A9%EA%B8%B0 HTTP/1.1" 200 None
INFO:werkzeug:127.0.0.1 - - [12/Nov/2019 11:46:46] "GET /menu/books/�̿����%20��� HTTP/1.1" 500 -
INFO:werkzeug:127.0.0.1 - - [12/Nov/2019 11:46:46] "GET /menu/books/�̿����%20���?__debugger__=yes&cmd=resource&f=style.css HTTP/1.1" 200 -
INFO:werkzeug:127.0.0.1 - - [12/Nov/2019 11:46:46] "GET /menu/books/�̿����%20���?__debugger__=yes&cmd=resource&f=jquery.js HTTP/1.1" 200 -
INFO:werkzeug:127.0.0.1 - - [12/Nov/2019 11:46:46] "GET /menu/books/�̿����%20���?__debugger__=yes&cmd=resource&f=debugger.js HTTP/1.1" 200 -
INFO:werkzeug:127.0.0.1 - - [12/Nov/2019 11:46:46] "GET /menu/books/�̿����%20���?__debugger__=yes&cmd=resource&f=ubuntu.ttf HTTP/1.1" 200 -
INFO:werkzeug:127.0.0.1 - - [12/Nov/2019 11:46:46] "GET /menu/books/�̿����%20���?__debugger__=yes&cmd=resource&f=console.png HTTP/1.1" 200 -
INFO:werkzeug:127.0.0.1 - - [12/Nov/2019 11:46:46] "GET /menu/books/�̿����%20���?__debugger__=yes&cmd=resource&f=console.png HTTP/1.1" 200 -
DEBUG:urllib3.connectionpool:Starting new HTTPS connection (1): dapi.kakao.com:443
DEBUG:urllib3.connectionpool:https://dapi.kakao.com:443 "GET /v3/search/book?target=title&query=%EB%AF%B8%EC%9B%80%EB%B0%9B%EC%9D%84%20%EC%9A%A9%EA%B8%B0 HTTP/1.1" 200 None
INFO:werkzeug:127.0.0.1 - - [12/Nov/2019 11:47:05] "GET /menu/books/�̿����%20��� HTTP/1.1" 200 -
DEBUG:urllib3.connectionpool:Starting new HTTPS connection (1): dapi.kakao.com:443
DEBUG:urllib3.connectionpool:https://dapi.kakao.com:443 "GET /v3/search/book?target=title&query=%EB%AF%B8%EC%9B%80%EB%B0%9B%EC%9D%84%20%EC%9A%A9%EA%B8%B0 HTTP/1.1" 200 None
INFO:werkzeug:127.0.0.1 - - [12/Nov/2019 11:47:29] "GET /menu/books/�̿����%20��� HTTP/1.1" 500 -
INFO:werkzeug:127.0.0.1 - - [12/Nov/2019 11:47:29] "GET /menu/books/�̿����%20���?__debugger__=yes&cmd=resource&f=style.css HTTP/1.1" 200 -
INFO:werkzeug:127.0.0.1 - - [12/Nov/2019 11:47:29] "GET /menu/books/�̿����%20���?__debugger__=yes&cmd=resource&f=jquery.js HTTP/1.1" 200 -
INFO:werkzeug:127.0.0.1 - - [12/Nov/2019 11:47:29] "GET /menu/books/�̿����%20���?__debugger__=yes&cmd=resource&f=debugger.js HTTP/1.1" 200 -
INFO:werkzeug:127.0.0.1 - - [12/Nov/2019 11:47:30] "GET /menu/books/�̿����%20���?__debugger__=yes&cmd=resource&f=ubuntu.ttf HTTP/1.1" 200 -
INFO:werkzeug:127.0.0.1 - - [12/Nov/2019 11:47:30] "GET /menu/books/�̿����%20���?__debugger__=yes&cmd=resource&f=console.png HTTP/1.1" 200 -
INFO:werkzeug:127.0.0.1 - - [12/Nov/2019 11:47:30] "GET /menu/books/�̿����%20���?__debugger__=yes&cmd=resource&f=console.png HTTP/1.1" 200 -
DEBUG:urllib3.connectionpool:Starting new HTTPS connection (1): dapi.kakao.com:443
DEBUG:urllib3.connectionpool:https://dapi.kakao.com:443 "GET /v3/search/book?target=title&query=%EB%AF%B8%EC%9B%80%EB%B0%9B%EC%9D%84%20%EC%9A%A9%EA%B8%B0 HTTP/1.1" 200 None
INFO:werkzeug:127.0.0.1 - - [12/Nov/2019 11:47:33] "GET /menu/books/�̿����%20��� HTTP/1.1" 200 -
DEBUG:urllib3.connectionpool:Starting new HTTPS connection (1): dapi.kakao.com:443
DEBUG:urllib3.connectionpool:https://dapi.kakao.com:443 "GET /v3/search/book?target=title&query=%EB%AF%B8%EC%9B%80%EB%B0%9B%EC%9D%84%20%EC%9A%A9%EA%B8%B0 HTTP/1.1" 200 None
INFO:werkzeug:127.0.0.1 - - [12/Nov/2019 11:47:58] "GET /menu/books/�̿����%20��� HTTP/1.1" 200 -
DEBUG:urllib3.connectionpool:Starting new HTTPS connection (1): dapi.kakao.com:443
DEBUG:urllib3.connectionpool:https://dapi.kakao.com:443 "GET /v3/search/book?target=title&query=%EB%AF%B8%EC%9B%80%EB%B0%9B%EC%9D%84%20%EC%9A%A9%EA%B8%B0 HTTP/1.1" 200 None
INFO:werkzeug:127.0.0.1 - - [12/Nov/2019 11:48:10] "GET /menu/books/�̿����%20��� HTTP/1.1" 200 -
INFO:werkzeug: * Detected change in 'C:\\Users\\kimsc\\PycharmProjects\\flaskTest\\menu.py', reloading
INFO:werkzeug: * Restarting with stat
WARNING:werkzeug: * Debugger is active!
INFO:werkzeug: * Debugger PIN: 316-541-688
INFO:werkzeug: * Running on http://localhost:8000/ (Press CTRL+C to quit)
DEBUG:urllib3.connectionpool:Starting new HTTPS connection (1): dapi.kakao.com:443
DEBUG:urllib3.connectionpool:https://dapi.kakao.com:443 "GET /v3/search/book?target=title&query=%EB%AF%B8%EC%9B%80%EB%B0%9B%EC%9D%84%20%EC%9A%A9%EA%B8%B0 HTTP/1.1" 200 None
INFO:werkzeug:127.0.0.1 - - [12/Nov/2019 11:50:04] "GET /menu/books/�̿����%20��� HTTP/1.1" 200 -
DEBUG:urllib3.connectionpool:Starting new HTTPS connection (1): dapi.kakao.com:443
DEBUG:urllib3.connectionpool:https://dapi.kakao.com:443 "GET /v3/search/book?target=title&query=%EB%AF%B8%EC%9B%80%EB%B0%9B%EC%9D%84%20%EC%9A%A9%EA%B8%B0 HTTP/1.1" 200 None
INFO:werkzeug:127.0.0.1 - - [12/Nov/2019 11:50:22] "GET /menu/books/�̿����%20��� HTTP/1.1" 500 -
INFO:werkzeug:127.0.0.1 - - [12/Nov/2019 11:50:22] "GET /menu/books/�̿����%20���?__debugger__=yes&cmd=resource&f=style.css HTTP/1.1" 200 -
INFO:werkzeug:127.0.0.1 - - [12/Nov/2019 11:50:22] "GET /menu/books/�̿����%20���?__debugger__=yes&cmd=resource&f=jquery.js HTTP/1.1" 200 -
INFO:werkzeug:127.0.0.1 - - [12/Nov/2019 11:50:22] "GET /menu/books/�̿����%20���?__debugger__=yes&cmd=resource&f=debugger.js HTTP/1.1" 200 -
INFO:werkzeug:127.0.0.1 - - [12/Nov/2019 11:50:23] "GET /menu/books/�̿����%20���?__debugger__=yes&cmd=resource&f=ubuntu.ttf HTTP/1.1" 200 -
INFO:werkzeug:127.0.0.1 - - [12/Nov/2019 11:50:23] "GET /menu/books/�̿����%20���?__debugger__=yes&cmd=resource&f=console.png HTTP/1.1" 200 -
INFO:werkzeug:127.0.0.1 - - [12/Nov/2019 11:50:23] "GET /menu/books/�̿����%20���?__debugger__=yes&cmd=resource&f=console.png HTTP/1.1" 200 -
DEBUG:urllib3.connectionpool:Starting new HTTPS connection (1): dapi.kakao.com:443
DEBUG:urllib3.connectionpool:https://dapi.kakao.com:443 "GET /v3/search/book?target=title&query=%EB%AF%B8%EC%9B%80%EB%B0%9B%EC%9D%84%20%EC%9A%A9%EA%B8%B0 HTTP/1.1" 200 None
INFO:werkzeug:127.0.0.1 - - [12/Nov/2019 11:50:29] "GET /menu/books/�̿����%20��� HTTP/1.1" 200 -
DEBUG:urllib3.connectionpool:Starting new HTTPS connection (1): dapi.kakao.com:443
DEBUG:urllib3.connectionpool:https://dapi.kakao.com:443 "GET /v3/search/book?target=title&query=%EB%AF%B8%EC%9B%80%EB%B0%9B%EC%9D%84%20%EC%9A%A9%EA%B8%B0 HTTP/1.1" 200 None
INFO:werkzeug:127.0.0.1 - - [12/Nov/2019 11:55:23] "GET /menu/books/�̿����%20��� HTTP/1.1" 200 -
DEBUG:urllib3.connectionpool:Starting new HTTPS connection (1): dapi.kakao.com:443
DEBUG:urllib3.connectionpool:https://dapi.kakao.com:443 "GET /v3/search/book?target=title&query=%EB%AF%B8%EC%9B%80%EB%B0%9B%EC%9D%84%20%EC%9A%A9%EA%B8%B0 HTTP/1.1" 200 None
INFO:werkzeug:127.0.0.1 - - [12/Nov/2019 11:56:39] "GET /menu/books/�̿����%20��� HTTP/1.1" 200 -
DEBUG:urllib3.connectionpool:Starting new HTTPS connection (1): dapi.kakao.com:443
DEBUG:urllib3.connectionpool:https://dapi.kakao.com:443 "GET /v3/search/book?target=title&query=%EB%AF%B8%EC%9B%80%EB%B0%9B%EC%9D%84%20%EC%9A%A9%EA%B8%B0 HTTP/1.1" 200 None
INFO:werkzeug:127.0.0.1 - - [12/Nov/2019 11:57:19] "GET /menu/books/�̿����%20��� HTTP/1.1" 200 -
DEBUG:urllib3.connectionpool:Starting new HTTPS connection (1): dapi.kakao.com:443
DEBUG:urllib3.connectionpool:https://dapi.kakao.com:443 "GET /v3/search/book?target=title&query=%EB%AF%B8%EC%9B%80%EB%B0%9B%EC%9D%84%20%EC%9A%A9%EA%B8%B0 HTTP/1.1" 200 None
INFO:werkzeug:127.0.0.1 - - [12/Nov/2019 11:58:03] "GET /menu/books/�̿����%20��� HTTP/1.1" 200 -
INFO:werkzeug:127.0.0.1 - - [12/Nov/2019 11:58:17] "GET / HTTP/1.1" 200 -
INFO:werkzeug:127.0.0.1 - - [12/Nov/2019 12:00:40] "GET / HTTP/1.1" 200 -
INFO:werkzeug:127.0.0.1 - - [12/Nov/2019 12:03:27] "GET / HTTP/1.1" 200 -
ERROR:app:404 Not Found: The requested URL was not found on the server. If you entered the URL manually please check your spelling and try again.
INFO:werkzeug:127.0.0.1 - - [12/Nov/2019 12:03:34] "GET /menu HTTP/1.1" 404 -
INFO:werkzeug:127.0.0.1 - - [12/Nov/2019 12:03:39] "GET /menu/main HTTP/1.1" 200 -
INFO:werkzeug:127.0.0.1 - - [12/Nov/2019 12:04:23] "GET /menu/main HTTP/1.1" 200 -
INFO:werkzeug:127.0.0.1 - - [12/Nov/2019 12:04:24] "GET / HTTP/1.1" 200 -
ERROR:app:404 Not Found: The requested URL was not found on the server. If you entered the URL manually please check your spelling and try again.
INFO:werkzeug:127.0.0.1 - - [12/Nov/2019 12:04:24] "GET /static/assets/css/material-dashboard.css?v=2.1.1 HTTP/1.1" 404 -
ERROR:app:404 Not Found: The requested URL was not found on the server. If you entered the URL manually please check your spelling and try again.
INFO:werkzeug:127.0.0.1 - - [12/Nov/2019 12:04:30] "GET /static/assets/css/material-dashboard.css?v=2.1.1 HTTP/1.1" 404 -
INFO:werkzeug:127.0.0.1 - - [12/Nov/2019 12:16:57] "GET / HTTP/1.1" 200 -
ERROR:app:404 Not Found: The requested URL was not found on the server. If you entered the URL manually please check your spelling and try again.
INFO:werkzeug:127.0.0.1 - - [12/Nov/2019 12:16:57] "GET /static/assets/css/material-dashboard.css?v=2.1.1 HTTP/1.1" 404 -
ERROR:app:404 Not Found: The requested URL was not found on the server. If you entered the URL manually please check your spelling and try again.
INFO:werkzeug:127.0.0.1 - - [12/Nov/2019 12:16:59] "GET /menus/books HTTP/1.1" 404 -
INFO:werkzeug:127.0.0.1 - - [12/Nov/2019 12:17:27] "GET / HTTP/1.1" 200 -
ERROR:app:404 Not Found: The requested URL was not found on the server. If you entered the URL manually please check your spelling and try again.
INFO:werkzeug:127.0.0.1 - - [12/Nov/2019 12:17:27] "GET /static/assets/css/material-dashboard.css?v=2.1.1 HTTP/1.1" 404 -
ERROR:app:404 Not Found: The requested URL was not found on the server. If you entered the URL manually please check your spelling and try again.
INFO:werkzeug:127.0.0.1 - - [12/Nov/2019 12:17:29] "GET /menu/books HTTP/1.1" 404 -
INFO:werkzeug: * Detected change in 'C:\\Users\\kimsc\\PycharmProjects\\flaskTest\\menu.py', reloading
INFO:werkzeug: * Restarting with stat
WARNING:werkzeug: * Debugger is active!
INFO:werkzeug: * Debugger PIN: 316-541-688
INFO:werkzeug: * Running on http://localhost:8000/ (Press CTRL+C to quit)
INFO:werkzeug: * Detected change in 'C:\\Users\\kimsc\\PycharmProjects\\flaskTest\\menu.py', reloading
INFO:werkzeug: * Restarting with stat
WARNING:werkzeug: * Debugger is active!
INFO:werkzeug: * Debugger PIN: 316-541-688
INFO:werkzeug: * Running on http://localhost:8000/ (Press CTRL+C to quit)
INFO:werkzeug:127.0.0.1 - - [12/Nov/2019 12:18:39] "GET / HTTP/1.1" 200 -
ERROR:app:404 Not Found: The requested URL was not found on the server. If you entered the URL manually please check your spelling and try again.
INFO:werkzeug:127.0.0.1 - - [12/Nov/2019 12:18:39] "GET /static/assets/css/material-dashboard.css?v=2.1.1 HTTP/1.1" 404 -
DEBUG:urllib3.connectionpool:Starting new HTTPS connection (1): dapi.kakao.com:443
DEBUG:urllib3.connectionpool:https://dapi.kakao.com:443 "GET /v3/search/book?target=title&query=%EB%AF%B8%EC%9B%80%EB%B0%9B%EC%9D%84%20%EC%9A%A9%EA%B8%B0 HTTP/1.1" 200 None
INFO:werkzeug:127.0.0.1 - - [12/Nov/2019 12:18:40] "GET /menu/books HTTP/1.1" 200 -
ERROR:app:404 Not Found: The requested URL was not found on the server. If you entered the URL manually please check your spelling and try again.
INFO:werkzeug:127.0.0.1 - - [12/Nov/2019 12:18:40] "GET /static/assets/css/material-dashboard.css?v=2.1.1 HTTP/1.1" 404 -
DEBUG:urllib3.connectionpool:Starting new HTTPS connection (1): dapi.kakao.com:443
DEBUG:urllib3.connectionpool:https://dapi.kakao.com:443 "GET /v2/search/image?query=%EB%96%BC%EA%BB%84%EB%A3%A9 HTTP/1.1" 200 None
INFO:werkzeug:127.0.0.1 - - [12/Nov/2019 12:18:52] "GET /menu/images HTTP/1.1" 200 -
ERROR:app:404 Not Found: The requested URL was not found on the server. If you entered the URL manually please check your spelling and try again.
INFO:werkzeug:127.0.0.1 - - [12/Nov/2019 12:18:52] "GET /static/assets/css/material-dashboard.css?v=2.1.1 HTTP/1.1" 404 -
INFO:werkzeug:127.0.0.1 - - [12/Nov/2019 12:18:55] "GET / HTTP/1.1" 200 -
ERROR:app:404 Not Found: The requested URL was not found on the server. If you entered the URL manually please check your spelling and try again.
INFO:werkzeug:127.0.0.1 - - [12/Nov/2019 12:18:55] "GET /static/assets/css/material-dashboard.css?v=2.1.1 HTTP/1.1" 404 -
INFO:werkzeug: * Detected change in 'C:\\Users\\kimsc\\PycharmProjects\\flaskTest\\app.py', reloading
INFO:werkzeug: * Restarting with stat
WARNING:werkzeug: * Debugger is active!
INFO:werkzeug: * Debugger PIN: 316-541-688
INFO:werkzeug: * Running on http://localhost:8000/ (Press CTRL+C to quit)
INFO:werkzeug:127.0.0.1 - - [12/Nov/2019 12:42:16] "GET / HTTP/1.1" 200 -
ERROR:app:404 Not Found: The requested URL was not found on the server. If you entered the URL manually please check your spelling and try again.
INFO:werkzeug:127.0.0.1 - - [12/Nov/2019 12:42:16] "GET /static/assets/css/material-dashboard.css?v=2.1.1 HTTP/1.1" 404 -
INFO:werkzeug:127.0.0.1 - - [12/Nov/2019 12:42:24] "GET / HTTP/1.1" 200 -
ERROR:app:404 Not Found: The requested URL was not found on the server. If you entered the URL manually please check your spelling and try again.
INFO:werkzeug:127.0.0.1 - - [12/Nov/2019 12:42:24] "GET /static/assets/css/material-dashboard.css?v=2.1.1 HTTP/1.1" 404 -
DEBUG:urllib3.connectionpool:Starting new HTTPS connection (1): dapi.kakao.com:443
DEBUG:urllib3.connectionpool:https://dapi.kakao.com:443 "GET /v2/search/image?query=%EB%96%BC%EA%BB%84%EB%A3%A9 HTTP/1.1" 200 None
INFO:werkzeug:127.0.0.1 - - [12/Nov/2019 12:42:26] "GET /menu/images HTTP/1.1" 200 -
ERROR:app:404 Not Found: The requested URL was not found on the server. If you entered the URL manually please check your spelling and try again.
INFO:werkzeug:127.0.0.1 - - [12/Nov/2019 12:42:26] "GET /static/assets/css/material-dashboard.css?v=2.1.1 HTTP/1.1" 404 -
INFO:werkzeug:127.0.0.1 - - [12/Nov/2019 12:42:27] "GET / HTTP/1.1" 200 -
ERROR:app:404 Not Found: The requested URL was not found on the server. If you entered the URL manually please check your spelling and try again.
INFO:werkzeug:127.0.0.1 - - [12/Nov/2019 12:42:28] "GET /static/assets/css/material-dashboard.css?v=2.1.1 HTTP/1.1" 404 -
INFO:werkzeug:127.0.0.1 - - [12/Nov/2019 12:45:05] "GET / HTTP/1.1" 200 -
ERROR:app:404 Not Found: The requested URL was not found on the server. If you entered the URL manually please check your spelling and try again.
INFO:werkzeug:127.0.0.1 - - [12/Nov/2019 12:45:05] "GET /static/assets/css/material-dashboard.css?v=2.1.1 HTTP/1.1" 404 -
INFO:werkzeug:127.0.0.1 - - [12/Nov/2019 12:45:08] "GET / HTTP/1.1" 200 -
ERROR:app:404 Not Found: The requested URL was not found on the server. If you entered the URL manually please check your spelling and try again.
INFO:werkzeug:127.0.0.1 - - [12/Nov/2019 12:45:08] "GET /static/assets/css/material-dashboard.css?v=2.1.1 HTTP/1.1" 404 -
INFO:werkzeug:127.0.0.1 - - [12/Nov/2019 12:46:01] "GET / HTTP/1.1" 200 -
INFO:werkzeug:127.0.0.1 - - [12/Nov/2019 12:46:01] "GET /static/assets/css/material-kit.css HTTP/1.1" 200 -
INFO:werkzeug: * Restarting with stat
WARNING:werkzeug: * Debugger is active!
INFO:werkzeug: * Debugger PIN: 316-541-688
INFO:werkzeug: * Running on http://localhost:8000/ (Press CTRL+C to quit)
INFO:werkzeug:127.0.0.1 - - [19/Nov/2019 11:49:17] "GET / HTTP/1.1" 200 -
ERROR:app:404 Not Found: The requested URL was not found on the server. If you entered the URL manually please check your spelling and try again.
INFO:werkzeug:127.0.0.1 - - [19/Nov/2019 11:49:17] "GET /static/assets/css/material-dashboard.css?v=2.1.1 HTTP/1.1" 404 -
ERROR:app:404 Not Found: The requested URL was not found on the server. If you entered the URL manually please check your spelling and try again.
INFO:werkzeug:127.0.0.1 - - [19/Nov/2019 11:49:18] "GET /favicon.ico HTTP/1.1" 404 -
INFO:werkzeug:127.0.0.1 - - [19/Nov/2019 11:49:20] "GET / HTTP/1.1" 200 -
ERROR:app:404 Not Found: The requested URL was not found on the server. If you entered the URL manually please check your spelling and try again.
INFO:werkzeug:127.0.0.1 - - [19/Nov/2019 11:49:20] "GET /static/assets/css/material-dashboard.css?v=2.1.1 HTTP/1.1" 404 -
DEBUG:urllib3.connectionpool:Starting new HTTPS connection (1): dapi.kakao.com:443
DEBUG:urllib3.connectionpool:https://dapi.kakao.com:443 "GET /v2/search/image?query=%EB%96%BC%EA%BB%84%EB%A3%A9 HTTP/1.1" 200 None
INFO:werkzeug:127.0.0.1 - - [19/Nov/2019 11:51:55] "GET /menu/images HTTP/1.1" 200 -
ERROR:app:404 Not Found: The requested URL was not found on the server. If you entered the URL manually please check your spelling and try again.
INFO:werkzeug:127.0.0.1 - - [19/Nov/2019 11:51:55] "GET /static/assets/css/material-dashboard.css?v=2.1.1 HTTP/1.1" 404 -
DEBUG:urllib3.connectionpool:Starting new HTTPS connection (1): dapi.kakao.com:443
DEBUG:urllib3.connectionpool:https://dapi.kakao.com:443 "GET /v3/search/book?target=title&query=%EB%AF%B8%EC%9B%80%EB%B0%9B%EC%9D%84%20%EC%9A%A9%EA%B8%B0 HTTP/1.1" 200 None
INFO:werkzeug:127.0.0.1 - - [19/Nov/2019 11:51:58] "GET /menu/books HTTP/1.1" 200 -
ERROR:app:404 Not Found: The requested URL was not found on the server. If you entered the URL manually please check your spelling and try again.
INFO:werkzeug:127.0.0.1 - - [19/Nov/2019 11:51:58] "GET /static/assets/css/material-dashboard.css?v=2.1.1 HTTP/1.1" 404 -
DEBUG:urllib3.connectionpool:Starting new HTTPS connection (1): dapi.kakao.com:443
DEBUG:urllib3.connectionpool:https://dapi.kakao.com:443 "GET /v3/search/book?target=title&query=%EB%AF%B8%EC%9B%80%EB%B0%9B%EC%9D%84%20%EC%9A%A9%EA%B8%B0 HTTP/1.1" 200 None
INFO:werkzeug:127.0.0.1 - - [19/Nov/2019 12:03:17] "GET /menu/books HTTP/1.1" 200 -
ERROR:app:404 Not Found: The requested URL was not found on the server. If you entered the URL manually please check your spelling and try again.
INFO:werkzeug:127.0.0.1 - - [19/Nov/2019 12:03:17] "GET /static/assets/css/material-dashboard.css?v=2.1.1 HTTP/1.1" 404 -
INFO:werkzeug:127.0.0.1 - - [19/Nov/2019 12:03:22] "GET / HTTP/1.1" 200 -
ERROR:app:404 Not Found: The requested URL was not found on the server. If you entered the URL manually please check your spelling and try again.
INFO:werkzeug:127.0.0.1 - - [19/Nov/2019 12:03:22] "GET /static/assets/css/material-dashboard.css?v=2.1.1 HTTP/1.1" 404 -
INFO:werkzeug:127.0.0.1 - - [19/Nov/2019 12:10:40] "GET / HTTP/1.1" 200 -
INFO:werkzeug:127.0.0.1 - - [19/Nov/2019 12:10:40] "GET /static/assets/css/material-dashboard.css?v=2.1.1 HTTP/1.1" 200 -
DEBUG:urllib3.connectionpool:Starting new HTTPS connection (1): dapi.kakao.com:443
DEBUG:urllib3.connectionpool:https://dapi.kakao.com:443 "GET /v2/search/image?query=%EB%96%BC%EA%BB%84%EB%A3%A9 HTTP/1.1" 200 None
INFO:werkzeug:127.0.0.1 - - [19/Nov/2019 12:10:46] "GET /menu/images HTTP/1.1" 200 -
DEBUG:urllib3.connectionpool:Starting new HTTPS connection (1): dapi.kakao.com:443
DEBUG:urllib3.connectionpool:https://dapi.kakao.com:443 "GET /v3/search/book?target=title&query=%EB%AF%B8%EC%9B%80%EB%B0%9B%EC%9D%84%20%EC%9A%A9%EA%B8%B0 HTTP/1.1" 200 None
INFO:werkzeug:127.0.0.1 - - [19/Nov/2019 12:10:48] "GET /menu/books HTTP/1.1" 200 -
INFO:werkzeug:127.0.0.1 - - [19/Nov/2019 12:10:49] "GET / HTTP/1.1" 200 -
ERROR:app:404 Not Found: The requested URL was not found on the server. If you entered the URL manually please check your spelling and try again.
INFO:werkzeug:127.0.0.1 - - [19/Nov/2019 12:10:57] "GET /static/assets/css/dashboard-free.css.map HTTP/1.1" 404 -
INFO:werkzeug:127.0.0.1 - - [19/Nov/2019 12:11:43] "GET / HTTP/1.1" 200 -
INFO:werkzeug:127.0.0.1 - - [19/Nov/2019 12:12:18] "GET / HTTP/1.1" 200 -
INFO:werkzeug:127.0.0.1 - - [19/Nov/2019 12:12:18] "GET /static/assets/css/material-dashboard.css HTTP/1.1" 200 -
INFO:werkzeug:127.0.0.1 - - [19/Nov/2019 12:12:52] "GET / HTTP/1.1" 200 -
INFO:werkzeug:127.0.0.1 - - [19/Nov/2019 12:13:52] "GET / HTTP/1.1" 200 -
DEBUG:urllib3.connectionpool:Starting new HTTPS connection (1): dapi.kakao.com:443
DEBUG:urllib3.connectionpool:https://dapi.kakao.com:443 "GET /v3/search/book?target=title&query=%EB%AF%B8%EC%9B%80%EB%B0%9B%EC%9D%84%20%EC%9A%A9%EA%B8%B0 HTTP/1.1" 200 None
INFO:werkzeug:127.0.0.1 - - [19/Nov/2019 12:14:02] "GET /menu/books HTTP/1.1" 200 -
INFO:werkzeug: * Detected change in 'C:\\Users\\kimsc\\PycharmProjects\\flaskTest\\app.py', reloading
INFO:werkzeug: * Restarting with stat
INFO:werkzeug: * Restarting with stat
WARNING:werkzeug: * Debugger is active!
INFO:werkzeug: * Debugger PIN: 316-541-688
INFO:werkzeug: * Running on http://localhost:8000/ (Press CTRL+C to quit)
INFO:werkzeug:127.0.0.1 - - [19/Nov/2019 12:35:41] "GET / HTTP/1.1" 200 -
DEBUG:urllib3.connectionpool:Starting new HTTPS connection (1): dapi.kakao.com:443
DEBUG:urllib3.connectionpool:https://dapi.kakao.com:443 "GET /v3/search/book?target=title&query=%EB%AF%B8%EC%9B%80%EB%B0%9B%EC%9D%84%20%EC%9A%A9%EA%B8%B0 HTTP/1.1" 200 None
INFO:werkzeug:127.0.0.1 - - [19/Nov/2019 12:38:05] "GET /menu/books HTTP/1.1" 200 -
DEBUG:urllib3.connectionpool:Starting new HTTPS connection (1): dapi.kakao.com:443
DEBUG:urllib3.connectionpool:https://dapi.kakao.com:443 "GET /v3/search/book?target=title&query=%EB%AF%B8%EC%9B%80%EB%B0%9B%EC%9D%84%20%EC%9A%A9%EA%B8%B0 HTTP/1.1" 200 None
INFO:werkzeug:127.0.0.1 - - [19/Nov/2019 12:40:58] "GET /menu/books HTTP/1.1" 200 -
INFO:werkzeug:127.0.0.1 - - [19/Nov/2019 12:41:16] "GET / HTTP/1.1" 200 -
INFO:werkzeug:127.0.0.1 - - [19/Nov/2019 12:46:15] "GET / HTTP/1.1" 200 -
ERROR:app:404 Not Found: The requested URL was not found on the server. If you entered the URL manually please check your spelling and try again.
INFO:werkzeug:127.0.0.1 - - [19/Nov/2019 12:46:17] "GET /auth/login HTTP/1.1" 404 -
ERROR:app:404 Not Found: The requested URL was not found on the server. If you entered the URL manually please check your spelling and try again.
INFO:werkzeug:127.0.0.1 - - [19/Nov/2019 12:46:19] "GET /auth/signup HTTP/1.1" 404 -
DEBUG:urllib3.connectionpool:Starting new HTTPS connection (1): dapi.kakao.com:443
DEBUG:urllib3.connectionpool:https://dapi.kakao.com:443 "GET /v3/search/book?target=title&query=%EB%AF%B8%EC%9B%80%EB%B0%9B%EC%9D%84%20%EC%9A%A9%EA%B8%B0 HTTP/1.1" 200 None
INFO:werkzeug:127.0.0.1 - - [19/Nov/2019 12:46:58] "GET /menu/books HTTP/1.1" 200 -
INFO:werkzeug: * Restarting with stat
WARNING:werkzeug: * Debugger is active!
INFO:werkzeug: * Debugger PIN: 316-541-688
INFO:werkzeug: * Running on http://localhost:8000/ (Press CTRL+C to quit)
INFO:werkzeug:127.0.0.1 - - [26/Nov/2019 11:07:09] "GET / HTTP/1.1" 200 -
INFO:werkzeug:127.0.0.1 - - [26/Nov/2019 11:07:09] "GET /static/assets/css/material-dashboard.css HTTP/1.1" 200 -
ERROR:app:404 Not Found: The requested URL was not found on the server. If you entered the URL manually please check your spelling and try again.
INFO:werkzeug:127.0.0.1 - - [26/Nov/2019 11:07:14] "GET /favicon.ico HTTP/1.1" 404 -
ERROR:app:404 Not Found: The requested URL was not found on the server. If you entered the URL manually please check your spelling and try again.
INFO:werkzeug:127.0.0.1 - - [26/Nov/2019 11:17:12] "GET /auth/login HTTP/1.1" 404 -
DEBUG:urllib3.connectionpool:Starting new HTTPS connection (1): dapi.kakao.com:443
DEBUG:urllib3.connectionpool:https://dapi.kakao.com:443 "GET /v2/search/image?query=%EB%96%BC%EA%BB%84%EB%A3%A9 HTTP/1.1" 200 None
INFO:werkzeug:127.0.0.1 - - [26/Nov/2019 11:18:17] "GET /menu/images HTTP/1.1" 200 -
DEBUG:urllib3.connectionpool:Starting new HTTPS connection (1): dapi.kakao.com:443
DEBUG:urllib3.connectionpool:https://dapi.kakao.com:443 "GET /v3/search/book?target=title&query=%EB%AF%B8%EC%9B%80%EB%B0%9B%EC%9D%84%20%EC%9A%A9%EA%B8%B0 HTTP/1.1" 200 None
INFO:werkzeug:127.0.0.1 - - [26/Nov/2019 11:18:18] "GET /menu/books HTTP/1.1" 200 -
INFO:werkzeug:127.0.0.1 - - [26/Nov/2019 11:18:19] "GET / HTTP/1.1" 200 -
ERROR:app:404 Not Found: The requested URL was not found on the server. If you entered the URL manually please check your spelling and try again.
INFO:werkzeug:127.0.0.1 - - [26/Nov/2019 11:20:13] "GET /static/assets/css/dashboard-free.css.map HTTP/1.1" 404 -
ERROR:app:404 Not Found: The requested URL was not found on the server. If you entered the URL manually please check your spelling and try again.
INFO:werkzeug:127.0.0.1 - - [26/Nov/2019 11:20:16] "GET /auth/login HTTP/1.1" 404 -
ERROR:app:404 Not Found: The requested URL was not found on the server. If you entered the URL manually please check your spelling and try again.
INFO:werkzeug:127.0.0.1 - - [26/Nov/2019 11:20:18] "GET /auth/signup HTTP/1.1" 404 -
ERROR:app:404 Not Found: The requested URL was not found on the server. If you entered the URL manually please check your spelling and try again.
INFO:werkzeug:127.0.0.1 - - [26/Nov/2019 11:20:19] "GET /auth/login HTTP/1.1" 404 -
INFO:werkzeug: * Detected change in 'C:\\Users\\kimsc\\PycharmProjects\\flaskTest\\database\\base.py', reloading
INFO:werkzeug: * Restarting with stat
WARNING:werkzeug: * Debugger is active!
INFO:werkzeug: * Debugger PIN: 316-541-688
INFO:werkzeug: * Running on http://localhost:8000/ (Press CTRL+C to quit)
INFO:werkzeug: * Restarting with stat
WARNING:werkzeug: * Debugger is active!
INFO:werkzeug: * Debugger PIN: 316-541-688
INFO:werkzeug: * Running on http://localhost:8000/ (Press CTRL+C to quit)
INFO:werkzeug:127.0.0.1 - - [26/Nov/2019 11:25:39] "GET / HTTP/1.1" 200 -
INFO:werkzeug:127.0.0.1 - - [26/Nov/2019 11:25:41] "GET / HTTP/1.1" 200 -
INFO:werkzeug: * Detected change in 'C:\\Users\\kimsc\\PycharmProjects\\flaskTest\\app.py', reloading
INFO:werkzeug: * Restarting with stat
WARNING:werkzeug: * Debugger is active!
INFO:werkzeug: * Debugger PIN: 316-541-688
INFO:werkzeug: * Running on http://localhost:8000/ (Press CTRL+C to quit)
INFO:werkzeug: * Detected change in 'C:\\Users\\kimsc\\PycharmProjects\\flaskTest\\app.py', reloading
INFO:werkzeug: * Restarting with stat
WARNING:werkzeug: * Debugger is active!
INFO:werkzeug: * Debugger PIN: 316-541-688
INFO:werkzeug: * Running on http://localhost:8000/ (Press CTRL+C to quit)
INFO:werkzeug: * Detected change in 'C:\\Users\\kimsc\\PycharmProjects\\flaskTest\\app.py', reloading
INFO:werkzeug: * Restarting with stat
WARNING:werkzeug: * Debugger is active!
INFO:werkzeug: * Debugger PIN: 316-541-688
INFO:werkzeug: * Running on http://localhost:8000/ (Press CTRL+C to quit)
INFO:werkzeug:127.0.0.1 - - [26/Nov/2019 11:33:03] "GET / HTTP/1.1" 200 -
INFO:werkzeug: * Restarting with stat
WARNING:werkzeug: * Debugger is active!
INFO:werkzeug: * Debugger PIN: 316-541-688
INFO:werkzeug: * Running on http://localhost:8000/ (Press CTRL+C to quit)
INFO:werkzeug:127.0.0.1 - - [26/Nov/2019 11:33:19] "GET / HTTP/1.1" 200 -
INFO:werkzeug:127.0.0.1 - - [26/Nov/2019 11:33:45] "GET / HTTP/1.1" 200 -
INFO:werkzeug:127.0.0.1 - - [26/Nov/2019 11:35:03] "GET /auth/login HTTP/1.1" 500 -
INFO:werkzeug:127.0.0.1 - - [26/Nov/2019 11:35:03] "GET /auth/login?__debugger__=yes&cmd=resource&f=style.css HTTP/1.1" 200 -
INFO:werkzeug:127.0.0.1 - - [26/Nov/2019 11:35:03] "GET /auth/login?__debugger__=yes&cmd=resource&f=debugger.js HTTP/1.1" 200 -
INFO:werkzeug:127.0.0.1 - - [26/Nov/2019 11:35:03] "GET /auth/login?__debugger__=yes&cmd=resource&f=jquery.js HTTP/1.1" 200 -
INFO:werkzeug:127.0.0.1 - - [26/Nov/2019 11:35:04] "GET /auth/login?__debugger__=yes&cmd=resource&f=ubuntu.ttf HTTP/1.1" 200 -
INFO:werkzeug:127.0.0.1 - - [26/Nov/2019 11:35:04] "GET /auth/login?__debugger__=yes&cmd=resource&f=console.png HTTP/1.1" 200 -
INFO:werkzeug:127.0.0.1 - - [26/Nov/2019 11:35:04] "GET /auth/login?__debugger__=yes&cmd=resource&f=console.png HTTP/1.1" 200 -
INFO:werkzeug:127.0.0.1 - - [26/Nov/2019 11:39:59] "GET / HTTP/1.1" 200 -
INFO:werkzeug:127.0.0.1 - - [26/Nov/2019 11:40:03] "GET /auth/login HTTP/1.1" 500 -
INFO:werkzeug:127.0.0.1 - - [26/Nov/2019 11:40:03] "GET /auth/login?__debugger__=yes&cmd=resource&f=style.css HTTP/1.1" 200 -
INFO:werkzeug:127.0.0.1 - - [26/Nov/2019 11:40:03] "GET /auth/login?__debugger__=yes&cmd=resource&f=jquery.js HTTP/1.1" 200 -
INFO:werkzeug:127.0.0.1 - - [26/Nov/2019 11:40:03] "GET /auth/login?__debugger__=yes&cmd=resource&f=debugger.js HTTP/1.1" 200 -
INFO:werkzeug:127.0.0.1 - - [26/Nov/2019 11:40:04] "GET /auth/login?__debugger__=yes&cmd=resource&f=ubuntu.ttf HTTP/1.1" 200 -
INFO:werkzeug:127.0.0.1 - - [26/Nov/2019 11:40:04] "GET /auth/login?__debugger__=yes&cmd=resource&f=console.png HTTP/1.1" 200 -
INFO:werkzeug: * Restarting with stat
WARNING:werkzeug: * Debugger is active!
INFO:werkzeug: * Debugger PIN: 316-541-688
INFO:werkzeug: * Running on http://localhost:8000/ (Press CTRL+C to quit)
INFO:werkzeug:127.0.0.1 - - [26/Nov/2019 11:40:33] "GET / HTTP/1.1" 200 -
INFO:werkzeug:127.0.0.1 - - [26/Nov/2019 11:40:36] "GET /auth/login HTTP/1.1" 200 -
INFO:werkzeug:127.0.0.1 - - [26/Nov/2019 11:40:37] "GET /auth/login HTTP/1.1" 200 -
INFO:werkzeug:127.0.0.1 - - [26/Nov/2019 11:41:17] "GET /auth/login HTTP/1.1" 200 -
INFO:werkzeug:127.0.0.1 - - [26/Nov/2019 11:41:20] "GET /auth/login HTTP/1.1" 200 -
INFO:werkzeug:127.0.0.1 - - [26/Nov/2019 11:42:43] "GET /auth/login HTTP/1.1" 200 -
ERROR:app:404 Not Found: The requested URL was not found on the server. If you entered the URL manually please check your spelling and try again.
INFO:werkzeug:127.0.0.1 - - [26/Nov/2019 11:42:43] "GET /static/images/kakao_account_login_btn_medium_narrow.png HTTP/1.1" 404 -
INFO:werkzeug:127.0.0.1 - - [26/Nov/2019 11:45:22] "GET /auth/login HTTP/1.1" 200 -
INFO:werkzeug:127.0.0.1 - - [26/Nov/2019 11:45:22] "GET /static/images/kakao_account_login_btn_medium_narrow.png HTTP/1.1" 200 -
INFO:werkzeug:127.0.0.1 - - [26/Nov/2019 11:45:29] "GET /auth/login HTTP/1.1" 200 -
INFO:werkzeug:127.0.0.1 - - [26/Nov/2019 11:48:00] "GET /auth/login HTTP/1.1" 200 -
INFO:werkzeug:127.0.0.1 - - [26/Nov/2019 11:48:50] "POST /auth/login HTTP/1.1" 302 -
INFO:werkzeug:127.0.0.1 - - [26/Nov/2019 11:48:50] "GET /auth/login HTTP/1.1" 200 -
INFO:werkzeug: * Detected change in 'C:\\Users\\kimsc\\PycharmProjects\\flaskTest\\forms.py', reloading
INFO:werkzeug: * Restarting with stat
WARNING:werkzeug: * Debugger is active!
INFO:werkzeug: * Debugger PIN: 316-541-688
INFO:werkzeug: * Running on http://localhost:8000/ (Press CTRL+C to quit)
INFO:werkzeug:127.0.0.1 - - [26/Nov/2019 11:50:17] "GET /auth/login HTTP/1.1" 200 -
INFO:werkzeug:127.0.0.1 - - [26/Nov/2019 11:50:24] "POST /auth/login HTTP/1.1" 200 -
INFO:werkzeug:127.0.0.1 - - [26/Nov/2019 11:50:30] "POST /auth/login HTTP/1.1" 200 -
INFO:werkzeug:127.0.0.1 - - [26/Nov/2019 11:51:10] "POST /auth/login HTTP/1.1" 200 -
INFO:werkzeug:127.0.0.1 - - [26/Nov/2019 11:51:14] "POST /auth/login HTTP/1.1" 200 -
INFO:werkzeug:127.0.0.1 - - [26/Nov/2019 11:51:22] "POST /auth/login HTTP/1.1" 302 -
INFO:werkzeug:127.0.0.1 - - [26/Nov/2019 11:51:22] "GET /auth/login HTTP/1.1" 200 -
INFO:werkzeug: * Detected change in 'C:\\Users\\kimsc\\PycharmProjects\\flaskTest\\forms.py', reloading
INFO:werkzeug: * Restarting with stat
WARNING:werkzeug: * Debugger is active!
INFO:werkzeug: * Debugger PIN: 316-541-688
INFO:werkzeug: * Running on http://localhost:8000/ (Press CTRL+C to quit)
INFO:flask_wtf.csrf:The CSRF token is invalid.
INFO:werkzeug:127.0.0.1 - - [26/Nov/2019 11:51:36] "POST /auth/login HTTP/1.1" 200 -
INFO:werkzeug: * Detected change in 'C:\\Users\\kimsc\\PycharmProjects\\flaskTest\\forms.py', reloading
INFO:werkzeug: * Restarting with stat
WARNING:werkzeug: * Debugger is active!
INFO:werkzeug: * Debugger PIN: 316-541-688
INFO:werkzeug: * Running on http://localhost:8000/ (Press CTRL+C to quit)
INFO:flask_wtf.csrf:The CSRF token is invalid.
INFO:werkzeug:127.0.0.1 - - [26/Nov/2019 11:52:03] "POST /auth/login HTTP/1.1" 200 -
INFO:flask_wtf.csrf:The CSRF token is invalid.
INFO:werkzeug:127.0.0.1 - - [26/Nov/2019 11:52:07] "POST /auth/login HTTP/1.1" 200 -
INFO:werkzeug:127.0.0.1 - - [26/Nov/2019 11:52:13] "GET / HTTP/1.1" 200 -
INFO:werkzeug:127.0.0.1 - - [26/Nov/2019 11:52:14] "GET /auth/login HTTP/1.1" 200 -
INFO:werkzeug: * Detected change in 'C:\\Users\\kimsc\\PycharmProjects\\flaskTest\\forms.py', reloading
INFO:werkzeug: * Restarting with stat
WARNING:werkzeug: * Debugger is active!
INFO:werkzeug: * Debugger PIN: 316-541-688
INFO:werkzeug: * Running on http://localhost:8000/ (Press CTRL+C to quit)
INFO:werkzeug:127.0.0.1 - - [26/Nov/2019 11:56:17] "GET /auth/login HTTP/1.1" 200 -
INFO:werkzeug:127.0.0.1 - - [26/Nov/2019 11:56:38] "POST /auth/login HTTP/1.1" 302 -
INFO:werkzeug:127.0.0.1 - - [26/Nov/2019 11:56:38] "GET /auth/login HTTP/1.1" 200 -
INFO:werkzeug:127.0.0.1 - - [26/Nov/2019 12:04:32] "POST /auth/login HTTP/1.1" 302 -
INFO:werkzeug:127.0.0.1 - - [26/Nov/2019 12:04:32] "GET / HTTP/1.1" 500 -
INFO:werkzeug:127.0.0.1 - - [26/Nov/2019 12:04:32] "GET /?__debugger__=yes&cmd=resource&f=style.css HTTP/1.1" 200 -
INFO:werkzeug:127.0.0.1 - - [26/Nov/2019 12:04:33] "GET /?__debugger__=yes&cmd=resource&f=jquery.js HTTP/1.1" 200 -
INFO:werkzeug:127.0.0.1 - - [26/Nov/2019 12:04:33] "GET /?__debugger__=yes&cmd=resource&f=debugger.js HTTP/1.1" 200 -
INFO:werkzeug:127.0.0.1 - - [26/Nov/2019 12:04:33] "GET /?__debugger__=yes&cmd=resource&f=ubuntu.ttf HTTP/1.1" 200 -
INFO:werkzeug:127.0.0.1 - - [26/Nov/2019 12:04:33] "GET /?__debugger__=yes&cmd=resource&f=console.png HTTP/1.1" 200 -
INFO:werkzeug:127.0.0.1 - - [26/Nov/2019 12:04:33] "GET /?__debugger__=yes&cmd=resource&f=console.png HTTP/1.1" 200 -
INFO:werkzeug: * Detected change in 'C:\\Users\\kimsc\\PycharmProjects\\flaskTest\\app.py', reloading
INFO:werkzeug: * Restarting with stat
WARNING:werkzeug: * Debugger is active!
INFO:werkzeug: * Debugger PIN: 316-541-688
INFO:werkzeug: * Running on http://localhost:8000/ (Press CTRL+C to quit)
INFO:werkzeug:127.0.0.1 - - [26/Nov/2019 12:05:29] "GET /auth/login HTTP/1.1" 200 -
INFO:werkzeug:127.0.0.1 - - [26/Nov/2019 12:05:29] "GET /auth/login HTTP/1.1" 200 -
INFO:werkzeug:127.0.0.1 - - [26/Nov/2019 12:05:39] "POST /auth/login HTTP/1.1" 302 -
INFO:werkzeug:127.0.0.1 - - [26/Nov/2019 12:05:39] "GET / HTTP/1.1" 200 -
INFO:werkzeug:127.0.0.1 - - [26/Nov/2019 12:08:06] "GET /auth/logout HTTP/1.1" 302 -
INFO:werkzeug:127.0.0.1 - - [26/Nov/2019 12:08:06] "GET / HTTP/1.1" 200 -
INFO:werkzeug:127.0.0.1 - - [26/Nov/2019 12:08:07] "GET /auth/login HTTP/1.1" 200 -
INFO:werkzeug:127.0.0.1 - - [26/Nov/2019 12:23:22] "POST /auth/login HTTP/1.1" 302 -
INFO:werkzeug:127.0.0.1 - - [26/Nov/2019 12:23:22] "GET / HTTP/1.1" 200 -
INFO:werkzeug:127.0.0.1 - - [26/Nov/2019 12:25:16] "GET /auth/my_page HTTP/1.1" 500 -
INFO:werkzeug:127.0.0.1 - - [26/Nov/2019 12:25:16] "GET /auth/my_page?__debugger__=yes&cmd=resource&f=style.css HTTP/1.1" 200 -
INFO:werkzeug:127.0.0.1 - - [26/Nov/2019 12:25:16] "GET /auth/my_page?__debugger__=yes&cmd=resource&f=jquery.js HTTP/1.1" 200 -
INFO:werkzeug:127.0.0.1 - - [26/Nov/2019 12:25:16] "GET /auth/my_page?__debugger__=yes&cmd=resource&f=debugger.js HTTP/1.1" 200 -
INFO:werkzeug:127.0.0.1 - - [26/Nov/2019 12:25:17] "GET /auth/my_page?__debugger__=yes&cmd=resource&f=ubuntu.ttf HTTP/1.1" 200 -
INFO:werkzeug:127.0.0.1 - - [26/Nov/2019 12:25:17] "GET /auth/my_page?__debugger__=yes&cmd=resource&f=console.png HTTP/1.1" 200 -
INFO:werkzeug:127.0.0.1 - - [26/Nov/2019 12:25:17] "GET /auth/my_page?__debugger__=yes&cmd=resource&f=console.png HTTP/1.1" 200 -
INFO:werkzeug:127.0.0.1 - - [26/Nov/2019 12:25:19] "GET /auth/my_page HTTP/1.1" 500 -
INFO:werkzeug:127.0.0.1 - - [26/Nov/2019 12:25:19] "GET /auth/my_page?__debugger__=yes&cmd=resource&f=style.css HTTP/1.1" 200 -
INFO:werkzeug:127.0.0.1 - - [26/Nov/2019 12:25:20] "GET /auth/my_page?__debugger__=yes&cmd=resource&f=jquery.js HTTP/1.1" 200 -
INFO:werkzeug:127.0.0.1 - - [26/Nov/2019 12:25:20] "GET /auth/my_page?__debugger__=yes&cmd=resource&f=debugger.js HTTP/1.1" 200 -
INFO:werkzeug:127.0.0.1 - - [26/Nov/2019 12:25:20] "GET /auth/my_page?__debugger__=yes&cmd=resource&f=ubuntu.ttf HTTP/1.1" 200 -
INFO:werkzeug:127.0.0.1 - - [26/Nov/2019 12:25:20] "GET /auth/my_page?__debugger__=yes&cmd=resource&f=console.png HTTP/1.1" 200 -
INFO:werkzeug: * Detected change in 'C:\\Users\\kimsc\\PycharmProjects\\flaskTest\\forms.py', reloading
INFO:werkzeug: * Restarting with stat
WARNING:werkzeug: * Debugger is active!
INFO:werkzeug: * Debugger PIN: 316-541-688
INFO:werkzeug: * Running on http://localhost:8000/ (Press CTRL+C to quit)
INFO:werkzeug: * Detected change in 'C:\\Users\\kimsc\\PycharmProjects\\flaskTest\\forms.py', reloading
INFO:werkzeug: * Restarting with stat
WARNING:werkzeug: * Debugger is active!
INFO:werkzeug: * Debugger PIN: 316-541-688
INFO:werkzeug: * Running on http://localhost:8000/ (Press CTRL+C to quit)
INFO:werkzeug: * Detected change in 'C:\\Users\\kimsc\\PycharmProjects\\flaskTest\\forms.py', reloading
INFO:werkzeug: * Restarting with stat
WARNING:werkzeug: * Debugger is active!
INFO:werkzeug: * Debugger PIN: 316-541-688
INFO:werkzeug: * Running on http://localhost:8000/ (Press CTRL+C to quit)
INFO:werkzeug:127.0.0.1 - - [26/Nov/2019 12:29:57] "GET / HTTP/1.1" 200 -
INFO:werkzeug:127.0.0.1 - - [26/Nov/2019 12:29:59] "GET /auth/login HTTP/1.1" 200 -
INFO:werkzeug:127.0.0.1 - - [26/Nov/2019 12:30:03] "POST /auth/login HTTP/1.1" 302 -
INFO:werkzeug:127.0.0.1 - - [26/Nov/2019 12:30:03] "GET / HTTP/1.1" 200 -
INFO:werkzeug:127.0.0.1 - - [26/Nov/2019 12:30:06] "GET /auth/my_page HTTP/1.1" 500 -
INFO:werkzeug:127.0.0.1 - - [26/Nov/2019 12:30:06] "GET /auth/my_page?__debugger__=yes&cmd=resource&f=style.css HTTP/1.1" 200 -
INFO:werkzeug:127.0.0.1 - - [26/Nov/2019 12:30:06] "GET /auth/my_page?__debugger__=yes&cmd=resource&f=jquery.js HTTP/1.1" 200 -
INFO:werkzeug:127.0.0.1 - - [26/Nov/2019 12:30:06] "GET /auth/my_page?__debugger__=yes&cmd=resource&f=debugger.js HTTP/1.1" 200 -
INFO:werkzeug:127.0.0.1 - - [26/Nov/2019 12:30:06] "GET /auth/my_page?__debugger__=yes&cmd=resource&f=ubuntu.ttf HTTP/1.1" 200 -
INFO:werkzeug:127.0.0.1 - - [26/Nov/2019 12:30:06] "GET /auth/my_page?__debugger__=yes&cmd=resource&f=console.png HTTP/1.1" 200 -
INFO:werkzeug:127.0.0.1 - - [26/Nov/2019 12:32:14] "GET /auth/my_page HTTP/1.1" 200 -
INFO:werkzeug:127.0.0.1 - - [26/Nov/2019 12:41:02] "GET /auth/logout HTTP/1.1" 302 -
INFO:werkzeug:127.0.0.1 - - [26/Nov/2019 12:41:02] "GET / HTTP/1.1" 200 -
INFO:werkzeug:127.0.0.1 - - [26/Nov/2019 12:41:03] "GET /auth/signup HTTP/1.1" 200 -
INFO:werkzeug:127.0.0.1 - - [26/Nov/2019 12:42:26] "POST /auth/signup HTTP/1.1" 302 -
INFO:werkzeug:127.0.0.1 - - [26/Nov/2019 12:42:26] "GET /auth/login HTTP/1.1" 200 -
INFO:werkzeug:127.0.0.1 - - [26/Nov/2019 12:42:45] "POST /auth/login HTTP/1.1" 302 -
INFO:werkzeug:127.0.0.1 - - [26/Nov/2019 12:42:45] "GET / HTTP/1.1" 200 -
INFO:werkzeug:127.0.0.1 - - [26/Nov/2019 12:43:34] "GET /auth/my_page HTTP/1.1" 200 -
INFO:werkzeug:127.0.0.1 - - [26/Nov/2019 12:44:45] "GET /auth/my_page HTTP/1.1" 200 -
INFO:werkzeug:127.0.0.1 - - [26/Nov/2019 12:44:47] "GET / HTTP/1.1" 200 -
INFO:werkzeug:127.0.0.1 - - [26/Nov/2019 12:44:48] "GET /auth/my_page HTTP/1.1" 200 -
INFO:werkzeug:127.0.0.1 - - [26/Nov/2019 12:44:56] "POST /auth/my_page HTTP/1.1" 302 -
INFO:werkzeug:127.0.0.1 - - [26/Nov/2019 12:44:56] "GET /auth/my_page HTTP/1.1" 200 -
INFO:werkzeug:127.0.0.1 - - [26/Nov/2019 12:44:59] "GET / HTTP/1.1" 200 -
INFO:werkzeug:127.0.0.1 - - [26/Nov/2019 12:45:00] "GET /auth/my_page HTTP/1.1" 200 -
INFO:werkzeug: * Restarting with stat
WARNING:werkzeug: * Debugger is active!
INFO:werkzeug: * Debugger PIN: 316-541-688
INFO:werkzeug: * Running on http://localhost:8000/ (Press CTRL+C to quit)
INFO:werkzeug:127.0.0.1 - - [03/Dec/2019 11:33:17] "GET / HTTP/1.1" 200 -
INFO:werkzeug:127.0.0.1 - - [03/Dec/2019 11:33:17] "GET /static/assets/css/material-dashboard.css HTTP/1.1" 200 -
ERROR:app:404 Not Found: The requested URL was not found on the server. If you entered the URL manually please check your spelling and try again.
INFO:werkzeug:127.0.0.1 - - [03/Dec/2019 11:33:24] "GET /favicon.ico HTTP/1.1" 404 -
INFO:werkzeug:127.0.0.1 - - [03/Dec/2019 11:33:27] "GET /auth/login HTTP/1.1" 200 -
INFO:werkzeug:127.0.0.1 - - [03/Dec/2019 11:33:28] "GET /static/images/kakao_account_login_btn_medium_narrow.png HTTP/1.1" 200 -
INFO:werkzeug:127.0.0.1 - - [03/Dec/2019 11:33:36] "POST /auth/login HTTP/1.1" 302 -
INFO:werkzeug:127.0.0.1 - - [03/Dec/2019 11:33:36] "GET / HTTP/1.1" 200 -
INFO:werkzeug:127.0.0.1 - - [03/Dec/2019 11:33:38] "GET /auth/my_page HTTP/1.1" 200 -
INFO:werkzeug:127.0.0.1 - - [03/Dec/2019 11:33:47] "GET /auth/logout HTTP/1.1" 302 -
INFO:werkzeug:127.0.0.1 - - [03/Dec/2019 11:33:47] "GET / HTTP/1.1" 200 -
INFO:werkzeug:127.0.0.1 - - [03/Dec/2019 11:33:48] "GET /auth/login HTTP/1.1" 200 -
INFO:werkzeug: * Detected change in 'C:\\Users\\kimsc\\PycharmProjects\\flaskTest\\views\\auth.py', reloading
INFO:werkzeug: * Restarting with stat
WARNING:werkzeug: * Debugger is active!
INFO:werkzeug: * Debugger PIN: 316-541-688
INFO:werkzeug: * Running on http://localhost:8000/ (Press CTRL+C to quit)
INFO:werkzeug: * Detected change in 'C:\\Users\\kimsc\\PycharmProjects\\flaskTest\\views\\auth.py', reloading
INFO:werkzeug: * Restarting with stat
WARNING:werkzeug: * Debugger is active!
INFO:werkzeug: * Debugger PIN: 316-541-688
INFO:werkzeug: * Running on http://localhost:8000/ (Press CTRL+C to quit)
INFO:werkzeug:127.0.0.1 - - [03/Dec/2019 11:43:06] "GET /auth/login HTTP/1.1" 200 -
DEBUG:urllib3.connectionpool:Starting new HTTPS connection (1): kauth.kakao.com:443
DEBUG:urllib3.connectionpool:https://kauth.kakao.com:443 "POST /oauth/token HTTP/1.1" 200 None
DEBUG:urllib3.connectionpool:Starting new HTTPS connection (1): kapi.kakao.com:443
DEBUG:urllib3.connectionpool:https://kapi.kakao.com:443 "POST /v1/user/me HTTP/1.1" 200 327
INFO:werkzeug:127.0.0.1 - - [03/Dec/2019 11:43:11] "GET /auth/kakao_oauth_redirect?code=KBoEgy7n_LMKAmqqIVFuNsdAlITjTXhRfKefCYF7tKam1Gj0YoGv3EvMMceBR3r3T4wJ4go9dNkAAAFuyaPeLA HTTP/1.1" 302 -
INFO:werkzeug:127.0.0.1 - - [03/Dec/2019 11:43:11] "GET / HTTP/1.1" 200 -
INFO:werkzeug:127.0.0.1 - - [03/Dec/2019 11:43:14] "GET /auth/my_page HTTP/1.1" 200 -
INFO:werkzeug:127.0.0.1 - - [03/Dec/2019 11:47:47] "POST /auth/my_page HTTP/1.1" 302 -
INFO:werkzeug:127.0.0.1 - - [03/Dec/2019 11:47:47] "GET /auth/my_page HTTP/1.1" 200 -
INFO:werkzeug:127.0.0.1 - - [03/Dec/2019 11:47:50] "GET / HTTP/1.1" 200 -
INFO:werkzeug:127.0.0.1 - - [03/Dec/2019 11:47:51] "GET /auth/my_page HTTP/1.1" 200 -
INFO:werkzeug:127.0.0.1 - - [03/Dec/2019 11:49:40] "GET /auth/my_page HTTP/1.1" 200 -
INFO:werkzeug:127.0.0.1 - - [03/Dec/2019 11:52:13] "GET /auth/my_page HTTP/1.1" 200 -
INFO:werkzeug:127.0.0.1 - - [03/Dec/2019 11:52:17] "GET / HTTP/1.1" 500 -
INFO:werkzeug:127.0.0.1 - - [03/Dec/2019 11:52:17] "GET /?__debugger__=yes&cmd=resource&f=style.css HTTP/1.1" 200 -
INFO:werkzeug:127.0.0.1 - - [03/Dec/2019 11:52:17] "GET /?__debugger__=yes&cmd=resource&f=debugger.js HTTP/1.1" 200 -
INFO:werkzeug:127.0.0.1 - - [03/Dec/2019 11:52:17] "GET /?__debugger__=yes&cmd=resource&f=jquery.js HTTP/1.1" 200 -
INFO:werkzeug:127.0.0.1 - - [03/Dec/2019 11:52:18] "GET /?__debugger__=yes&cmd=resource&f=ubuntu.ttf HTTP/1.1" 200 -
INFO:werkzeug:127.0.0.1 - - [03/Dec/2019 11:52:18] "GET /?__debugger__=yes&cmd=resource&f=console.png HTTP/1.1" 200 -
INFO:werkzeug:127.0.0.1 - - [03/Dec/2019 11:52:18] "GET /?__debugger__=yes&cmd=resource&f=console.png HTTP/1.1" 200 -
DEBUG:urllib3.connectionpool:Starting new HTTPS connection (1): dapi.kakao.com:443
DEBUG:urllib3.connectionpool:https://dapi.kakao.com:443 "GET /v2/search/image?query=%EB%96%BC%EA%BB%84%EB%A3%A9 HTTP/1.1" 200 None
INFO:werkzeug:127.0.0.1 - - [03/Dec/2019 11:52:22] "GET /menu/images HTTP/1.1" 500 -
INFO:werkzeug:127.0.0.1 - - [03/Dec/2019 11:52:22] "GET /menu/images?__debugger__=yes&cmd=resource&f=style.css HTTP/1.1" 200 -
INFO:werkzeug:127.0.0.1 - - [03/Dec/2019 11:52:23] "GET /menu/images?__debugger__=yes&cmd=resource&f=debugger.js HTTP/1.1" 200 -
INFO:werkzeug:127.0.0.1 - - [03/Dec/2019 11:52:23] "GET /menu/images?__debugger__=yes&cmd=resource&f=jquery.js HTTP/1.1" 200 -
INFO:werkzeug:127.0.0.1 - - [03/Dec/2019 11:52:23] "GET /menu/images?__debugger__=yes&cmd=resource&f=ubuntu.ttf HTTP/1.1" 200 -
INFO:werkzeug:127.0.0.1 - - [03/Dec/2019 11:52:23] "GET /menu/images?__debugger__=yes&cmd=resource&f=console.png HTTP/1.1" 200 -
INFO:werkzeug:127.0.0.1 - - [03/Dec/2019 11:52:23] "GET /menu/images?__debugger__=yes&cmd=resource&f=console.png HTTP/1.1" 200 -
INFO:werkzeug:127.0.0.1 - - [03/Dec/2019 11:52:26] "GET / HTTP/1.1" 500 -
INFO:werkzeug:127.0.0.1 - - [03/Dec/2019 11:52:26] "GET /?__debugger__=yes&cmd=resource&f=style.css HTTP/1.1" 200 -
INFO:werkzeug:127.0.0.1 - - [03/Dec/2019 11:52:27] "GET /?__debugger__=yes&cmd=resource&f=jquery.js HTTP/1.1" 200 -
INFO:werkzeug:127.0.0.1 - - [03/Dec/2019 11:52:27] "GET /?__debugger__=yes&cmd=resource&f=debugger.js HTTP/1.1" 200 -
INFO:werkzeug:127.0.0.1 - - [03/Dec/2019 11:52:27] "GET /?__debugger__=yes&cmd=resource&f=ubuntu.ttf HTTP/1.1" 200 -
INFO:werkzeug:127.0.0.1 - - [03/Dec/2019 11:52:27] "GET /?__debugger__=yes&cmd=resource&f=console.png HTTP/1.1" 200 -
INFO:werkzeug: * Detected change in 'C:\\Users\\kimsc\\PycharmProjects\\flaskTest\\app.py', reloading
INFO:werkzeug: * Restarting with stat
WARNING:werkzeug: * Debugger is active!
INFO:werkzeug: * Debugger PIN: 316-541-688
INFO:werkzeug: * Running on http://localhost:8000/ (Press CTRL+C to quit)
INFO:werkzeug: * Detected change in 'C:\\Users\\kimsc\\PycharmProjects\\flaskTest\\app.py', reloading
INFO:werkzeug: * Restarting with stat
WARNING:werkzeug: * Debugger is active!
INFO:werkzeug: * Debugger PIN: 316-541-688
INFO:werkzeug: * Running on http://localhost:8000/ (Press CTRL+C to quit)
INFO:werkzeug:127.0.0.1 - - [03/Dec/2019 12:32:35] "GET / HTTP/1.1" 200 -
INFO:werkzeug: * Restarting with stat
WARNING:werkzeug: * Debugger is active!
INFO:werkzeug: * Debugger PIN: 102-983-749
INFO:werkzeug: * Running on http://localhost:8000/ (Press CTRL+C to quit)
INFO:werkzeug:127.0.0.1 - - [04/Dec/2019 12:05:26] "GET / HTTP/1.1" 200 -
INFO:werkzeug:127.0.0.1 - - [04/Dec/2019 12:05:28] "GET / HTTP/1.1" 200 -
INFO:werkzeug:127.0.0.1 - - [04/Dec/2019 12:05:32] "GET /auth/login HTTP/1.1" 200 -
ERROR:app:404 Not Found: The requested URL was not found on the server. If you entered the URL manually please check your spelling and try again.
INFO:werkzeug:127.0.0.1 - - [04/Dec/2019 12:05:32] "GET /auth/static/assets/js/core/jquery.min.js HTTP/1.1" 404 -
ERROR:app:404 Not Found: The requested URL was not found on the server. If you entered the URL manually please check your spelling and try again.
ERROR:app:404 Not Found: The requested URL was not found on the server. If you entered the URL manually please check your spelling and try again.
ERROR:app:404 Not Found: The requested URL was not found on the server. If you entered the URL manually please check your spelling and try again.
INFO:werkzeug:127.0.0.1 - - [04/Dec/2019 12:05:32] "GET /auth/static/assets/js/core/popper.min.js HTTP/1.1" 404 -
ERROR:app:404 Not Found: The requested URL was not found on the server. If you entered the URL manually please check your spelling and try again.
INFO:werkzeug:127.0.0.1 - - [04/Dec/2019 12:05:32] "GET /auth/static/assets/js/core/bootstrap-material-design.min.js HTTP/1.1" 404 -
INFO:werkzeug:127.0.0.1 - - [04/Dec/2019 12:05:32] "GET /auth/static/assets/js/plugins/perfect-scrollbar.jquery.min.js HTTP/1.1" 404 -
ERROR:app:404 Not Found: The requested URL was not found on the server. If you entered the URL manually please check your spelling and try again.
INFO:werkzeug:127.0.0.1 - - [04/Dec/2019 12:05:32] "GET /auth/static/assets/js/plugins/chartist.min.js HTTP/1.1" 404 -
INFO:werkzeug:127.0.0.1 - - [04/Dec/2019 12:05:32] "GET /auth/static/assets/js/plugins/bootstrap-notify.js HTTP/1.1" 404 -
ERROR:app:404 Not Found: The requested URL was not found on the server. If you entered the URL manually please check your spelling and try again.
INFO:werkzeug:127.0.0.1 - - [04/Dec/2019 12:05:32] "GET /auth/static/assets/js/material-dashboard.js?v=2.1.1 HTTP/1.1" 404 -
INFO:werkzeug:127.0.0.1 - - [04/Dec/2019 12:05:32] "GET /static/images/kakao_account_login_btn_medium_narrow.png HTTP/1.1" 200 -
INFO:werkzeug:127.0.0.1 - - [04/Dec/2019 12:05:36] "GET /auth/signup HTTP/1.1" 200 -
ERROR:app:404 Not Found: The requested URL was not found on the server. If you entered the URL manually please check your spelling and try again.
INFO:werkzeug:127.0.0.1 - - [04/Dec/2019 12:05:37] "GET /auth/static/assets/js/core/jquery.min.js HTTP/1.1" 404 -
ERROR:app:404 Not Found: The requested URL was not found on the server. If you entered the URL manually please check your spelling and try again.
INFO:werkzeug:127.0.0.1 - - [04/Dec/2019 12:05:37] "GET /auth/static/assets/js/core/bootstrap-material-design.min.js HTTP/1.1" 404 -
ERROR:app:404 Not Found: The requested URL was not found on the server. If you entered the URL manually please check your spelling and try again.
INFO:werkzeug:127.0.0.1 - - [04/Dec/2019 12:05:37] "GET /auth/static/assets/js/core/popper.min.js HTTP/1.1" 404 -
ERROR:app:404 Not Found: The requested URL was not found on the server. If you entered the URL manually please check your spelling and try again.
INFO:werkzeug:127.0.0.1 - - [04/Dec/2019 12:05:37] "GET /auth/static/assets/js/plugins/perfect-scrollbar.jquery.min.js HTTP/1.1" 404 -
ERROR:app:404 Not Found: The requested URL was not found on the server. If you entered the URL manually please check your spelling and try again.
INFO:werkzeug:127.0.0.1 - - [04/Dec/2019 12:05:37] "GET /auth/static/assets/js/plugins/chartist.min.js HTTP/1.1" 404 -
ERROR:app:404 Not Found: The requested URL was not found on the server. If you entered the URL manually please check your spelling and try again.
INFO:werkzeug:127.0.0.1 - - [04/Dec/2019 12:05:37] "GET /auth/static/assets/js/plugins/bootstrap-notify.js HTTP/1.1" 404 -
ERROR:app:404 Not Found: The requested URL was not found on the server. If you entered the URL manually please check your spelling and try again.
INFO:werkzeug:127.0.0.1 - - [04/Dec/2019 12:05:37] "GET /auth/static/assets/js/material-dashboard.js?v=2.1.1 HTTP/1.1" 404 -
ERROR:app:404 Not Found: The requested URL was not found on the server. If you entered the URL manually please check your spelling and try again.
INFO:werkzeug:127.0.0.1 - - [04/Dec/2019 12:05:37] "GET /auth/static/assets/js/core/bootstrap-material-design.min.js HTTP/1.1" 404 -
ERROR:app:404 Not Found: The requested URL was not found on the server. If you entered the URL manually please check your spelling and try again.
INFO:werkzeug:127.0.0.1 - - [04/Dec/2019 12:05:37] "GET /auth/static/assets/js/plugins/perfect-scrollbar.jquery.min.js HTTP/1.1" 404 -
ERROR:app:404 Not Found: The requested URL was not found on the server. If you entered the URL manually please check your spelling and try again.
INFO:werkzeug:127.0.0.1 - - [04/Dec/2019 12:05:38] "GET /auth/static/assets/js/plugins/chartist.min.js HTTP/1.1" 404 -
ERROR:app:404 Not Found: The requested URL was not found on the server. If you entered the URL manually please check your spelling and try again.
INFO:werkzeug:127.0.0.1 - - [04/Dec/2019 12:05:38] "GET /auth/static/assets/js/plugins/bootstrap-notify.js HTTP/1.1" 404 -
ERROR:app:404 Not Found: The requested URL was not found on the server. If you entered the URL manually please check your spelling and try again.
INFO:werkzeug:127.0.0.1 - - [04/Dec/2019 12:05:38] "GET /auth/static/assets/js/material-dashboard.js?v=2.1.1 HTTP/1.1" 404 -
INFO:werkzeug:127.0.0.1 - - [04/Dec/2019 12:05:47] "POST /auth/signup HTTP/1.1" 302 -
INFO:werkzeug:127.0.0.1 - - [04/Dec/2019 12:05:47] "GET /auth/login HTTP/1.1" 200 -
ERROR:app:404 Not Found: The requested URL was not found on the server. If you entered the URL manually please check your spelling and try again.
ERROR:app:404 Not Found: The requested URL was not found on the server. If you entered the URL manually please check your spelling and try again.
ERROR:app:404 Not Found: The requested URL was not found on the server. If you entered the URL manually please check your spelling and try again.
ERROR:app:404 Not Found: The requested URL was not found on the server. If you entered the URL manually please check your spelling and try again.
INFO:werkzeug:127.0.0.1 - - [04/Dec/2019 12:05:47] "GET /auth/static/assets/js/core/jquery.min.js HTTP/1.1" 404 -
ERROR:app:404 Not Found: The requested URL was not found on the server. If you entered the URL manually please check your spelling and try again.
INFO:werkzeug:127.0.0.1 - - [04/Dec/2019 12:05:47] "GET /auth/static/assets/js/core/popper.min.js HTTP/1.1" 404 -
INFO:werkzeug:127.0.0.1 - - [04/Dec/2019 12:05:47] "GET /auth/static/assets/js/core/bootstrap-material-design.min.js HTTP/1.1" 404 -
ERROR:app:404 Not Found: The requested URL was not found on the server. If you entered the URL manually please check your spelling and try again.
INFO:werkzeug:127.0.0.1 - - [04/Dec/2019 12:05:47] "GET /auth/static/assets/js/plugins/perfect-scrollbar.jquery.min.js HTTP/1.1" 404 -
INFO:werkzeug:127.0.0.1 - - [04/Dec/2019 12:05:47] "GET /auth/static/assets/js/plugins/chartist.min.js HTTP/1.1" 404 -
INFO:werkzeug:127.0.0.1 - - [04/Dec/2019 12:05:47] "GET /auth/static/assets/js/plugins/bootstrap-notify.js HTTP/1.1" 404 -
ERROR:app:404 Not Found: The requested URL was not found on the server. If you entered the URL manually please check your spelling and try again.
INFO:werkzeug:127.0.0.1 - - [04/Dec/2019 12:05:48] "GET /auth/static/assets/js/material-dashboard.js?v=2.1.1 HTTP/1.1" 404 -
INFO:werkzeug:127.0.0.1 - - [04/Dec/2019 12:05:54] "POST /auth/login HTTP/1.1" 302 -
INFO:werkzeug:127.0.0.1 - - [04/Dec/2019 12:05:54] "GET / HTTP/1.1" 500 -
INFO:werkzeug:127.0.0.1 - - [04/Dec/2019 12:05:54] "GET /?__debugger__=yes&cmd=resource&f=style.css HTTP/1.1" 200 -
INFO:werkzeug:127.0.0.1 - - [04/Dec/2019 12:05:54] "GET /?__debugger__=yes&cmd=resource&f=jquery.js HTTP/1.1" 200 -
INFO:werkzeug:127.0.0.1 - - [04/Dec/2019 12:05:54] "GET /?__debugger__=yes&cmd=resource&f=debugger.js HTTP/1.1" 200 -
INFO:werkzeug:127.0.0.1 - - [04/Dec/2019 12:05:55] "GET /?__debugger__=yes&cmd=resource&f=ubuntu.ttf HTTP/1.1" 200 -
INFO:werkzeug:127.0.0.1 - - [04/Dec/2019 12:05:55] "GET /?__debugger__=yes&cmd=resource&f=console.png HTTP/1.1" 200 -
INFO:werkzeug:127.0.0.1 - - [04/Dec/2019 12:05:55] "GET /?__debugger__=yes&cmd=resource&f=console.png HTTP/1.1" 200 -
INFO:werkzeug:127.0.0.1 - - [04/Dec/2019 12:06:34] "GET / HTTP/1.1" 200 -
INFO:werkzeug:127.0.0.1 - - [04/Dec/2019 12:06:36] "GET /auth/my_page HTTP/1.1" 200 -
ERROR:app:404 Not Found: The requested URL was not found on the server. If you entered the URL manually please check your spelling and try again.
INFO:werkzeug:127.0.0.1 - - [04/Dec/2019 12:06:36] "GET /auth/static/assets/js/core/jquery.min.js HTTP/1.1" 404 -
ERROR:app:404 Not Found: The requested URL was not found on the server. If you entered the URL manually please check your spelling and try again.
ERROR:app:404 Not Found: The requested URL was not found on the server. If you entered the URL manually please check your spelling and try again.
ERROR:app:404 Not Found: The requested URL was not found on the server. If you entered the URL manually please check your spelling and try again.
ERROR:app:404 Not Found: The requested URL was not found on the server. If you entered the URL manually please check your spelling and try again.
ERROR:app:404 Not Found: The requested URL was not found on the server. If you entered the URL manually please check your spelling and try again.
ERROR:app:404 Not Found: The requested URL was not found on the server. If you entered the URL manually please check your spelling and try again.
INFO:werkzeug:127.0.0.1 - - [04/Dec/2019 12:06:37] "GET /auth/static/assets/js/core/popper.min.js HTTP/1.1" 404 -
INFO:werkzeug:127.0.0.1 - - [04/Dec/2019 12:06:37] "GET /auth/static/assets/js/plugins/perfect-scrollbar.jquery.min.js HTTP/1.1" 404 -
INFO:werkzeug:127.0.0.1 - - [04/Dec/2019 12:06:37] "GET /auth/static/assets/js/plugins/bootstrap-notify.js HTTP/1.1" 404 -
INFO:werkzeug:127.0.0.1 - - [04/Dec/2019 12:06:37] "GET /auth/static/assets/js/material-dashboard.js?v=2.1.1 HTTP/1.1" 404 -
INFO:werkzeug:127.0.0.1 - - [04/Dec/2019 12:06:37] "GET /auth/static/assets/js/core/bootstrap-material-design.min.js HTTP/1.1" 404 -
INFO:werkzeug:127.0.0.1 - - [04/Dec/2019 12:06:37] "GET /auth/static/assets/js/plugins/chartist.min.js HTTP/1.1" 404 -
ERROR:app:404 Not Found: The requested URL was not found on the server. If you entered the URL manually please check your spelling and try again.
INFO:werkzeug:127.0.0.1 - - [04/Dec/2019 12:06:37] "GET /auth/static/assets/js/plugins/perfect-scrollbar.jquery.min.js HTTP/1.1" 404 -
ERROR:app:404 Not Found: The requested URL was not found on the server. If you entered the URL manually please check your spelling and try again.
INFO:werkzeug:127.0.0.1 - - [04/Dec/2019 12:06:37] "GET /auth/static/assets/js/plugins/chartist.min.js HTTP/1.1" 404 -
ERROR:app:404 Not Found: The requested URL was not found on the server. If you entered the URL manually please check your spelling and try again.
INFO:werkzeug:127.0.0.1 - - [04/Dec/2019 12:06:37] "GET /auth/static/assets/js/plugins/bootstrap-notify.js HTTP/1.1" 404 -
ERROR:app:404 Not Found: The requested URL was not found on the server. If you entered the URL manually please check your spelling and try again.
INFO:werkzeug:127.0.0.1 - - [04/Dec/2019 12:06:38] "GET /auth/static/assets/js/material-dashboard.js?v=2.1.1 HTTP/1.1" 404 -
INFO:werkzeug:127.0.0.1 - - [04/Dec/2019 12:06:42] "GET /auth/logout HTTP/1.1" 302 -
INFO:werkzeug:127.0.0.1 - - [04/Dec/2019 12:06:42] "GET / HTTP/1.1" 200 -
INFO:werkzeug:127.0.0.1 - - [04/Dec/2019 12:06:44] "GET /auth/login HTTP/1.1" 200 -
ERROR:app:404 Not Found: The requested URL was not found on the server. If you entered the URL manually please check your spelling and try again.
INFO:werkzeug:127.0.0.1 - - [04/Dec/2019 12:06:44] "GET /auth/static/assets/js/core/jquery.min.js HTTP/1.1" 404 -
ERROR:app:404 Not Found: The requested URL was not found on the server. If you entered the URL manually please check your spelling and try again.
INFO:werkzeug:127.0.0.1 - - [04/Dec/2019 12:06:44] "GET /auth/static/assets/js/core/popper.min.js HTTP/1.1" 404 -
ERROR:app:404 Not Found: The requested URL was not found on the server. If you entered the URL manually please check your spelling and try again.
ERROR:app:404 Not Found: The requested URL was not found on the server. If you entered the URL manually please check your spelling and try again.
INFO:werkzeug:127.0.0.1 - - [04/Dec/2019 12:06:44] "GET /auth/static/assets/js/plugins/perfect-scrollbar.jquery.min.js HTTP/1.1" 404 -
ERROR:app:404 Not Found: The requested URL was not found on the server. If you entered the URL manually please check your spelling and try again.
INFO:werkzeug:127.0.0.1 - - [04/Dec/2019 12:06:44] "GET /auth/static/assets/js/core/bootstrap-material-design.min.js HTTP/1.1" 404 -
INFO:werkzeug:127.0.0.1 - - [04/Dec/2019 12:06:44] "GET /auth/static/assets/js/plugins/chartist.min.js HTTP/1.1" 404 -
ERROR:app:404 Not Found: The requested URL was not found on the server. If you entered the URL manually please check your spelling and try again.
ERROR:app:404 Not Found: The requested URL was not found on the server. If you entered the URL manually please check your spelling and try again.
INFO:werkzeug:127.0.0.1 - - [04/Dec/2019 12:06:44] "GET /auth/static/assets/js/plugins/bootstrap-notify.js HTTP/1.1" 404 -
INFO:werkzeug:127.0.0.1 - - [04/Dec/2019 12:06:44] "GET /auth/static/assets/js/material-dashboard.js?v=2.1.1 HTTP/1.1" 404 -
ERROR:app:404 Not Found: The requested URL was not found on the server. If you entered the URL manually please check your spelling and try again.
INFO:werkzeug:127.0.0.1 - - [04/Dec/2019 12:06:44] "GET /auth/static/assets/js/plugins/perfect-scrollbar.jquery.min.js HTTP/1.1" 404 -
ERROR:app:404 Not Found: The requested URL was not found on the server. If you entered the URL manually please check your spelling and try again.
INFO:werkzeug:127.0.0.1 - - [04/Dec/2019 12:06:45] "GET /auth/static/assets/js/plugins/chartist.min.js HTTP/1.1" 404 -
ERROR:app:404 Not Found: The requested URL was not found on the server. If you entered the URL manually please check your spelling and try again.
INFO:werkzeug:127.0.0.1 - - [04/Dec/2019 12:06:45] "GET /auth/static/assets/js/plugins/bootstrap-notify.js HTTP/1.1" 404 -
ERROR:app:404 Not Found: The requested URL was not found on the server. If you entered the URL manually please check your spelling and try again.
INFO:werkzeug:127.0.0.1 - - [04/Dec/2019 12:06:45] "GET /auth/static/assets/js/material-dashboard.js?v=2.1.1 HTTP/1.1" 404 -
DEBUG:urllib3.connectionpool:Starting new HTTPS connection (1): kauth.kakao.com:443
DEBUG:urllib3.connectionpool:https://kauth.kakao.com:443 "POST /oauth/token HTTP/1.1" 200 None
DEBUG:urllib3.connectionpool:Starting new HTTPS connection (1): kapi.kakao.com:443
DEBUG:urllib3.connectionpool:https://kapi.kakao.com:443 "POST /v1/user/me HTTP/1.1" 200 327
INFO:werkzeug:127.0.0.1 - - [04/Dec/2019 12:06:54] "GET /auth/kakao_oauth_redirect?code=GcBH99LgIuAhVT1y4AfiRbulK5deN4vrvcV82bBDgwsxL_klELcNwCgDguWEnkx97eAuRwo9dNkAAAFuzt_s5g HTTP/1.1" 302 -
INFO:werkzeug:127.0.0.1 - - [04/Dec/2019 12:06:54] "GET / HTTP/1.1" 200 -
INFO:werkzeug:127.0.0.1 - - [04/Dec/2019 12:06:56] "GET /auth/my_page HTTP/1.1" 200 -
ERROR:app:404 Not Found: The requested URL was not found on the server. If you entered the URL manually please check your spelling and try again.
INFO:werkzeug:127.0.0.1 - - [04/Dec/2019 12:06:56] "GET /auth/static/assets/js/core/jquery.min.js HTTP/1.1" 404 -
ERROR:app:404 Not Found: The requested URL was not found on the server. If you entered the URL manually please check your spelling and try again.
INFO:werkzeug:127.0.0.1 - - [04/Dec/2019 12:06:56] "GET /auth/static/assets/js/core/popper.min.js HTTP/1.1" 404 -
ERROR:app:404 Not Found: The requested URL was not found on the server. If you entered the URL manually please check your spelling and try again.
ERROR:app:404 Not Found: The requested URL was not found on the server. If you entered the URL manually please check your spelling and try again.
INFO:werkzeug:127.0.0.1 - - [04/Dec/2019 12:06:56] "GET /auth/static/assets/js/plugins/perfect-scrollbar.jquery.min.js HTTP/1.1" 404 -
INFO:werkzeug:127.0.0.1 - - [04/Dec/2019 12:06:56] "GET /auth/static/assets/js/core/bootstrap-material-design.min.js HTTP/1.1" 404 -
ERROR:app:404 Not Found: The requested URL was not found on the server. If you entered the URL manually please check your spelling and try again.
INFO:werkzeug:127.0.0.1 - - [04/Dec/2019 12:06:56] "GET /auth/static/assets/js/plugins/chartist.min.js HTTP/1.1" 404 -
ERROR:app:404 Not Found: The requested URL was not found on the server. If you entered the URL manually please check your spelling and try again.
INFO:werkzeug:127.0.0.1 - - [04/Dec/2019 12:06:56] "GET /auth/static/assets/js/plugins/bootstrap-notify.js HTTP/1.1" 404 -
ERROR:app:404 Not Found: The requested URL was not found on the server. If you entered the URL manually please check your spelling and try again.
INFO:werkzeug:127.0.0.1 - - [04/Dec/2019 12:06:57] "GET /auth/static/assets/js/material-dashboard.js?v=2.1.1 HTTP/1.1" 404 -
ERROR:app:404 Not Found: The requested URL was not found on the server. If you entered the URL manually please check your spelling and try again.
INFO:werkzeug:127.0.0.1 - - [04/Dec/2019 12:06:57] "GET /auth/static/assets/js/plugins/perfect-scrollbar.jquery.min.js HTTP/1.1" 404 -
ERROR:app:404 Not Found: The requested URL was not found on the server. If you entered the URL manually please check your spelling and try again.
INFO:werkzeug:127.0.0.1 - - [04/Dec/2019 12:06:57] "GET /auth/static/assets/js/plugins/chartist.min.js HTTP/1.1" 404 -
ERROR:app:404 Not Found: The requested URL was not found on the server. If you entered the URL manually please check your spelling and try again.
INFO:werkzeug:127.0.0.1 - - [04/Dec/2019 12:06:57] "GET /auth/static/assets/js/plugins/bootstrap-notify.js HTTP/1.1" 404 -
ERROR:app:404 Not Found: The requested URL was not found on the server. If you entered the URL manually please check your spelling and try again.
INFO:werkzeug:127.0.0.1 - - [04/Dec/2019 12:06:57] "GET /auth/static/assets/js/material-dashboard.js?v=2.1.1 HTTP/1.1" 404 -
DEBUG:urllib3.connectionpool:Starting new HTTPS connection (1): kapi.kakao.com:443
DEBUG:urllib3.connectionpool:https://kapi.kakao.com:443 "POST /v1/user/logout HTTP/1.1" 200 17
INFO:werkzeug:127.0.0.1 - - [04/Dec/2019 12:09:36] "GET /auth/logout HTTP/1.1" 302 -
INFO:werkzeug:127.0.0.1 - - [04/Dec/2019 12:09:36] "GET / HTTP/1.1" 200 -
INFO:werkzeug: * Restarting with stat
WARNING:werkzeug: * Debugger is active!
INFO:werkzeug: * Debugger PIN: 102-983-749
INFO:werkzeug: * Running on http://localhost:8000/ (Press CTRL+C to quit)
INFO:werkzeug:127.0.0.1 - - [09/Dec/2019 23:11:11] "GET / HTTP/1.1" 200 -
INFO:werkzeug:127.0.0.1 - - [09/Dec/2019 23:11:11] "GET /static/assets/css/material-dashboard.css HTTP/1.1" 200 -
INFO:werkzeug:127.0.0.1 - - [09/Dec/2019 23:11:11] "GET /static/assets/js/core/jquery.min.js HTTP/1.1" 200 -
INFO:werkzeug:127.0.0.1 - - [09/Dec/2019 23:11:11] "GET /static/assets/js/core/bootstrap-material-design.min.js HTTP/1.1" 200 -
INFO:werkzeug:127.0.0.1 - - [09/Dec/2019 23:11:11] "GET /static/assets/js/plugins/bootstrap-notify.js HTTP/1.1" 200 -
INFO:werkzeug:127.0.0.1 - - [09/Dec/2019 23:11:11] "GET /static/assets/js/plugins/perfect-scrollbar.jquery.min.js HTTP/1.1" 200 -
INFO:werkzeug:127.0.0.1 - - [09/Dec/2019 23:11:11] "GET /static/assets/js/plugins/chartist.min.js HTTP/1.1" 200 -
INFO:werkzeug:127.0.0.1 - - [09/Dec/2019 23:11:11] "GET /static/assets/js/core/popper.min.js HTTP/1.1" 200 -
INFO:werkzeug:127.0.0.1 - - [09/Dec/2019 23:11:11] "GET /static/assets/js/material-dashboard.js?v=2.1.1 HTTP/1.1" 200 -
DEBUG:urllib3.connectionpool:Starting new HTTPS connection (1): dapi.kakao.com:443
DEBUG:urllib3.connectionpool:https://dapi.kakao.com:443 "GET /v2/search/image?query=%EB%96%BC%EA%BB%84%EB%A3%A9 HTTP/1.1" 200 None
INFO:werkzeug:127.0.0.1 - - [09/Dec/2019 23:11:14] "GET /menu/images HTTP/1.1" 200 -
ERROR:app:404 Not Found: The requested URL was not found on the server. If you entered the URL manually please check your spelling and try again.
ERROR:app:404 Not Found: The requested URL was not found on the server. If you entered the URL manually please check your spelling and try again.
INFO:werkzeug:127.0.0.1 - - [09/Dec/2019 23:11:14] "GET /menu/static/assets/js/core/jquery.min.js HTTP/1.1" 404 -
INFO:werkzeug:127.0.0.1 - - [09/Dec/2019 23:11:14] "GET /menu/static/assets/js/core/popper.min.js HTTP/1.1" 404 -
ERROR:app:404 Not Found: The requested URL was not found on the server. If you entered the URL manually please check your spelling and try again.
ERROR:app:404 Not Found: The requested URL was not found on the server. If you entered the URL manually please check your spelling and try again.
INFO:werkzeug:127.0.0.1 - - [09/Dec/2019 23:11:15] "GET /menu/static/assets/js/core/bootstrap-material-design.min.js HTTP/1.1" 404 -
ERROR:app:404 Not Found: The requested URL was not found on the server. If you entered the URL manually please check your spelling and try again.
INFO:werkzeug:127.0.0.1 - - [09/Dec/2019 23:11:15] "GET /menu/static/assets/js/plugins/perfect-scrollbar.jquery.min.js HTTP/1.1" 404 -
INFO:werkzeug:127.0.0.1 - - [09/Dec/2019 23:11:15] "GET /menu/static/assets/js/plugins/chartist.min.js HTTP/1.1" 404 -
ERROR:app:404 Not Found: The requested URL was not found on the server. If you entered the URL manually please check your spelling and try again.
ERROR:app:404 Not Found: The requested URL was not found on the server. If you entered the URL manually please check your spelling and try again.
INFO:werkzeug:127.0.0.1 - - [09/Dec/2019 23:11:15] "GET /menu/static/assets/js/plugins/bootstrap-notify.js HTTP/1.1" 404 -
INFO:werkzeug:127.0.0.1 - - [09/Dec/2019 23:11:15] "GET /menu/static/assets/js/material-dashboard.js?v=2.1.1 HTTP/1.1" 404 -
DEBUG:urllib3.connectionpool:Starting new HTTPS connection (1): dapi.kakao.com:443
DEBUG:urllib3.connectionpool:https://dapi.kakao.com:443 "GET /v3/search/book?target=title&query=%EB%AF%B8%EC%9B%80%EB%B0%9B%EC%9D%84%20%EC%9A%A9%EA%B8%B0 HTTP/1.1" 200 None
INFO:werkzeug:127.0.0.1 - - [09/Dec/2019 23:11:17] "GET /menu/books HTTP/1.1" 200 -
ERROR:app:404 Not Found: The requested URL was not found on the server. If you entered the URL manually please check your spelling and try again.
INFO:werkzeug:127.0.0.1 - - [09/Dec/2019 23:11:17] "GET /menu/static/assets/js/core/jquery.min.js HTTP/1.1" 404 -
ERROR:app:404 Not Found: The requested URL was not found on the server. If you entered the URL manually please check your spelling and try again.
INFO:werkzeug:127.0.0.1 - - [09/Dec/2019 23:11:17] "GET /menu/static/assets/js/core/bootstrap-material-design.min.js HTTP/1.1" 404 -
ERROR:app:404 Not Found: The requested URL was not found on the server. If you entered the URL manually please check your spelling and try again.
ERROR:app:404 Not Found: The requested URL was not found on the server. If you entered the URL manually please check your spelling and try again.
INFO:werkzeug:127.0.0.1 - - [09/Dec/2019 23:11:17] "GET /menu/static/assets/js/plugins/perfect-scrollbar.jquery.min.js HTTP/1.1" 404 -
ERROR:app:404 Not Found: The requested URL was not found on the server. If you entered the URL manually please check your spelling and try again.
INFO:werkzeug:127.0.0.1 - - [09/Dec/2019 23:11:17] "GET /menu/static/assets/js/core/popper.min.js HTTP/1.1" 404 -
ERROR:app:404 Not Found: The requested URL was not found on the server. If you entered the URL manually please check your spelling and try again.
INFO:werkzeug:127.0.0.1 - - [09/Dec/2019 23:11:17] "GET /menu/static/assets/js/plugins/chartist.min.js HTTP/1.1" 404 -
INFO:werkzeug:127.0.0.1 - - [09/Dec/2019 23:11:17] "GET /menu/static/assets/js/plugins/bootstrap-notify.js HTTP/1.1" 404 -
ERROR:app:404 Not Found: The requested URL was not found on the server. If you entered the URL manually please check your spelling and try again.
INFO:werkzeug:127.0.0.1 - - [09/Dec/2019 23:11:17] "GET /menu/static/assets/js/material-dashboard.js?v=2.1.1 HTTP/1.1" 404 -
ERROR:app:404 Not Found: The requested URL was not found on the server. If you entered the URL manually please check your spelling and try again.
INFO:werkzeug:127.0.0.1 - - [09/Dec/2019 23:11:17] "GET /menu/static/assets/js/core/bootstrap-material-design.min.js HTTP/1.1" 404 -
ERROR:app:404 Not Found: The requested URL was not found on the server. If you entered the URL manually please check your spelling and try again.
INFO:werkzeug:127.0.0.1 - - [09/Dec/2019 23:11:18] "GET /menu/static/assets/js/plugins/perfect-scrollbar.jquery.min.js HTTP/1.1" 404 -
ERROR:app:404 Not Found: The requested URL was not found on the server. If you entered the URL manually please check your spelling and try again.
INFO:werkzeug:127.0.0.1 - - [09/Dec/2019 23:11:18] "GET /menu/static/assets/js/plugins/chartist.min.js HTTP/1.1" 404 -
ERROR:app:404 Not Found: The requested URL was not found on the server. If you entered the URL manually please check your spelling and try again.
INFO:werkzeug:127.0.0.1 - - [09/Dec/2019 23:11:18] "GET /menu/static/assets/js/plugins/bootstrap-notify.js HTTP/1.1" 404 -
ERROR:app:404 Not Found: The requested URL was not found on the server. If you entered the URL manually please check your spelling and try again.
INFO:werkzeug:127.0.0.1 - - [09/Dec/2019 23:11:18] "GET /menu/static/assets/js/material-dashboard.js?v=2.1.1 HTTP/1.1" 404 -
INFO:werkzeug:127.0.0.1 - - [09/Dec/2019 23:11:23] "GET / HTTP/1.1" 200 -
INFO:werkzeug: * Restarting with stat
WARNING:werkzeug: * Debugger is active!
INFO:werkzeug: * Debugger PIN: 102-983-749
INFO:werkzeug: * Running on http://localhost:8000/ (Press CTRL+C to quit)
INFO:werkzeug:127.0.0.1 - - [09/Dec/2019 23:15:37] "GET / HTTP/1.1" 200 -
INFO:werkzeug:127.0.0.1 - - [09/Dec/2019 23:15:40] "GET / HTTP/1.1" 200 -
DEBUG:urllib3.connectionpool:Starting new HTTPS connection (1): dapi.kakao.com:443
DEBUG:urllib3.connectionpool:https://dapi.kakao.com:443 "GET /v2/search/image?query=%EB%96%BC%EA%BB%84%EB%A3%A9 HTTP/1.1" 200 None
INFO:werkzeug:127.0.0.1 - - [09/Dec/2019 23:15:45] "GET /menu/images HTTP/1.1" 200 -
ERROR:app:404 Not Found: The requested URL was not found on the server. If you entered the URL manually please check your spelling and try again.
INFO:werkzeug:127.0.0.1 - - [09/Dec/2019 23:15:46] "GET /menu/static/assets/js/core/jquery.min.js HTTP/1.1" 404 -
ERROR:app:404 Not Found: The requested URL was not found on the server. If you entered the URL manually please check your spelling and try again.
INFO:werkzeug:127.0.0.1 - - [09/Dec/2019 23:15:46] "GET /menu/static/assets/js/core/popper.min.js HTTP/1.1" 404 -
ERROR:app:404 Not Found: The requested URL was not found on the server. If you entered the URL manually please check your spelling and try again.
ERROR:app:404 Not Found: The requested URL was not found on the server. If you entered the URL manually please check your spelling and try again.
INFO:werkzeug:127.0.0.1 - - [09/Dec/2019 23:15:46] "GET /menu/static/assets/js/core/bootstrap-material-design.min.js HTTP/1.1" 404 -
ERROR:app:404 Not Found: The requested URL was not found on the server. If you entered the URL manually please check your spelling and try again.
INFO:werkzeug:127.0.0.1 - - [09/Dec/2019 23:15:46] "GET /menu/static/assets/js/plugins/perfect-scrollbar.jquery.min.js HTTP/1.1" 404 -
INFO:werkzeug:127.0.0.1 - - [09/Dec/2019 23:15:46] "GET /menu/static/assets/js/plugins/chartist.min.js HTTP/1.1" 404 -
ERROR:app:404 Not Found: The requested URL was not found on the server. If you entered the URL manually please check your spelling and try again.
INFO:werkzeug:127.0.0.1 - - [09/Dec/2019 23:15:46] "GET /menu/static/assets/js/plugins/bootstrap-notify.js HTTP/1.1" 404 -
ERROR:app:404 Not Found: The requested URL was not found on the server. If you entered the URL manually please check your spelling and try again.
INFO:werkzeug:127.0.0.1 - - [09/Dec/2019 23:15:46] "GET /menu/static/assets/js/material-dashboard.js?v=2.1.1 HTTP/1.1" 404 -
DEBUG:urllib3.connectionpool:Starting new HTTPS connection (1): dapi.kakao.com:443
DEBUG:urllib3.connectionpool:https://dapi.kakao.com:443 "GET /v3/search/book?target=title&query=%EB%AF%B8%EC%9B%80%EB%B0%9B%EC%9D%84%20%EC%9A%A9%EA%B8%B0 HTTP/1.1" 200 None
INFO:werkzeug:127.0.0.1 - - [09/Dec/2019 23:15:47] "GET /menu/books HTTP/1.1" 200 -
ERROR:app:404 Not Found: The requested URL was not found on the server. If you entered the URL manually please check your spelling and try again.
INFO:werkzeug:127.0.0.1 - - [09/Dec/2019 23:15:47] "GET /menu/static/assets/js/core/jquery.min.js HTTP/1.1" 404 -
ERROR:app:404 Not Found: The requested URL was not found on the server. If you entered the URL manually please check your spelling and try again.
INFO:werkzeug:127.0.0.1 - - [09/Dec/2019 23:15:47] "GET /menu/static/assets/js/core/popper.min.js HTTP/1.1" 404 -
ERROR:app:404 Not Found: The requested URL was not found on the server. If you entered the URL manually please check your spelling and try again.
ERROR:app:404 Not Found: The requested URL was not found on the server. If you entered the URL manually please check your spelling and try again.
INFO:werkzeug:127.0.0.1 - - [09/Dec/2019 23:15:48] "GET /menu/static/assets/js/core/bootstrap-material-design.min.js HTTP/1.1" 404 -
ERROR:app:404 Not Found: The requested URL was not found on the server. If you entered the URL manually please check your spelling and try again.
INFO:werkzeug:127.0.0.1 - - [09/Dec/2019 23:15:48] "GET /menu/static/assets/js/plugins/perfect-scrollbar.jquery.min.js HTTP/1.1" 404 -
ERROR:app:404 Not Found: The requested URL was not found on the server. If you entered the URL manually please check your spelling and try again.
INFO:werkzeug:127.0.0.1 - - [09/Dec/2019 23:15:48] "GET /menu/static/assets/js/plugins/chartist.min.js HTTP/1.1" 404 -
INFO:werkzeug:127.0.0.1 - - [09/Dec/2019 23:15:48] "GET /menu/static/assets/js/plugins/bootstrap-notify.js HTTP/1.1" 404 -
ERROR:app:404 Not Found: The requested URL was not found on the server. If you entered the URL manually please check your spelling and try again.
INFO:werkzeug:127.0.0.1 - - [09/Dec/2019 23:15:48] "GET /menu/static/assets/js/material-dashboard.js?v=2.1.1 HTTP/1.1" 404 -
INFO:werkzeug:127.0.0.1 - - [09/Dec/2019 23:15:49] "GET / HTTP/1.1" 200 -
INFO:werkzeug:127.0.0.1 - - [09/Dec/2019 23:16:36] "GET /auth/login HTTP/1.1" 200 -
ERROR:app:404 Not Found: The requested URL was not found on the server. If you entered the URL manually please check your spelling and try again.
INFO:werkzeug:127.0.0.1 - - [09/Dec/2019 23:16:36] "GET /auth/static/assets/js/core/jquery.min.js HTTP/1.1" 404 -
ERROR:app:404 Not Found: The requested URL was not found on the server. If you entered the URL manually please check your spelling and try again.
INFO:werkzeug:127.0.0.1 - - [09/Dec/2019 23:16:36] "GET /auth/static/assets/js/core/popper.min.js HTTP/1.1" 404 -
ERROR:app:404 Not Found: The requested URL was not found on the server. If you entered the URL manually please check your spelling and try again.
ERROR:app:404 Not Found: The requested URL was not found on the server. If you entered the URL manually please check your spelling and try again.
ERROR:app:404 Not Found: The requested URL was not found on the server. If you entered the URL manually please check your spelling and try again.
INFO:werkzeug:127.0.0.1 - - [09/Dec/2019 23:16:36] "GET /auth/static/assets/js/core/bootstrap-material-design.min.js HTTP/1.1" 404 -
ERROR:app:404 Not Found: The requested URL was not found on the server. If you entered the URL manually please check your spelling and try again.
INFO:werkzeug:127.0.0.1 - - [09/Dec/2019 23:16:36] "GET /auth/static/assets/js/plugins/perfect-scrollbar.jquery.min.js HTTP/1.1" 404 -
INFO:werkzeug:127.0.0.1 - - [09/Dec/2019 23:16:36] "GET /auth/static/assets/js/plugins/chartist.min.js HTTP/1.1" 404 -
INFO:werkzeug:127.0.0.1 - - [09/Dec/2019 23:16:36] "GET /auth/static/assets/js/plugins/bootstrap-notify.js HTTP/1.1" 404 -
ERROR:app:404 Not Found: The requested URL was not found on the server. If you entered the URL manually please check your spelling and try again.
INFO:werkzeug:127.0.0.1 - - [09/Dec/2019 23:16:36] "GET /auth/static/assets/js/material-dashboard.js?v=2.1.1 HTTP/1.1" 404 -
INFO:werkzeug:127.0.0.1 - - [09/Dec/2019 23:16:36] "GET /static/images/kakao_account_login_btn_medium_narrow.png HTTP/1.1" 200 -
DEBUG:urllib3.connectionpool:Starting new HTTPS connection (1): kauth.kakao.com:443
DEBUG:urllib3.connectionpool:https://kauth.kakao.com:443 "POST /oauth/token HTTP/1.1" 200 None
DEBUG:urllib3.connectionpool:Starting new HTTPS connection (1): kapi.kakao.com:443
DEBUG:urllib3.connectionpool:https://kapi.kakao.com:443 "POST /v1/user/me HTTP/1.1" 200 327
INFO:werkzeug:127.0.0.1 - - [09/Dec/2019 23:16:48] "GET /auth/kakao_oauth_redirect?code=mkmSMxSjM5dOS8nOvgdiYwLNMwT6l9_rRdQJF1XAtbNVrjOhnSwU9gLLIvaY-5oBi7JBago9dVwAAAFu6wUJ3A HTTP/1.1" 302 -
INFO:werkzeug:127.0.0.1 - - [09/Dec/2019 23:16:48] "GET / HTTP/1.1" 200 -
INFO:werkzeug:127.0.0.1 - - [09/Dec/2019 23:16:54] "GET /auth/my_page HTTP/1.1" 200 -
ERROR:app:404 Not Found: The requested URL was not found on the server. If you entered the URL manually please check your spelling and try again.
INFO:werkzeug:127.0.0.1 - - [09/Dec/2019 23:16:54] "GET /auth/static/assets/js/core/jquery.min.js HTTP/1.1" 404 -
ERROR:app:404 Not Found: The requested URL was not found on the server. If you entered the URL manually please check your spelling and try again.
INFO:werkzeug:127.0.0.1 - - [09/Dec/2019 23:16:54] "GET /auth/static/assets/js/core/popper.min.js HTTP/1.1" 404 -
ERROR:app:404 Not Found: The requested URL was not found on the server. If you entered the URL manually please check your spelling and try again.
ERROR:app:404 Not Found: The requested URL was not found on the server. If you entered the URL manually please check your spelling and try again.
INFO:werkzeug:127.0.0.1 - - [09/Dec/2019 23:16:54] "GET /auth/static/assets/js/core/bootstrap-material-design.min.js HTTP/1.1" 404 -
INFO:werkzeug:127.0.0.1 - - [09/Dec/2019 23:16:54] "GET /auth/static/assets/js/plugins/perfect-scrollbar.jquery.min.js HTTP/1.1" 404 -
ERROR:app:404 Not Found: The requested URL was not found on the server. If you entered the URL manually please check your spelling and try again.
INFO:werkzeug:127.0.0.1 - - [09/Dec/2019 23:16:54] "GET /auth/static/assets/js/plugins/chartist.min.js HTTP/1.1" 404 -
ERROR:app:404 Not Found: The requested URL was not found on the server. If you entered the URL manually please check your spelling and try again.
INFO:werkzeug:127.0.0.1 - - [09/Dec/2019 23:16:54] "GET /auth/static/assets/js/plugins/bootstrap-notify.js HTTP/1.1" 404 -
ERROR:app:404 Not Found: The requested URL was not found on the server. If you entered the URL manually please check your spelling and try again.
INFO:werkzeug:127.0.0.1 - - [09/Dec/2019 23:16:54] "GET /auth/static/assets/js/material-dashboard.js?v=2.1.1 HTTP/1.1" 404 -
DEBUG:urllib3.connectionpool:Starting new HTTPS connection (1): kapi.kakao.com:443
DEBUG:urllib3.connectionpool:https://kapi.kakao.com:443 "POST /v1/user/logout HTTP/1.1" 200 17
INFO:werkzeug:127.0.0.1 - - [09/Dec/2019 23:17:17] "GET /auth/logout HTTP/1.1" 302 -
INFO:werkzeug:127.0.0.1 - - [09/Dec/2019 23:17:17] "GET / HTTP/1.1" 200 -
DEBUG:urllib3.connectionpool:Starting new HTTPS connection (1): dapi.kakao.com:443
DEBUG:urllib3.connectionpool:https://dapi.kakao.com:443 "GET /v2/search/image?query=%EB%96%BC%EA%BB%84%EB%A3%A9 HTTP/1.1" 200 None
INFO:werkzeug:127.0.0.1 - - [09/Dec/2019 23:22:01] "GET /menu/images HTTP/1.1" 200 -
ERROR:app:404 Not Found: The requested URL was not found on the server. If you entered the URL manually please check your spelling and try again.
INFO:werkzeug:127.0.0.1 - - [09/Dec/2019 23:22:01] "GET /menu/static/assets/js/core/jquery.min.js HTTP/1.1" 404 -
ERROR:app:404 Not Found: The requested URL was not found on the server. If you entered the URL manually please check your spelling and try again.
INFO:werkzeug:127.0.0.1 - - [09/Dec/2019 23:22:01] "GET /menu/static/assets/js/core/bootstrap-material-design.min.js HTTP/1.1" 404 -
ERROR:app:404 Not Found: The requested URL was not found on the server. If you entered the URL manually please check your spelling and try again.
INFO:werkzeug:127.0.0.1 - - [09/Dec/2019 23:22:01] "GET /menu/static/assets/js/core/popper.min.js HTTP/1.1" 404 -
ERROR:app:404 Not Found: The requested URL was not found on the server. If you entered the URL manually please check your spelling and try again.
INFO:werkzeug:127.0.0.1 - - [09/Dec/2019 23:22:01] "GET /menu/static/assets/js/plugins/perfect-scrollbar.jquery.min.js HTTP/1.1" 404 -
ERROR:app:404 Not Found: The requested URL was not found on the server. If you entered the URL manually please check your spelling and try again.
INFO:werkzeug:127.0.0.1 - - [09/Dec/2019 23:22:01] "GET /menu/static/assets/js/plugins/chartist.min.js HTTP/1.1" 404 -
ERROR:app:404 Not Found: The requested URL was not found on the server. If you entered the URL manually please check your spelling and try again.
INFO:werkzeug:127.0.0.1 - - [09/Dec/2019 23:22:01] "GET /menu/static/assets/js/plugins/bootstrap-notify.js HTTP/1.1" 404 -
ERROR:app:404 Not Found: The requested URL was not found on the server. If you entered the URL manually please check your spelling and try again.
INFO:werkzeug:127.0.0.1 - - [09/Dec/2019 23:22:01] "GET /menu/static/assets/js/material-dashboard.js?v=2.1.1 HTTP/1.1" 404 -
ERROR:app:404 Not Found: The requested URL was not found on the server. If you entered the URL manually please check your spelling and try again.
INFO:werkzeug:127.0.0.1 - - [09/Dec/2019 23:22:01] "GET /menu/static/assets/js/core/bootstrap-material-design.min.js HTTP/1.1" 404 -
ERROR:app:404 Not Found: The requested URL was not found on the server. If you entered the URL manually please check your spelling and try again.
INFO:werkzeug:127.0.0.1 - - [09/Dec/2019 23:22:02] "GET /menu/static/assets/js/plugins/perfect-scrollbar.jquery.min.js HTTP/1.1" 404 -
ERROR:app:404 Not Found: The requested URL was not found on the server. If you entered the URL manually please check your spelling and try again.
INFO:werkzeug:127.0.0.1 - - [09/Dec/2019 23:22:02] "GET /menu/static/assets/js/plugins/chartist.min.js HTTP/1.1" 404 -
ERROR:app:404 Not Found: The requested URL was not found on the server. If you entered the URL manually please check your spelling and try again.
INFO:werkzeug:127.0.0.1 - - [09/Dec/2019 23:22:02] "GET /menu/static/assets/js/plugins/bootstrap-notify.js HTTP/1.1" 404 -
ERROR:app:404 Not Found: The requested URL was not found on the server. If you entered the URL manually please check your spelling and try again.
INFO:werkzeug:127.0.0.1 - - [09/Dec/2019 23:22:02] "GET /menu/static/assets/js/material-dashboard.js?v=2.1.1 HTTP/1.1" 404 -
ERROR:app:404 Not Found: The requested URL was not found on the server. If you entered the URL manually please check your spelling and try again.
INFO:werkzeug:127.0.0.1 - - [09/Dec/2019 23:33:50] "GET /menu HTTP/1.1" 404 -
INFO:werkzeug: * Detected change in 'C:\\Users\\kimsc\\PycharmProjects\\TermProject\\views\\menus.py', reloading
INFO:werkzeug: * Restarting with stat
WARNING:werkzeug: * Debugger is active!
INFO:werkzeug: * Debugger PIN: 102-983-749
INFO:werkzeug: * Running on http://localhost:8000/ (Press CTRL+C to quit)
INFO:werkzeug:127.0.0.1 - - [09/Dec/2019 23:34:12] "GET /menu HTTP/1.1" 308 -
INFO:werkzeug:127.0.0.1 - - [09/Dec/2019 23:34:12] "GET /menu/ HTTP/1.1" 200 -
INFO:werkzeug: * Detected change in 'C:\\Users\\kimsc\\PycharmProjects\\TermProject\\app.py', reloading
INFO:werkzeug: * Restarting with stat
WARNING:werkzeug: * Debugger is active!
INFO:werkzeug: * Debugger PIN: 102-983-749
INFO:werkzeug: * Running on http://localhost:8000/ (Press CTRL+C to quit)
INFO:werkzeug: * Detected change in 'C:\\Users\\kimsc\\PycharmProjects\\TermProject\\views\\api.py', reloading
INFO:werkzeug: * Restarting with stat
WARNING:werkzeug: * Debugger is active!
INFO:werkzeug: * Debugger PIN: 102-983-749
INFO:werkzeug: * Running on http://localhost:8000/ (Press CTRL+C to quit)
INFO:werkzeug: * Detected change in 'C:\\Users\\kimsc\\PycharmProjects\\TermProject\\views\\api.py', reloading
INFO:werkzeug: * Restarting with stat
WARNING:werkzeug: * Debugger is active!
INFO:werkzeug: * Debugger PIN: 102-983-749
INFO:werkzeug: * Running on http://localhost:8000/ (Press CTRL+C to quit)
INFO:werkzeug: * Detected change in 'C:\\Users\\kimsc\\PycharmProjects\\TermProject\\views\\api.py', reloading
INFO:werkzeug: * Restarting with stat
WARNING:werkzeug: * Debugger is active!
INFO:werkzeug: * Debugger PIN: 102-983-749
INFO:werkzeug: * Running on http://localhost:8000/ (Press CTRL+C to quit)
INFO:werkzeug: * Detected change in 'C:\\Users\\kimsc\\PycharmProjects\\TermProject\\views\\api.py', reloading
INFO:werkzeug: * Restarting with stat
WARNING:werkzeug: * Debugger is active!
INFO:werkzeug: * Debugger PIN: 102-983-749
INFO:werkzeug: * Running on http://localhost:8000/ (Press CTRL+C to quit)
INFO:werkzeug: * Detected change in 'C:\\Users\\kimsc\\PycharmProjects\\TermProject\\views\\api.py', reloading
INFO:werkzeug: * Restarting with stat
WARNING:werkzeug: * Debugger is active!
INFO:werkzeug: * Debugger PIN: 102-983-749
INFO:werkzeug: * Running on http://localhost:8000/ (Press CTRL+C to quit)
INFO:werkzeug: * Detected change in 'C:\\Users\\kimsc\\PycharmProjects\\TermProject\\views\\api.py', reloading
INFO:werkzeug: * Restarting with stat
WARNING:werkzeug: * Debugger is active!
INFO:werkzeug: * Debugger PIN: 102-983-749
INFO:werkzeug: * Running on http://localhost:8000/ (Press CTRL+C to quit)
INFO:werkzeug: * Detected change in 'C:\\Users\\kimsc\\PycharmProjects\\TermProject\\views\\api.py', reloading
INFO:werkzeug: * Restarting with stat
WARNING:werkzeug: * Debugger is active!
INFO:werkzeug: * Debugger PIN: 102-983-749
INFO:werkzeug: * Running on http://localhost:8000/ (Press CTRL+C to quit)
INFO:werkzeug: * Detected change in 'C:\\Users\\kimsc\\PycharmProjects\\TermProject\\views\\api.py', reloading
INFO:werkzeug: * Restarting with stat
WARNING:werkzeug: * Debugger is active!
INFO:werkzeug: * Debugger PIN: 102-983-749
INFO:werkzeug: * Running on http://localhost:8000/ (Press CTRL+C to quit)
INFO:werkzeug: * Detected change in 'C:\\Users\\kimsc\\PycharmProjects\\TermProject\\views\\api.py', reloading
INFO:werkzeug: * Restarting with stat
WARNING:werkzeug: * Debugger is active!
INFO:werkzeug: * Debugger PIN: 102-983-749
INFO:werkzeug: * Running on http://localhost:8000/ (Press CTRL+C to quit)
INFO:werkzeug: * Detected change in 'C:\\Users\\kimsc\\PycharmProjects\\TermProject\\views\\api.py', reloading
INFO:werkzeug: * Restarting with stat
WARNING:werkzeug: * Debugger is active!
INFO:werkzeug: * Debugger PIN: 102-983-749
INFO:werkzeug: * Running on http://localhost:8000/ (Press CTRL+C to quit)
INFO:werkzeug: * Detected change in 'C:\\Users\\kimsc\\PycharmProjects\\TermProject\\views\\api.py', reloading
INFO:werkzeug: * Restarting with stat
WARNING:werkzeug: * Debugger is active!
INFO:werkzeug: * Debugger PIN: 102-983-749
INFO:werkzeug: * Running on http://localhost:8000/ (Press CTRL+C to quit)
INFO:werkzeug: * Detected change in 'C:\\Users\\kimsc\\PycharmProjects\\TermProject\\views\\api.py', reloading
INFO:werkzeug: * Restarting with stat
WARNING:werkzeug: * Debugger is active!
INFO:werkzeug: * Debugger PIN: 102-983-749
INFO:werkzeug: * Running on http://localhost:8000/ (Press CTRL+C to quit)
INFO:werkzeug: * Detected change in 'C:\\Users\\kimsc\\PycharmProjects\\TermProject\\views\\api.py', reloading
INFO:werkzeug: * Restarting with stat
WARNING:werkzeug: * Debugger is active!
INFO:werkzeug: * Debugger PIN: 102-983-749
INFO:werkzeug: * Running on http://localhost:8000/ (Press CTRL+C to quit)
INFO:werkzeug: * Detected change in 'C:\\Users\\kimsc\\PycharmProjects\\TermProject\\views\\api.py', reloading
INFO:werkzeug: * Restarting with stat
WARNING:werkzeug: * Debugger is active!
INFO:werkzeug: * Debugger PIN: 102-983-749
INFO:werkzeug: * Running on http://localhost:8000/ (Press CTRL+C to quit)
INFO:werkzeug: * Detected change in 'C:\\Users\\kimsc\\PycharmProjects\\TermProject\\views\\api.py', reloading
INFO:werkzeug: * Restarting with stat
WARNING:werkzeug: * Debugger is active!
INFO:werkzeug: * Debugger PIN: 102-983-749
INFO:werkzeug: * Running on http://localhost:8000/ (Press CTRL+C to quit)
INFO:werkzeug: * Detected change in 'C:\\Users\\kimsc\\PycharmProjects\\TermProject\\views\\api.py', reloading
INFO:werkzeug: * Restarting with stat
WARNING:werkzeug: * Debugger is active!
INFO:werkzeug: * Debugger PIN: 102-983-749
INFO:werkzeug: * Running on http://localhost:8000/ (Press CTRL+C to quit)
INFO:werkzeug: * Detected change in 'C:\\Users\\kimsc\\PycharmProjects\\TermProject\\views\\api.py', reloading
INFO:werkzeug: * Restarting with stat
WARNING:werkzeug: * Debugger is active!
INFO:werkzeug: * Debugger PIN: 102-983-749
INFO:werkzeug: * Running on http://localhost:8000/ (Press CTRL+C to quit)
INFO:werkzeug: * Detected change in 'C:\\Users\\kimsc\\PycharmProjects\\TermProject\\views\\api.py', reloading
INFO:werkzeug: * Restarting with stat
WARNING:werkzeug: * Debugger is active!
INFO:werkzeug: * Debugger PIN: 102-983-749
INFO:werkzeug: * Running on http://localhost:8000/ (Press CTRL+C to quit)
INFO:werkzeug: * Detected change in 'C:\\Users\\kimsc\\PycharmProjects\\TermProject\\views\\api.py', reloading
INFO:werkzeug: * Restarting with stat
WARNING:werkzeug: * Debugger is active!
INFO:werkzeug: * Debugger PIN: 102-983-749
INFO:werkzeug: * Running on http://localhost:8000/ (Press CTRL+C to quit)
INFO:werkzeug: * Detected change in 'C:\\Users\\kimsc\\PycharmProjects\\TermProject\\views\\api.py', reloading
INFO:werkzeug: * Restarting with stat
WARNING:werkzeug: * Debugger is active!
INFO:werkzeug: * Debugger PIN: 102-983-749
INFO:werkzeug: * Running on http://localhost:8000/ (Press CTRL+C to quit)
INFO:werkzeug: * Detected change in 'C:\\Users\\kimsc\\PycharmProjects\\TermProject\\views\\api.py', reloading
INFO:werkzeug: * Restarting with stat
WARNING:werkzeug: * Debugger is active!
INFO:werkzeug: * Debugger PIN: 102-983-749
INFO:werkzeug: * Running on http://localhost:8000/ (Press CTRL+C to quit)
INFO:werkzeug: * Detected change in 'C:\\Users\\kimsc\\PycharmProjects\\TermProject\\views\\api.py', reloading
INFO:werkzeug: * Restarting with stat
WARNING:werkzeug: * Debugger is active!
INFO:werkzeug: * Debugger PIN: 102-983-749
INFO:werkzeug: * Running on http://localhost:8000/ (Press CTRL+C to quit)
INFO:werkzeug: * Detected change in 'C:\\Users\\kimsc\\PycharmProjects\\TermProject\\views\\api.py', reloading
INFO:werkzeug: * Restarting with stat
WARNING:werkzeug: * Debugger is active!
INFO:werkzeug: * Debugger PIN: 102-983-749
INFO:werkzeug: * Running on http://localhost:8000/ (Press CTRL+C to quit)
INFO:werkzeug: * Detected change in 'C:\\Users\\kimsc\\PycharmProjects\\TermProject\\views\\api.py', reloading
INFO:werkzeug: * Restarting with stat
INFO:werkzeug: * Restarting with stat
WARNING:werkzeug: * Debugger is active!
INFO:werkzeug: * Debugger PIN: 102-983-749
INFO:werkzeug: * Running on http://localhost:8000/ (Press CTRL+C to quit)
INFO:werkzeug:127.0.0.1 - - [10/Dec/2019 01:36:16] "GET / HTTP/1.1" 200 -
INFO:werkzeug:127.0.0.1 - - [10/Dec/2019 01:36:18] "GET /api HTTP/1.1" 308 -
DEBUG:urllib3.connectionpool:Starting new HTTP connection (1): apis.data.go.kr:80
DEBUG:urllib3.connectionpool:http://apis.data.go.kr:80 "GET /1320000/LostGoodsInfoInqireService/getLostGoodsInfoAccTpNmCstdyPlace?ServiceKey=%2FRpRLYKrjEbwdsYlZgkvuKZW9wgTRfDhE%2BZyDgf4MzD5OcH5%2Fx92rEl1NDzjnqrHxhcYI1WUjvRfK8n86aSNaw%3D%3D&LST_PLACE=&LST_PRDT_NM=%EC%A7%80%EA%B0%91&pageNo=1&numOfRows=10 HTTP/1.1" 200 976
INFO:werkzeug:127.0.0.1 - - [10/Dec/2019 01:36:23] "GET /api/ HTTP/1.1" 500 -
INFO:werkzeug:127.0.0.1 - - [10/Dec/2019 01:36:24] "GET /api/?__debugger__=yes&cmd=resource&f=debugger.js HTTP/1.1" 200 -
INFO:werkzeug:127.0.0.1 - - [10/Dec/2019 01:36:24] "GET /api/?__debugger__=yes&cmd=resource&f=style.css HTTP/1.1" 200 -
INFO:werkzeug:127.0.0.1 - - [10/Dec/2019 01:36:24] "GET /api/?__debugger__=yes&cmd=resource&f=jquery.js HTTP/1.1" 200 -
INFO:werkzeug:127.0.0.1 - - [10/Dec/2019 01:36:24] "GET /api/?__debugger__=yes&cmd=resource&f=ubuntu.ttf HTTP/1.1" 200 -
INFO:werkzeug:127.0.0.1 - - [10/Dec/2019 01:36:24] "GET /api/?__debugger__=yes&cmd=resource&f=console.png HTTP/1.1" 200 -
INFO:werkzeug:127.0.0.1 - - [10/Dec/2019 01:36:24] "GET /api/?__debugger__=yes&cmd=resource&f=console.png HTTP/1.1" 200 -
INFO:werkzeug: * Restarting with stat
WARNING:werkzeug: * Debugger is active!
INFO:werkzeug: * Debugger PIN: 102-983-749
INFO:werkzeug: * Running on http://localhost:8000/ (Press CTRL+C to quit)
DEBUG:urllib3.connectionpool:Starting new HTTP connection (1): apis.data.go.kr:80
DEBUG:urllib3.connectionpool:http://apis.data.go.kr:80 "GET /1320000/LostGoodsInfoInqireService/getLostGoodsInfoAccTpNmCstdyPlace?ServiceKey=%2FRpRLYKrjEbwdsYlZgkvuKZW9wgTRfDhE%2BZyDgf4MzD5OcH5%2Fx92rEl1NDzjnqrHxhcYI1WUjvRfK8n86aSNaw%3D%3D&LST_PLACE=&LST_PRDT_NM=%EC%A7%80%EA%B0%91&pageNo=1&numOfRows=10 HTTP/1.1" 200 976
INFO:werkzeug:127.0.0.1 - - [10/Dec/2019 01:39:54] "GET /api/ HTTP/1.1" 500 -
INFO:werkzeug:127.0.0.1 - - [10/Dec/2019 01:39:54] "GET /api/?__debugger__=yes&cmd=resource&f=style.css HTTP/1.1" 200 -
INFO:werkzeug:127.0.0.1 - - [10/Dec/2019 01:39:54] "GET /api/?__debugger__=yes&cmd=resource&f=jquery.js HTTP/1.1" 200 -
INFO:werkzeug:127.0.0.1 - - [10/Dec/2019 01:39:55] "GET /api/?__debugger__=yes&cmd=resource&f=debugger.js HTTP/1.1" 200 -
INFO:werkzeug:127.0.0.1 - - [10/Dec/2019 01:39:55] "GET /api/?__debugger__=yes&cmd=resource&f=ubuntu.ttf HTTP/1.1" 200 -
INFO:werkzeug:127.0.0.1 - - [10/Dec/2019 01:39:55] "GET /api/?__debugger__=yes&cmd=resource&f=console.png HTTP/1.1" 200 -
INFO:werkzeug:127.0.0.1 - - [10/Dec/2019 01:39:55] "GET /api/?__debugger__=yes&cmd=resource&f=console.png HTTP/1.1" 200 -
INFO:werkzeug: * Detected change in 'C:\\Users\\kimsc\\PycharmProjects\\TermProject\\views\\api.py', reloading
INFO:werkzeug: * Restarting with stat
WARNING:werkzeug: * Debugger is active!
INFO:werkzeug: * Debugger PIN: 102-983-749
INFO:werkzeug: * Running on http://localhost:8000/ (Press CTRL+C to quit)
INFO:werkzeug:127.0.0.1 - - [10/Dec/2019 01:42:06] "GET / HTTP/1.1" 200 -
DEBUG:urllib3.connectionpool:Starting new HTTP connection (1): apis.data.go.kr:80
DEBUG:urllib3.connectionpool:http://apis.data.go.kr:80 "GET /1320000/LostGoodsInfoInqireService/getLostGoodsInfoAccTpNmCstdyPlace?ServiceKey=%2FRpRLYKrjEbwdsYlZgkvuKZW9wgTRfDhE%2BZyDgf4MzD5OcH5%2Fx92rEl1NDzjnqrHxhcYI1WUjvRfK8n86aSNaw%3D%3D&LST_PLACE=&LST_PRDT_NM=%EC%A7%80%EA%B0%91&pageNo=1&numOfRows=10 HTTP/1.1" 200 976
INFO:werkzeug:127.0.0.1 - - [10/Dec/2019 01:42:14] "GET /api/ HTTP/1.1" 500 -
INFO:werkzeug:127.0.0.1 - - [10/Dec/2019 01:42:14] "GET /api/?__debugger__=yes&cmd=resource&f=style.css HTTP/1.1" 200 -
INFO:werkzeug:127.0.0.1 - - [10/Dec/2019 01:42:14] "GET /api/?__debugger__=yes&cmd=resource&f=jquery.js HTTP/1.1" 200 -
INFO:werkzeug:127.0.0.1 - - [10/Dec/2019 01:42:14] "GET /api/?__debugger__=yes&cmd=resource&f=debugger.js HTTP/1.1" 200 -
INFO:werkzeug:127.0.0.1 - - [10/Dec/2019 01:42:14] "GET /api/?__debugger__=yes&cmd=resource&f=ubuntu.ttf HTTP/1.1" 200 -
INFO:werkzeug:127.0.0.1 - - [10/Dec/2019 01:42:14] "GET /api/?__debugger__=yes&cmd=resource&f=console.png HTTP/1.1" 200 -
INFO:werkzeug: * Detected change in 'C:\\Users\\kimsc\\PycharmProjects\\TermProject\\views\\api.py', reloading
INFO:werkzeug: * Restarting with stat
WARNING:werkzeug: * Debugger is active!
INFO:werkzeug: * Debugger PIN: 102-983-749
INFO:werkzeug: * Running on http://localhost:8000/ (Press CTRL+C to quit)
DEBUG:urllib3.connectionpool:Starting new HTTP connection (1): apis.data.go.kr:80
DEBUG:urllib3.connectionpool:http://apis.data.go.kr:80 "GET /1320000/LostGoodsInfoInqireService/getLostGoodsInfoAccTpNmCstdyPlace?ServiceKey=%2FRpRLYKrjEbwdsYlZgkvuKZW9wgTRfDhE%2BZyDgf4MzD5OcH5%2Fx92rEl1NDzjnqrHxhcYI1WUjvRfK8n86aSNaw%3D%3D&LST_PLACE=&LST_PRDT_NM=%EC%A7%80%EA%B0%91&pageNo=1&numOfRows=10 HTTP/1.1" 200 976
INFO:werkzeug:127.0.0.1 - - [10/Dec/2019 01:46:35] "GET /api/ HTTP/1.1" 500 -
INFO:werkzeug:127.0.0.1 - - [10/Dec/2019 01:46:35] "GET /api/?__debugger__=yes&cmd=resource&f=style.css HTTP/1.1" 200 -
INFO:werkzeug:127.0.0.1 - - [10/Dec/2019 01:46:35] "GET /api/?__debugger__=yes&cmd=resource&f=jquery.js HTTP/1.1" 200 -
INFO:werkzeug:127.0.0.1 - - [10/Dec/2019 01:46:35] "GET /api/?__debugger__=yes&cmd=resource&f=debugger.js HTTP/1.1" 200 -
INFO:werkzeug:127.0.0.1 - - [10/Dec/2019 01:46:36] "GET /api/?__debugger__=yes&cmd=resource&f=ubuntu.ttf HTTP/1.1" 200 -
INFO:werkzeug:127.0.0.1 - - [10/Dec/2019 01:46:36] "GET /api/?__debugger__=yes&cmd=resource&f=console.png HTTP/1.1" 200 -
INFO:werkzeug:127.0.0.1 - - [10/Dec/2019 01:46:36] "GET /api/?__debugger__=yes&cmd=resource&f=console.png HTTP/1.1" 200 -
INFO:werkzeug: * Detected change in 'C:\\Users\\kimsc\\PycharmProjects\\TermProject\\views\\api.py', reloading
INFO:werkzeug: * Restarting with stat
WARNING:werkzeug: * Debugger is active!
INFO:werkzeug: * Debugger PIN: 102-983-749
INFO:werkzeug: * Running on http://localhost:8000/ (Press CTRL+C to quit)
DEBUG:urllib3.connectionpool:Starting new HTTP connection (1): apis.data.go.kr:80
DEBUG:urllib3.connectionpool:http://apis.data.go.kr:80 "GET /1320000/LostGoodsInfoInqireService/getLostGoodsInfoAccTpNmCstdyPlace?ServiceKey=%2FRpRLYKrjEbwdsYlZgkvuKZW9wgTRfDhE%2BZyDgf4MzD5OcH5%2Fx92rEl1NDzjnqrHxhcYI1WUjvRfK8n86aSNaw%3D%3D&LST_PLACE=&LST_PRDT_NM=%EC%A7%80%EA%B0%91&pageNo=1&numOfRows=10 HTTP/1.1" 200 976
INFO:werkzeug:127.0.0.1 - - [10/Dec/2019 01:49:25] "GET /api/ HTTP/1.1" 200 -
INFO:werkzeug: * Detected change in 'C:\\Users\\kimsc\\PycharmProjects\\TermProject\\views\\api.py', reloading
INFO:werkzeug: * Restarting with stat
WARNING:werkzeug: * Debugger is active!
INFO:werkzeug: * Debugger PIN: 102-983-749
INFO:werkzeug: * Running on http://localhost:8000/ (Press CTRL+C to quit)
DEBUG:urllib3.connectionpool:Starting new HTTP connection (1): apis.data.go.kr:80
DEBUG:urllib3.connectionpool:http://apis.data.go.kr:80 "GET /1320000/LostGoodsInfoInqireService/getLostGoodsInfoAccTpNmCstdyPlace?ServiceKey=%2FRpRLYKrjEbwdsYlZgkvuKZW9wgTRfDhE%2BZyDgf4MzD5OcH5%2Fx92rEl1NDzjnqrHxhcYI1WUjvRfK8n86aSNaw%3D%3D&LST_PLACE=&LST_PRDT_NM=%EC%A7%80%EA%B0%91&pageNo=1&numOfRows=10 HTTP/1.1" 200 976
DEBUG:chardet.charsetprober:utf-8  confidence = 0.99
DEBUG:chardet.charsetprober:SHIFT_JIS Japanese confidence = 0.01
DEBUG:chardet.charsetprober:EUC-JP Japanese confidence = 0.01
DEBUG:chardet.charsetprober:GB2312 Chinese confidence = 0.01
DEBUG:chardet.charsetprober:EUC-KR Korean confidence = 0.01
DEBUG:chardet.charsetprober:CP949 Korean confidence = 0.01
DEBUG:chardet.charsetprober:Big5 Chinese confidence = 0.01
DEBUG:chardet.charsetprober:EUC-TW Taiwan confidence = 0.01
DEBUG:chardet.charsetprober:windows-1251 Russian confidence = 0.01
DEBUG:chardet.charsetprober:KOI8-R Russian confidence = 0.01
DEBUG:chardet.charsetprober:ISO-8859-5 Russian confidence = 0.0
DEBUG:chardet.charsetprober:MacCyrillic Russian confidence = 0.009888197557962842
DEBUG:chardet.charsetprober:IBM866 Russian confidence = 0.09850114583892429
DEBUG:chardet.charsetprober:IBM855 Russian confidence = 0.03352094019383284
DEBUG:chardet.charsetprober:ISO-8859-7 Greek confidence = 0.08035498981756815
DEBUG:chardet.charsetprober:windows-1253 Greek confidence = 0.13365086367864673
DEBUG:chardet.charsetprober:ISO-8859-5 Bulgairan confidence = 0.003521824559820339
DEBUG:chardet.charsetprober:windows-1251 Bulgarian confidence = 0.0
DEBUG:chardet.charsetprober:TIS-620 Thai confidence = 0.09020879844936891
DEBUG:chardet.charsetprober:ISO-8859-9 Turkish confidence = 0.26236906528819554
DEBUG:chardet.charsetprober:windows-1255 Hebrew confidence = 0.0
DEBUG:chardet.charsetprober:windows-1255 Hebrew confidence = 0.0
DEBUG:chardet.charsetprober:windows-1255 Hebrew confidence = 0.0
DEBUG:chardet.charsetprober:utf-8  confidence = 0.99
DEBUG:chardet.charsetprober:SHIFT_JIS Japanese confidence = 0.01
DEBUG:chardet.charsetprober:EUC-JP Japanese confidence = 0.01
DEBUG:chardet.charsetprober:GB2312 Chinese confidence = 0.01
DEBUG:chardet.charsetprober:EUC-KR Korean confidence = 0.01
DEBUG:chardet.charsetprober:CP949 Korean confidence = 0.01
DEBUG:chardet.charsetprober:Big5 Chinese confidence = 0.01
DEBUG:chardet.charsetprober:EUC-TW Taiwan confidence = 0.01
INFO:werkzeug:127.0.0.1 - - [10/Dec/2019 01:51:41] "GET /api/ HTTP/1.1" 200 -
INFO:werkzeug: * Detected change in 'C:\\Users\\kimsc\\PycharmProjects\\TermProject\\views\\api.py', reloading
INFO:werkzeug: * Restarting with stat
WARNING:werkzeug: * Debugger is active!
INFO:werkzeug: * Debugger PIN: 102-983-749
INFO:werkzeug: * Running on http://localhost:8000/ (Press CTRL+C to quit)
DEBUG:urllib3.connectionpool:Starting new HTTP connection (1): apis.data.go.kr:80
DEBUG:urllib3.connectionpool:http://apis.data.go.kr:80 "GET /1320000/LostGoodsInfoInqireService/getLostGoodsInfoAccTpNmCstdyPlace?ServiceKey=%2FRpRLYKrjEbwdsYlZgkvuKZW9wgTRfDhE%2BZyDgf4MzD5OcH5%2Fx92rEl1NDzjnqrHxhcYI1WUjvRfK8n86aSNaw%3D%3D&LST_PLACE=&LST_PRDT_NM=%EC%A7%80%EA%B0%91&pageNo=1&numOfRows=10 HTTP/1.1" 200 976
INFO:werkzeug:127.0.0.1 - - [10/Dec/2019 01:52:01] "GET /api/ HTTP/1.1" 200 -
INFO:werkzeug: * Detected change in 'C:\\Users\\kimsc\\PycharmProjects\\TermProject\\views\\api.py', reloading
INFO:werkzeug: * Restarting with stat
INFO:werkzeug: * Restarting with stat
WARNING:werkzeug: * Debugger is active!
INFO:werkzeug: * Debugger PIN: 102-983-749
INFO:werkzeug: * Running on http://localhost:8000/ (Press CTRL+C to quit)
DEBUG:urllib3.connectionpool:Starting new HTTP connection (1): apis.data.go.kr:80
DEBUG:urllib3.connectionpool:http://apis.data.go.kr:80 "GET /1320000/LostGoodsInfoInqireService/getLostGoodsInfoAccTpNmCstdyPlace?ServiceKey=%2FRpRLYKrjEbwdsYlZgkvuKZW9wgTRfDhE%2BZyDgf4MzD5OcH5%2Fx92rEl1NDzjnqrHxhcYI1WUjvRfK8n86aSNaw%3D%3D&LST_PLACE=&LST_PRDT_NM=%EC%A7%80%EA%B0%91&pageNo=1&numOfRows=10 HTTP/1.1" 200 976
INFO:werkzeug:127.0.0.1 - - [10/Dec/2019 01:52:33] "GET /api/ HTTP/1.1" 200 -
INFO:werkzeug: * Detected change in 'C:\\Users\\kimsc\\PycharmProjects\\TermProject\\views\\api.py', reloading
INFO:werkzeug: * Restarting with stat
WARNING:werkzeug: * Debugger is active!
INFO:werkzeug: * Debugger PIN: 102-983-749
INFO:werkzeug: * Running on http://localhost:8000/ (Press CTRL+C to quit)
DEBUG:urllib3.connectionpool:Starting new HTTP connection (1): apis.data.go.kr:80
DEBUG:urllib3.connectionpool:http://apis.data.go.kr:80 "GET /1320000/LostGoodsInfoInqireService/getLostGoodsInfoAccTpNmCstdyPlace?ServiceKey=%2FRpRLYKrjEbwdsYlZgkvuKZW9wgTRfDhE%2BZyDgf4MzD5OcH5%2Fx92rEl1NDzjnqrHxhcYI1WUjvRfK8n86aSNaw%3D%3D&LST_PLACE=&LST_PRDT_NM=%EC%A7%80%EA%B0%91&pageNo=1&numOfRows=10 HTTP/1.1" 200 976
INFO:werkzeug:127.0.0.1 - - [10/Dec/2019 01:53:37] "GET /api/ HTTP/1.1" 200 -
INFO:werkzeug: * Detected change in 'C:\\Users\\kimsc\\PycharmProjects\\TermProject\\views\\api.py', reloading
INFO:werkzeug: * Restarting with stat
WARNING:werkzeug: * Debugger is active!
INFO:werkzeug: * Debugger PIN: 102-983-749
INFO:werkzeug: * Running on http://localhost:8000/ (Press CTRL+C to quit)
DEBUG:urllib3.connectionpool:Starting new HTTP connection (1): apis.data.go.kr:80
DEBUG:urllib3.connectionpool:http://apis.data.go.kr:80 "GET /1320000/LostGoodsInfoInqireService/getLostGoodsInfoAccTpNmCstdyPlace?ServiceKey=%2FRpRLYKrjEbwdsYlZgkvuKZW9wgTRfDhE%2BZyDgf4MzD5OcH5%2Fx92rEl1NDzjnqrHxhcYI1WUjvRfK8n86aSNaw%3D%3D&LST_PLACE=&LST_PRDT_NM=%EC%A7%80%EA%B0%91&pageNo=1&numOfRows=10 HTTP/1.1" 200 976
DEBUG:chardet.charsetprober:utf-8  confidence = 0.99
DEBUG:chardet.charsetprober:SHIFT_JIS Japanese confidence = 0.01
DEBUG:chardet.charsetprober:EUC-JP Japanese confidence = 0.01
DEBUG:chardet.charsetprober:GB2312 Chinese confidence = 0.01
DEBUG:chardet.charsetprober:EUC-KR Korean confidence = 0.01
DEBUG:chardet.charsetprober:CP949 Korean confidence = 0.01
DEBUG:chardet.charsetprober:Big5 Chinese confidence = 0.01
DEBUG:chardet.charsetprober:EUC-TW Taiwan confidence = 0.01
DEBUG:chardet.charsetprober:windows-1251 Russian confidence = 0.01
DEBUG:chardet.charsetprober:KOI8-R Russian confidence = 0.01
DEBUG:chardet.charsetprober:ISO-8859-5 Russian confidence = 0.0
DEBUG:chardet.charsetprober:MacCyrillic Russian confidence = 0.009888197557962842
DEBUG:chardet.charsetprober:IBM866 Russian confidence = 0.09850114583892429
DEBUG:chardet.charsetprober:IBM855 Russian confidence = 0.03352094019383284
DEBUG:chardet.charsetprober:ISO-8859-7 Greek confidence = 0.08035498981756815
DEBUG:chardet.charsetprober:windows-1253 Greek confidence = 0.13365086367864673
DEBUG:chardet.charsetprober:ISO-8859-5 Bulgairan confidence = 0.003521824559820339
DEBUG:chardet.charsetprober:windows-1251 Bulgarian confidence = 0.0
DEBUG:chardet.charsetprober:TIS-620 Thai confidence = 0.09020879844936891
DEBUG:chardet.charsetprober:ISO-8859-9 Turkish confidence = 0.26236906528819554
DEBUG:chardet.charsetprober:windows-1255 Hebrew confidence = 0.0
DEBUG:chardet.charsetprober:windows-1255 Hebrew confidence = 0.0
DEBUG:chardet.charsetprober:windows-1255 Hebrew confidence = 0.0
DEBUG:chardet.charsetprober:utf-8  confidence = 0.99
DEBUG:chardet.charsetprober:SHIFT_JIS Japanese confidence = 0.01
DEBUG:chardet.charsetprober:EUC-JP Japanese confidence = 0.01
DEBUG:chardet.charsetprober:GB2312 Chinese confidence = 0.01
DEBUG:chardet.charsetprober:EUC-KR Korean confidence = 0.01
DEBUG:chardet.charsetprober:CP949 Korean confidence = 0.01
DEBUG:chardet.charsetprober:Big5 Chinese confidence = 0.01
DEBUG:chardet.charsetprober:EUC-TW Taiwan confidence = 0.01
INFO:werkzeug:127.0.0.1 - - [10/Dec/2019 01:55:51] "GET /api/ HTTP/1.1" 200 -
INFO:werkzeug: * Detected change in 'C:\\Users\\kimsc\\PycharmProjects\\TermProject\\views\\api.py', reloading
INFO:werkzeug: * Restarting with stat
WARNING:werkzeug: * Debugger is active!
INFO:werkzeug: * Debugger PIN: 102-983-749
INFO:werkzeug: * Running on http://localhost:8000/ (Press CTRL+C to quit)
DEBUG:urllib3.connectionpool:Starting new HTTP connection (1): apis.data.go.kr:80
DEBUG:urllib3.connectionpool:http://apis.data.go.kr:80 "GET /1320000/LostGoodsInfoInqireService/getLostGoodsInfoAccTpNmCstdyPlace?ServiceKey=%2FRpRLYKrjEbwdsYlZgkvuKZW9wgTRfDhE%2BZyDgf4MzD5OcH5%2Fx92rEl1NDzjnqrHxhcYI1WUjvRfK8n86aSNaw%3D%3D&LST_PLACE=&LST_PRDT_NM=%EC%A7%80%EA%B0%91&pageNo=1&numOfRows=10 HTTP/1.1" 200 976
INFO:werkzeug:127.0.0.1 - - [10/Dec/2019 01:56:10] "GET /api/ HTTP/1.1" 200 -
INFO:werkzeug: * Detected change in 'C:\\Users\\kimsc\\PycharmProjects\\TermProject\\views\\api.py', reloading
INFO:werkzeug: * Restarting with stat
WARNING:werkzeug: * Debugger is active!
INFO:werkzeug: * Debugger PIN: 102-983-749
INFO:werkzeug: * Running on http://localhost:8000/ (Press CTRL+C to quit)
INFO:werkzeug: * Detected change in 'C:\\Users\\kimsc\\PycharmProjects\\TermProject\\views\\api.py', reloading
INFO:werkzeug: * Restarting with stat
WARNING:werkzeug: * Debugger is active!
INFO:werkzeug: * Debugger PIN: 102-983-749
INFO:werkzeug: * Running on http://localhost:8000/ (Press CTRL+C to quit)
DEBUG:urllib3.connectionpool:Starting new HTTP connection (1): apis.data.go.kr:80
DEBUG:urllib3.connectionpool:http://apis.data.go.kr:80 "GET /1320000/LostGoodsInfoInqireService?ServiceKey=%252FRpRLYKrjEbwdsYlZgkvuKZW9wgTRfDhE%252BZyDgf4MzD5OcH5%252Fx92rEl1NDzjnqrHxhcYI1WUjvRfK8n86aSNaw%253D%253D&LST_PLACE=&LST_PRDT_NM=%EC%A7%80%EA%B0%91&pageNo=1&numOfRows=10 HTTP/1.1" 500 897
INFO:werkzeug:127.0.0.1 - - [10/Dec/2019 01:58:56] "GET /api/ HTTP/1.1" 200 -
INFO:werkzeug: * Detected change in 'C:\\Users\\kimsc\\PycharmProjects\\TermProject\\views\\api.py', reloading
INFO:werkzeug: * Restarting with stat
WARNING:werkzeug: * Debugger is active!
INFO:werkzeug: * Debugger PIN: 102-983-749
INFO:werkzeug: * Running on http://localhost:8000/ (Press CTRL+C to quit)
DEBUG:urllib3.connectionpool:Starting new HTTP connection (1): apis.data.go.kr:80
DEBUG:urllib3.connectionpool:http://apis.data.go.kr:80 "GET /1320000/LostGoodsInfoInqireService/?ServiceKey=%252FRpRLYKrjEbwdsYlZgkvuKZW9wgTRfDhE%252BZyDgf4MzD5OcH5%252Fx92rEl1NDzjnqrHxhcYI1WUjvRfK8n86aSNaw%253D%253D&LST_PLACE=&LST_PRDT_NM=%EC%A7%80%EA%B0%91&pageNo=1&numOfRows=10 HTTP/1.1" 500 898
INFO:werkzeug:127.0.0.1 - - [10/Dec/2019 01:59:11] "GET /api/ HTTP/1.1" 200 -
DEBUG:urllib3.connectionpool:Starting new HTTP connection (1): apis.data.go.kr:80
DEBUG:urllib3.connectionpool:http://apis.data.go.kr:80 "GET /1320000/LostGoodsInfoInqireService/?ServiceKey=%252FRpRLYKrjEbwdsYlZgkvuKZW9wgTRfDhE%252BZyDgf4MzD5OcH5%252Fx92rEl1NDzjnqrHxhcYI1WUjvRfK8n86aSNaw%253D%253D&LST_PLACE=&LST_PRDT_NM=%EC%A7%80%EA%B0%91&pageNo=1&numOfRows=10 HTTP/1.1" 500 898
INFO:werkzeug:127.0.0.1 - - [10/Dec/2019 01:59:14] "GET /api/ HTTP/1.1" 200 -
INFO:werkzeug: * Detected change in 'C:\\Users\\kimsc\\PycharmProjects\\TermProject\\views\\api.py', reloading
INFO:werkzeug: * Restarting with stat
WARNING:werkzeug: * Debugger is active!
INFO:werkzeug: * Debugger PIN: 102-983-749
INFO:werkzeug: * Running on http://localhost:8000/ (Press CTRL+C to quit)
DEBUG:urllib3.connectionpool:Starting new HTTP connection (1): apis.data.go.kr:80
DEBUG:urllib3.connectionpool:http://apis.data.go.kr:80 "GET /1320000/LostGoodsInfoInqireService/getLostGoodsInfoAccTpNmCstdyPlace?ServiceKey=%252FRpRLYKrjEbwdsYlZgkvuKZW9wgTRfDhE%252BZyDgf4MzD5OcH5%252Fx92rEl1NDzjnqrHxhcYI1WUjvRfK8n86aSNaw%253D%253D&LST_PLACE=&LST_PRDT_NM=%EC%A7%80%EA%B0%91&pageNo=1&numOfRows=10 HTTP/1.1" 200 229
INFO:werkzeug:127.0.0.1 - - [10/Dec/2019 01:59:33] "GET /api/ HTTP/1.1" 200 -
INFO:werkzeug: * Detected change in 'C:\\Users\\kimsc\\PycharmProjects\\TermProject\\views\\api.py', reloading
INFO:werkzeug: * Restarting with stat
WARNING:werkzeug: * Debugger is active!
INFO:werkzeug: * Debugger PIN: 102-983-749
INFO:werkzeug: * Running on http://localhost:8000/ (Press CTRL+C to quit)
DEBUG:urllib3.connectionpool:Starting new HTTP connection (1): apis.data.go.kr:80
DEBUG:urllib3.connectionpool:http://apis.data.go.kr:80 "GET /1320000/LostGoodsInfoInqireService/getLostGoodsInfoAccTpNmCstdyPlace/?ServiceKey=%252FRpRLYKrjEbwdsYlZgkvuKZW9wgTRfDhE%252BZyDgf4MzD5OcH5%252Fx92rEl1NDzjnqrHxhcYI1WUjvRfK8n86aSNaw%253D%253D&LST_PLACE=&LST_PRDT_NM=%EC%A7%80%EA%B0%91&pageNo=1&numOfRows=10 HTTP/1.1" 500 932
INFO:werkzeug:127.0.0.1 - - [10/Dec/2019 01:59:41] "GET /api/ HTTP/1.1" 200 -
INFO:werkzeug: * Detected change in 'C:\\Users\\kimsc\\PycharmProjects\\TermProject\\views\\api.py', reloading
INFO:werkzeug: * Restarting with stat
WARNING:werkzeug: * Debugger is active!
INFO:werkzeug: * Debugger PIN: 102-983-749
INFO:werkzeug: * Running on http://localhost:8000/ (Press CTRL+C to quit)
DEBUG:urllib3.connectionpool:Starting new HTTP connection (1): apis.data.go.kr:80
DEBUG:urllib3.connectionpool:http://apis.data.go.kr:80 "GET /1320000/LostGoodsInfoInqireService/getLostGoodsInfoAccTpNmCstdyPlace?ServiceKey=%252FRpRLYKrjEbwdsYlZgkvuKZW9wgTRfDhE%252BZyDgf4MzD5OcH5%252Fx92rEl1NDzjnqrHxhcYI1WUjvRfK8n86aSNaw%253D%253D&LST_PLACE=&LST_PRDT_NM=%EC%A7%80%EA%B0%91&pageNo=1&numOfRows=10 HTTP/1.1" 200 229
INFO:werkzeug:127.0.0.1 - - [10/Dec/2019 02:01:09] "GET /api/ HTTP/1.1" 200 -
DEBUG:urllib3.connectionpool:Starting new HTTP connection (1): apis.data.go.kr:80
DEBUG:urllib3.connectionpool:http://apis.data.go.kr:80 "GET /1320000/LostGoodsInfoInqireService/getLostGoodsInfoAccTpNmCstdyPlace?ServiceKey=%252FRpRLYKrjEbwdsYlZgkvuKZW9wgTRfDhE%252BZyDgf4MzD5OcH5%252Fx92rEl1NDzjnqrHxhcYI1WUjvRfK8n86aSNaw%253D%253D&LST_PLACE=&LST_PRDT_NM=%EC%A7%80%EA%B0%91&pageNo=1&numOfRows=10 HTTP/1.1" 200 229
INFO:werkzeug:127.0.0.1 - - [10/Dec/2019 02:01:42] "GET /api/ HTTP/1.1" 200 -
INFO:werkzeug: * Detected change in 'C:\\Users\\kimsc\\PycharmProjects\\TermProject\\views\\api.py', reloading
INFO:werkzeug: * Restarting with stat
WARNING:werkzeug: * Debugger is active!
INFO:werkzeug: * Debugger PIN: 102-983-749
INFO:werkzeug: * Running on http://localhost:8000/ (Press CTRL+C to quit)
DEBUG:urllib3.connectionpool:Starting new HTTP connection (1): apis.data.go.kr:80
DEBUG:urllib3.connectionpool:http://apis.data.go.kr:80 "GET /1320000/LostGoodsInfoInqireService/getLostGoodsInfoAccTpNmCstdyPlace?ServiceKey=%2FRpRLYKrjEbwdsYlZgkvuKZW9wgTRfDhE%2BZyDgf4MzD5OcH5%2Fx92rEl1NDzjnqrHxhcYI1WUjvRfK8n86aSNaw%3D%3D&LST_PLACE=&LST_PRDT_NM=%EC%A7%80%EA%B0%91&pageNo=1&numOfRows=10 HTTP/1.1" 200 976
INFO:werkzeug:127.0.0.1 - - [10/Dec/2019 02:02:21] "GET /api/ HTTP/1.1" 200 -
INFO:werkzeug: * Detected change in 'C:\\Users\\kimsc\\PycharmProjects\\TermProject\\views\\api.py', reloading
INFO:werkzeug: * Restarting with stat
WARNING:werkzeug: * Debugger is active!
INFO:werkzeug: * Debugger PIN: 102-983-749
INFO:werkzeug: * Running on http://localhost:8000/ (Press CTRL+C to quit)
DEBUG:urllib3.connectionpool:Starting new HTTP connection (1): apis.data.go.kr:80
DEBUG:urllib3.connectionpool:http://apis.data.go.kr:80 "GET /1320000/LostGoodsInfoInqireService/getLostGoodsInfoAccTpNmCstdyPlace?ServiceKey=%252FRpRLYKrjEbwdsYlZgkvuKZW9wgTRfDhE%252BZyDgf4MzD5OcH5%252Fx92rEl1NDzjnqrHxhcYI1WUjvRfK8n86aSNaw%253D%253D&LST_PLACE=&LST_PRDT_NM=%EC%A7%80%EA%B0%91&pageNo=1&numOfRows=10 HTTP/1.1" 200 229
INFO:werkzeug:127.0.0.1 - - [10/Dec/2019 02:03:13] "GET /api/ HTTP/1.1" 200 -
INFO:werkzeug: * Detected change in 'C:\\Users\\kimsc\\PycharmProjects\\TermProject\\views\\api.py', reloading
INFO:werkzeug: * Restarting with stat
WARNING:werkzeug: * Debugger is active!
INFO:werkzeug: * Debugger PIN: 102-983-749
INFO:werkzeug: * Running on http://localhost:8000/ (Press CTRL+C to quit)
DEBUG:urllib3.connectionpool:Starting new HTTP connection (1): apis.data.go.kr:80
DEBUG:urllib3.connectionpool:http://apis.data.go.kr:80 "GET /1320000/LostGoodsInfoInqireService/getLostGoodsInfoAccTpNmCstdyPlace?ServiceKey=%252FRpRLYKrjEbwdsYlZgkvuKZW9wgTRfDhE%252BZyDgf4MzD5OcH5%252Fx92rEl1NDzjnqrHxhcYI1WUjvRfK8n86aSNaw%253D%253D&LST_PLACE=&LST_PRDT_NM=%EC%A7%80%EA%B0%91&pageNo=1&numOfRows=10 HTTP/1.1" 200 229
INFO:werkzeug:127.0.0.1 - - [10/Dec/2019 02:04:14] "GET /api/ HTTP/1.1" 200 -
INFO:werkzeug: * Detected change in 'C:\\Users\\kimsc\\PycharmProjects\\TermProject\\views\\api.py', reloading
INFO:werkzeug: * Restarting with stat
WARNING:werkzeug: * Debugger is active!
INFO:werkzeug: * Debugger PIN: 102-983-749
INFO:werkzeug: * Running on http://localhost:8000/ (Press CTRL+C to quit)
INFO:werkzeug: * Detected change in 'C:\\Users\\kimsc\\PycharmProjects\\TermProject\\views\\api.py', reloading
INFO:werkzeug: * Restarting with stat
WARNING:werkzeug: * Debugger is active!
INFO:werkzeug: * Debugger PIN: 102-983-749
INFO:werkzeug: * Running on http://localhost:8000/ (Press CTRL+C to quit)
DEBUG:urllib3.connectionpool:Starting new HTTP connection (1): apis.data.go.kr:80
DEBUG:urllib3.connectionpool:http://apis.data.go.kr:80 "GET /1320000/LostGoodsInfoInqireService/getLostGoodsInfoAccTpNmCstdyPlace?ServiceKey=%252FRpRLYKrjEbwdsYlZgkvuKZW9wgTRfDhE%252BZyDgf4MzD5OcH5%252Fx92rEl1NDzjnqrHxhcYI1WUjvRfK8n86aSNaw%253D%253D&LST_PLACE=&LST_PRDT_NM=%EC%A7%80%EA%B0%91&pageNo=1&numOfRows=10 HTTP/1.1" 200 229
INFO:werkzeug:127.0.0.1 - - [10/Dec/2019 02:05:23] "GET /api/ HTTP/1.1" 200 -
INFO:werkzeug: * Detected change in 'C:\\Users\\kimsc\\PycharmProjects\\TermProject\\views\\api.py', reloading
INFO:werkzeug: * Restarting with stat
WARNING:werkzeug: * Debugger is active!
INFO:werkzeug: * Debugger PIN: 102-983-749
INFO:werkzeug: * Running on http://localhost:8000/ (Press CTRL+C to quit)
INFO:werkzeug: * Detected change in 'C:\\Users\\kimsc\\PycharmProjects\\TermProject\\views\\api.py', reloading
INFO:werkzeug: * Restarting with stat
WARNING:werkzeug: * Debugger is active!
INFO:werkzeug: * Debugger PIN: 102-983-749
INFO:werkzeug: * Running on http://localhost:8000/ (Press CTRL+C to quit)
DEBUG:urllib3.connectionpool:Starting new HTTP connection (1): apis.data.go.kr:80
DEBUG:urllib3.connectionpool:http://apis.data.go.kr:80 "GET /1320000/LostGoodsInfoInqireService/getLostGoodsInfoAccTpNmCstdyPlace?ServiceKey=%252FRpRLYKrjEbwdsYlZgkvuKZW9wgTRfDhE%252BZyDgf4MzD5OcH5%252Fx92rEl1NDzjnqrHxhcYI1WUjvRfK8n86aSNaw%253D%253D&LST_PLACE=&LST_PRDT_NM=%EC%A7%80%EA%B0%91&pageNo=1&numOfRows=10 HTTP/1.1" 200 229
INFO:werkzeug:127.0.0.1 - - [10/Dec/2019 02:06:42] "GET /api/ HTTP/1.1" 200 -
INFO:werkzeug: * Detected change in 'C:\\Users\\kimsc\\PycharmProjects\\TermProject\\views\\api.py', reloading
INFO:werkzeug: * Restarting with stat
WARNING:werkzeug: * Debugger is active!
INFO:werkzeug: * Debugger PIN: 102-983-749
INFO:werkzeug: * Running on http://localhost:8000/ (Press CTRL+C to quit)
DEBUG:urllib3.connectionpool:Starting new HTTP connection (1): apis.data.go.kr:80
DEBUG:urllib3.connectionpool:http://apis.data.go.kr:80 "GET /1320000/LostGoodsInfoInqireService/getLostGoodsInfoAccTpNmCstdyPlace?ServiceKey=%2FRpRLYKrjEbwdsYlZgkvuKZW9wgTRfDhE%2BZyDgf4MzD5OcH5%2Fx92rEl1NDzjnqrHxhcYI1WUjvRfK8n86aSNaw%3D%3D&LST_PLACE=&LST_PRDT_NM=%EC%A7%80%EA%B0%91&pageNo=1&numOfRows=10 HTTP/1.1" 200 976
INFO:werkzeug:127.0.0.1 - - [10/Dec/2019 02:19:51] "GET /api/ HTTP/1.1" 200 -
INFO:werkzeug: * Detected change in 'C:\\Users\\kimsc\\PycharmProjects\\TermProject\\views\\api.py', reloading
INFO:werkzeug: * Restarting with stat
WARNING:werkzeug: * Debugger is active!
INFO:werkzeug: * Debugger PIN: 102-983-749
INFO:werkzeug: * Running on http://localhost:8000/ (Press CTRL+C to quit)
DEBUG:urllib3.connectionpool:Starting new HTTP connection (1): apis.data.go.kr:80
DEBUG:urllib3.connectionpool:http://apis.data.go.kr:80 "GET /1320000/LostGoodsInfoInqireService/getLostGoodsInfoAccTpNmCstdyPlace?ServiceKey=%2FRpRLYKrjEbwdsYlZgkvuKZW9wgTRfDhE%2BZyDgf4MzD5OcH5%2Fx92rEl1NDzjnqrHxhcYI1WUjvRfK8n86aSNaw%3D%3D&LST_PLACE=&LST_PRDT_NM=%EC%A7%80%EA%B0%91&pageNo=1&numOfRows=10 HTTP/1.1" 200 976
INFO:werkzeug:127.0.0.1 - - [10/Dec/2019 02:20:42] "GET /api/ HTTP/1.1" 200 -
INFO:werkzeug: * Detected change in 'C:\\Users\\kimsc\\PycharmProjects\\TermProject\\views\\api.py', reloading
INFO:werkzeug: * Restarting with stat
WARNING:werkzeug: * Debugger is active!
INFO:werkzeug: * Debugger PIN: 102-983-749
INFO:werkzeug: * Running on http://localhost:8000/ (Press CTRL+C to quit)
DEBUG:urllib3.connectionpool:Starting new HTTP connection (1): apis.data.go.kr:80
DEBUG:urllib3.connectionpool:http://apis.data.go.kr:80 "GET /1320000/LostGoodsInfoInqireService/getLostGoodsInfoAccTpNmCstdyPlace?ServiceKey=%2FRpRLYKrjEbwdsYlZgkvuKZW9wgTRfDhE%2BZyDgf4MzD5OcH5%2Fx92rEl1NDzjnqrHxhcYI1WUjvRfK8n86aSNaw%3D%3D&LST_PLACE=&LST_PRDT_NM=%EC%A7%80%EA%B0%91&pageNo=1&numOfRows=10 HTTP/1.1" 200 976
INFO:werkzeug:127.0.0.1 - - [10/Dec/2019 02:20:52] "GET /api/ HTTP/1.1" 200 -
INFO:werkzeug: * Detected change in 'C:\\Users\\kimsc\\PycharmProjects\\TermProject\\views\\api.py', reloading
INFO:werkzeug: * Restarting with stat
WARNING:werkzeug: * Debugger is active!
INFO:werkzeug: * Debugger PIN: 102-983-749
INFO:werkzeug: * Running on http://localhost:8000/ (Press CTRL+C to quit)
DEBUG:urllib3.connectionpool:Starting new HTTP connection (1): apis.data.go.kr:80
DEBUG:urllib3.connectionpool:http://apis.data.go.kr:80 "GET /1320000/LostGoodsInfoInqireService/getLostGoodsInfoAccTpNmCstdyPlace?ServiceKey=%2FRpRLYKrjEbwdsYlZgkvuKZW9wgTRfDhE%2BZyDgf4MzD5OcH5%2Fx92rEl1NDzjnqrHxhcYI1WUjvRfK8n86aSNaw%3D%3D&LST_PLACE=&LST_PRDT_NM=%EC%A7%80%EA%B0%91&pageNo=1&numOfRows=10 HTTP/1.1" 200 976
INFO:werkzeug:127.0.0.1 - - [10/Dec/2019 02:21:49] "GET /api/ HTTP/1.1" 200 -
INFO:werkzeug: * Detected change in 'C:\\Users\\kimsc\\PycharmProjects\\TermProject\\views\\api.py', reloading
INFO:werkzeug: * Restarting with stat
WARNING:werkzeug: * Debugger is active!
INFO:werkzeug: * Debugger PIN: 102-983-749
INFO:werkzeug: * Running on http://localhost:8000/ (Press CTRL+C to quit)
DEBUG:urllib3.connectionpool:Starting new HTTP connection (1): apis.data.go.kr:80
DEBUG:urllib3.connectionpool:http://apis.data.go.kr:80 "GET /1320000/LostGoodsInfoInqireService/getLostGoodsInfoAccTpNmCstdyPlace?ServiceKey=%2FRpRLYKrjEbwdsYlZgkvuKZW9wgTRfDhE%2BZyDgf4MzD5OcH5%2Fx92rEl1NDzjnqrHxhcYI1WUjvRfK8n86aSNaw%3D%3D&LST_PLACE=&LST_PRDT_NM=%EC%A7%80%EA%B0%91&pageNo=1&numOfRows=10 HTTP/1.1" 200 976
INFO:werkzeug:127.0.0.1 - - [10/Dec/2019 02:23:11] "GET /api/ HTTP/1.1" 200 -
INFO:werkzeug: * Detected change in 'C:\\Users\\kimsc\\PycharmProjects\\TermProject\\views\\api.py', reloading
INFO:werkzeug: * Restarting with stat
WARNING:werkzeug: * Debugger is active!
INFO:werkzeug: * Debugger PIN: 102-983-749
INFO:werkzeug: * Running on http://localhost:8000/ (Press CTRL+C to quit)
DEBUG:urllib3.connectionpool:Starting new HTTP connection (1): apis.data.go.kr:80
DEBUG:urllib3.connectionpool:http://apis.data.go.kr:80 "GET /1320000/LostGoodsInfoInqireService/getLostGoodsInfoAccTpNmCstdyPlace?ServiceKey=%2FRpRLYKrjEbwdsYlZgkvuKZW9wgTRfDhE%2BZyDgf4MzD5OcH5%2Fx92rEl1NDzjnqrHxhcYI1WUjvRfK8n86aSNaw%3D%3D&LST_PLACE=&LST_PRDT_NM=%EC%A7%80%EA%B0%91&pageNo=1&numOfRows=10 HTTP/1.1" 200 976
INFO:werkzeug:127.0.0.1 - - [10/Dec/2019 02:24:18] "GET /api/ HTTP/1.1" 500 -
INFO:werkzeug:127.0.0.1 - - [10/Dec/2019 02:24:18] "GET /api/?__debugger__=yes&cmd=resource&f=style.css HTTP/1.1" 200 -
INFO:werkzeug:127.0.0.1 - - [10/Dec/2019 02:24:18] "GET /api/?__debugger__=yes&cmd=resource&f=jquery.js HTTP/1.1" 200 -
INFO:werkzeug:127.0.0.1 - - [10/Dec/2019 02:24:19] "GET /api/?__debugger__=yes&cmd=resource&f=debugger.js HTTP/1.1" 200 -
INFO:werkzeug:127.0.0.1 - - [10/Dec/2019 02:24:19] "GET /api/?__debugger__=yes&cmd=resource&f=ubuntu.ttf HTTP/1.1" 200 -
INFO:werkzeug:127.0.0.1 - - [10/Dec/2019 02:24:19] "GET /api/?__debugger__=yes&cmd=resource&f=console.png HTTP/1.1" 200 -
INFO:werkzeug:127.0.0.1 - - [10/Dec/2019 02:24:19] "GET /api/?__debugger__=yes&cmd=resource&f=console.png HTTP/1.1" 200 -
INFO:werkzeug: * Detected change in 'C:\\Users\\kimsc\\PycharmProjects\\TermProject\\views\\api.py', reloading
INFO:werkzeug: * Restarting with stat
WARNING:werkzeug: * Debugger is active!
INFO:werkzeug: * Debugger PIN: 102-983-749
INFO:werkzeug: * Running on http://localhost:8000/ (Press CTRL+C to quit)
DEBUG:urllib3.connectionpool:Starting new HTTP connection (1): apis.data.go.kr:80
DEBUG:urllib3.connectionpool:http://apis.data.go.kr:80 "GET /1320000/LostGoodsInfoInqireService/getLostGoodsInfoAccTpNmCstdyPlace?ServiceKey=%2FRpRLYKrjEbwdsYlZgkvuKZW9wgTRfDhE%2BZyDgf4MzD5OcH5%2Fx92rEl1NDzjnqrHxhcYI1WUjvRfK8n86aSNaw%3D%3D&LST_PLACE=&LST_PRDT_NM=%EC%A7%80%EA%B0%91&pageNo=1&numOfRows=10 HTTP/1.1" 200 976
INFO:werkzeug:127.0.0.1 - - [10/Dec/2019 02:24:35] "GET /api/ HTTP/1.1" 200 -
INFO:werkzeug: * Detected change in 'C:\\Users\\kimsc\\PycharmProjects\\TermProject\\views\\api.py', reloading
INFO:werkzeug: * Restarting with stat
WARNING:werkzeug: * Debugger is active!
INFO:werkzeug: * Debugger PIN: 102-983-749
INFO:werkzeug: * Running on http://localhost:8000/ (Press CTRL+C to quit)
DEBUG:urllib3.connectionpool:Starting new HTTP connection (1): apis.data.go.kr:80
DEBUG:urllib3.connectionpool:http://apis.data.go.kr:80 "GET /1320000/LostGoodsInfoInqireService/getLostGoodsInfoAccTpNmCstdyPlace?ServiceKey=%2FRpRLYKrjEbwdsYlZgkvuKZW9wgTRfDhE%2BZyDgf4MzD5OcH5%2Fx92rEl1NDzjnqrHxhcYI1WUjvRfK8n86aSNaw%3D%3D&LST_PLACE=&LST_PRDT_NM=%EC%A7%80%EA%B0%91&pageNo=1&numOfRows=10 HTTP/1.1" 200 976
INFO:werkzeug:127.0.0.1 - - [10/Dec/2019 02:25:10] "GET /api/ HTTP/1.1" 500 -
INFO:werkzeug:127.0.0.1 - - [10/Dec/2019 02:25:10] "GET /api/?__debugger__=yes&cmd=resource&f=style.css HTTP/1.1" 200 -
INFO:werkzeug:127.0.0.1 - - [10/Dec/2019 02:25:10] "GET /api/?__debugger__=yes&cmd=resource&f=jquery.js HTTP/1.1" 200 -
INFO:werkzeug:127.0.0.1 - - [10/Dec/2019 02:25:10] "GET /api/?__debugger__=yes&cmd=resource&f=debugger.js HTTP/1.1" 200 -
INFO:werkzeug:127.0.0.1 - - [10/Dec/2019 02:25:10] "GET /api/?__debugger__=yes&cmd=resource&f=ubuntu.ttf HTTP/1.1" 200 -
INFO:werkzeug:127.0.0.1 - - [10/Dec/2019 02:25:10] "GET /api/?__debugger__=yes&cmd=resource&f=console.png HTTP/1.1" 200 -
INFO:werkzeug:127.0.0.1 - - [10/Dec/2019 02:25:11] "GET /api/?__debugger__=yes&cmd=resource&f=console.png HTTP/1.1" 200 -
INFO:werkzeug: * Detected change in 'C:\\Users\\kimsc\\PycharmProjects\\TermProject\\views\\api.py', reloading
INFO:werkzeug: * Restarting with stat
WARNING:werkzeug: * Debugger is active!
INFO:werkzeug: * Debugger PIN: 102-983-749
INFO:werkzeug: * Running on http://localhost:8000/ (Press CTRL+C to quit)
DEBUG:urllib3.connectionpool:Starting new HTTP connection (1): apis.data.go.kr:80
DEBUG:urllib3.connectionpool:http://apis.data.go.kr:80 "GET /1320000/LostGoodsInfoInqireService/getLostGoodsInfoAccTpNmCstdyPlace?ServiceKey=%2FRpRLYKrjEbwdsYlZgkvuKZW9wgTRfDhE%2BZyDgf4MzD5OcH5%2Fx92rEl1NDzjnqrHxhcYI1WUjvRfK8n86aSNaw%3D%3D&LST_PLACE=&LST_PRDT_NM=%EC%A7%80%EA%B0%91&pageNo=1&numOfRows=10 HTTP/1.1" 200 976
INFO:werkzeug:127.0.0.1 - - [10/Dec/2019 02:28:04] "GET /api/ HTTP/1.1" 200 -
INFO:werkzeug: * Detected change in 'C:\\Users\\kimsc\\PycharmProjects\\TermProject\\views\\api.py', reloading
INFO:werkzeug: * Restarting with stat
WARNING:werkzeug: * Debugger is active!
INFO:werkzeug: * Debugger PIN: 102-983-749
INFO:werkzeug: * Running on http://localhost:8000/ (Press CTRL+C to quit)
DEBUG:urllib3.connectionpool:Starting new HTTP connection (1): apis.data.go.kr:80
DEBUG:urllib3.connectionpool:http://apis.data.go.kr:80 "GET /1320000/LostGoodsInfoInqireService/getLostGoodsInfoAccTpNmCstdyPlace?ServiceKey=%2FRpRLYKrjEbwdsYlZgkvuKZW9wgTRfDhE%2BZyDgf4MzD5OcH5%2Fx92rEl1NDzjnqrHxhcYI1WUjvRfK8n86aSNaw%3D%3D&LST_PLACE=&LST_PRDT_NM=%EC%A7%80%EA%B0%91&pageNo=1&numOfRows=10 HTTP/1.1" 200 976
INFO:werkzeug:127.0.0.1 - - [10/Dec/2019 02:28:59] "GET /api/ HTTP/1.1" 200 -
INFO:werkzeug: * Detected change in 'C:\\Users\\kimsc\\PycharmProjects\\TermProject\\views\\api.py', reloading
INFO:werkzeug: * Restarting with stat
WARNING:werkzeug: * Debugger is active!
INFO:werkzeug: * Debugger PIN: 102-983-749
INFO:werkzeug: * Running on http://localhost:8000/ (Press CTRL+C to quit)
DEBUG:urllib3.connectionpool:Starting new HTTP connection (1): apis.data.go.kr:80
DEBUG:urllib3.connectionpool:http://apis.data.go.kr:80 "GET /1320000/LostGoodsInfoInqireService/getLostGoodsInfoAccTpNmCstdyPlace?ServiceKey=%2FRpRLYKrjEbwdsYlZgkvuKZW9wgTRfDhE%2BZyDgf4MzD5OcH5%2Fx92rEl1NDzjnqrHxhcYI1WUjvRfK8n86aSNaw%3D%3D&LST_PLACE=&LST_PRDT_NM=%EC%A7%80%EA%B0%91&pageNo=1&numOfRows=10 HTTP/1.1" 200 976
INFO:werkzeug:127.0.0.1 - - [10/Dec/2019 02:30:49] "GET /api/ HTTP/1.1" 200 -
INFO:werkzeug: * Detected change in 'C:\\Users\\kimsc\\PycharmProjects\\TermProject\\views\\api.py', reloading
INFO:werkzeug: * Restarting with stat
WARNING:werkzeug: * Debugger is active!
INFO:werkzeug: * Debugger PIN: 102-983-749
INFO:werkzeug: * Running on http://localhost:8000/ (Press CTRL+C to quit)
DEBUG:urllib3.connectionpool:Starting new HTTP connection (1): apis.data.go.kr:80
DEBUG:urllib3.connectionpool:http://apis.data.go.kr:80 "GET /1320000/LostGoodsInfoInqireService/getLostGoodsInfoAccTpNmCstdyPlace?ServiceKey=%2FRpRLYKrjEbwdsYlZgkvuKZW9wgTRfDhE%2BZyDgf4MzD5OcH5%2Fx92rEl1NDzjnqrHxhcYI1WUjvRfK8n86aSNaw%3D%3D&LST_PLACE=&LST_PRDT_NM=%EC%A7%80%EA%B0%91&pageNo=1&numOfRows=10 HTTP/1.1" 200 976
INFO:werkzeug:127.0.0.1 - - [10/Dec/2019 02:31:27] "GET /api/ HTTP/1.1" 200 -
INFO:werkzeug: * Detected change in 'C:\\Users\\kimsc\\PycharmProjects\\TermProject\\views\\api.py', reloading
INFO:werkzeug: * Restarting with stat
WARNING:werkzeug: * Debugger is active!
INFO:werkzeug: * Debugger PIN: 102-983-749
INFO:werkzeug: * Running on http://localhost:8000/ (Press CTRL+C to quit)
DEBUG:urllib3.connectionpool:Starting new HTTP connection (1): apis.data.go.kr:80
DEBUG:urllib3.connectionpool:http://apis.data.go.kr:80 "GET /1320000/LostGoodsInfoInqireService/getLostGoodsInfoAccTpNmCstdyPlace?ServiceKey=%2FRpRLYKrjEbwdsYlZgkvuKZW9wgTRfDhE%2BZyDgf4MzD5OcH5%2Fx92rEl1NDzjnqrHxhcYI1WUjvRfK8n86aSNaw%3D%3D&LST_PLACE=&LST_PRDT_NM=%EC%A7%80%EA%B0%91&pageNo=1&numOfRows=10 HTTP/1.1" 200 976
INFO:werkzeug:127.0.0.1 - - [10/Dec/2019 02:32:38] "GET /api/ HTTP/1.1" 200 -
INFO:werkzeug: * Detected change in 'C:\\Users\\kimsc\\PycharmProjects\\TermProject\\views\\api.py', reloading
INFO:werkzeug: * Restarting with stat
INFO:werkzeug: * Restarting with stat
WARNING:werkzeug: * Debugger is active!
INFO:werkzeug: * Debugger PIN: 102-983-749
INFO:werkzeug: * Running on http://localhost:8000/ (Press CTRL+C to quit)
DEBUG:urllib3.connectionpool:Starting new HTTP connection (1): apis.data.go.kr:80
DEBUG:urllib3.connectionpool:http://apis.data.go.kr:80 "GET /1320000/LostGoodsInfoInqireService/getLostGoodsInfoAccTpNmCstdyPlace?ServiceKey=%2FRpRLYKrjEbwdsYlZgkvuKZW9wgTRfDhE%2BZyDgf4MzD5OcH5%2Fx92rEl1NDzjnqrHxhcYI1WUjvRfK8n86aSNaw%3D%3D&LST_PLACE=&LST_PRDT_NM=%EC%A7%80%EA%B0%91&pageNo=1&numOfRows=10 HTTP/1.1" 200 976
INFO:werkzeug:127.0.0.1 - - [10/Dec/2019 02:34:19] "GET /api/ HTTP/1.1" 200 -
INFO:werkzeug: * Detected change in 'C:\\Users\\kimsc\\PycharmProjects\\TermProject\\views\\api.py', reloading
INFO:werkzeug: * Restarting with stat
WARNING:werkzeug: * Debugger is active!
INFO:werkzeug: * Debugger PIN: 102-983-749
INFO:werkzeug: * Running on http://localhost:8000/ (Press CTRL+C to quit)
DEBUG:urllib3.connectionpool:Starting new HTTP connection (1): apis.data.go.kr:80
DEBUG:urllib3.connectionpool:http://apis.data.go.kr:80 "GET /1320000/LostGoodsInfoInqireService/getLostGoodsInfoAccTpNmCstdyPlace?ServiceKey=%2FRpRLYKrjEbwdsYlZgkvuKZW9wgTRfDhE%2BZyDgf4MzD5OcH5%2Fx92rEl1NDzjnqrHxhcYI1WUjvRfK8n86aSNaw%3D%3D&LST_PLACE=&LST_PRDT_NM=%EC%A7%80%EA%B0%91&pageNo=1&numOfRows=10 HTTP/1.1" 200 976
INFO:werkzeug:127.0.0.1 - - [10/Dec/2019 02:37:20] "GET /api/ HTTP/1.1" 200 -
INFO:werkzeug: * Detected change in 'C:\\Users\\kimsc\\PycharmProjects\\TermProject\\views\\api.py', reloading
INFO:werkzeug: * Restarting with stat
WARNING:werkzeug: * Debugger is active!
INFO:werkzeug: * Debugger PIN: 102-983-749
INFO:werkzeug: * Running on http://localhost:8000/ (Press CTRL+C to quit)
DEBUG:urllib3.connectionpool:Starting new HTTP connection (1): apis.data.go.kr:80
DEBUG:urllib3.connectionpool:http://apis.data.go.kr:80 "GET /1320000/LostGoodsInfoInqireService/getLostGoodsInfoAccTpNmCstdyPlace?ServiceKey=%2FRpRLYKrjEbwdsYlZgkvuKZW9wgTRfDhE%2BZyDgf4MzD5OcH5%2Fx92rEl1NDzjnqrHxhcYI1WUjvRfK8n86aSNaw%3D%3D&LST_PLACE=&LST_PRDT_NM=%EC%A7%80%EA%B0%91&pageNo=1&numOfRows=10 HTTP/1.1" 200 976
INFO:werkzeug:127.0.0.1 - - [10/Dec/2019 02:37:40] "GET /api/ HTTP/1.1" 200 -
INFO:werkzeug: * Detected change in 'C:\\Users\\kimsc\\PycharmProjects\\TermProject\\views\\api.py', reloading
INFO:werkzeug: * Restarting with stat
WARNING:werkzeug: * Debugger is active!
INFO:werkzeug: * Debugger PIN: 102-983-749
INFO:werkzeug: * Running on http://localhost:8000/ (Press CTRL+C to quit)
DEBUG:urllib3.connectionpool:Starting new HTTP connection (1): apis.data.go.kr:80
DEBUG:urllib3.connectionpool:http://apis.data.go.kr:80 "GET /1320000/LostGoodsInfoInqireService/getLostGoodsInfoAccTpNmCstdyPlace?ServiceKey=%2FRpRLYKrjEbwdsYlZgkvuKZW9wgTRfDhE%2BZyDgf4MzD5OcH5%2Fx92rEl1NDzjnqrHxhcYI1WUjvRfK8n86aSNaw%3D%3D&LST_PLACE=&LST_PRDT_NM=%EC%A7%80%EA%B0%91&pageNo=1&numOfRows=10 HTTP/1.1" 200 976
INFO:werkzeug:127.0.0.1 - - [10/Dec/2019 02:38:20] "GET /api/ HTTP/1.1" 200 -
INFO:werkzeug: * Detected change in 'C:\\Users\\kimsc\\PycharmProjects\\TermProject\\views\\api.py', reloading
INFO:werkzeug: * Restarting with stat
WARNING:werkzeug: * Debugger is active!
INFO:werkzeug: * Debugger PIN: 102-983-749
INFO:werkzeug: * Running on http://localhost:8000/ (Press CTRL+C to quit)
DEBUG:urllib3.connectionpool:Starting new HTTP connection (1): apis.data.go.kr:80
DEBUG:urllib3.connectionpool:http://apis.data.go.kr:80 "GET /1320000/LostGoodsInfoInqireService/getLostGoodsInfoAccTpNmCstdyPlace?ServiceKey=%2FRpRLYKrjEbwdsYlZgkvuKZW9wgTRfDhE%2BZyDgf4MzD5OcH5%2Fx92rEl1NDzjnqrHxhcYI1WUjvRfK8n86aSNaw%3D%3D&LST_PLACE=&LST_PRDT_NM=%EC%A7%80%EA%B0%91&pageNo=1&numOfRows=10 HTTP/1.1" 200 976
INFO:werkzeug:127.0.0.1 - - [10/Dec/2019 02:38:40] "GET /api/ HTTP/1.1" 200 -
INFO:werkzeug: * Detected change in 'C:\\Users\\kimsc\\PycharmProjects\\TermProject\\views\\api.py', reloading
INFO:werkzeug: * Restarting with stat
WARNING:werkzeug: * Debugger is active!
INFO:werkzeug: * Debugger PIN: 102-983-749
INFO:werkzeug: * Running on http://localhost:8000/ (Press CTRL+C to quit)
DEBUG:urllib3.connectionpool:Starting new HTTP connection (1): apis.data.go.kr:80
DEBUG:urllib3.connectionpool:http://apis.data.go.kr:80 "GET /1320000/LostGoodsInfoInqireService/getLostGoodsInfoAccTpNmCstdyPlace?ServiceKey=%2FRpRLYKrjEbwdsYlZgkvuKZW9wgTRfDhE%2BZyDgf4MzD5OcH5%2Fx92rEl1NDzjnqrHxhcYI1WUjvRfK8n86aSNaw%3D%3D&LST_PLACE=&LST_PRDT_NM=%EC%A7%80%EA%B0%91&pageNo=1&numOfRows=10 HTTP/1.1" 200 976
INFO:werkzeug:127.0.0.1 - - [10/Dec/2019 02:39:07] "GET /api/ HTTP/1.1" 200 -
INFO:werkzeug: * Detected change in 'C:\\Users\\kimsc\\PycharmProjects\\TermProject\\views\\api.py', reloading
INFO:werkzeug: * Restarting with stat
WARNING:werkzeug: * Debugger is active!
INFO:werkzeug: * Debugger PIN: 102-983-749
INFO:werkzeug: * Running on http://localhost:8000/ (Press CTRL+C to quit)
DEBUG:urllib3.connectionpool:Starting new HTTP connection (1): apis.data.go.kr:80
DEBUG:urllib3.connectionpool:http://apis.data.go.kr:80 "GET /1320000/LostGoodsInfoInqireService/getLostGoodsInfoAccTpNmCstdyPlace?ServiceKey=%2FRpRLYKrjEbwdsYlZgkvuKZW9wgTRfDhE%2BZyDgf4MzD5OcH5%2Fx92rEl1NDzjnqrHxhcYI1WUjvRfK8n86aSNaw%3D%3D&LST_PLACE=&LST_PRDT_NM=%EC%A7%80%EA%B0%91&pageNo=1&numOfRows=10 HTTP/1.1" 200 976
INFO:werkzeug:127.0.0.1 - - [10/Dec/2019 02:44:27] "GET /api/ HTTP/1.1" 200 -
INFO:werkzeug: * Detected change in 'C:\\Users\\kimsc\\PycharmProjects\\TermProject\\views\\api.py', reloading
INFO:werkzeug: * Restarting with stat
WARNING:werkzeug: * Debugger is active!
INFO:werkzeug: * Debugger PIN: 102-983-749
INFO:werkzeug: * Running on http://localhost:8000/ (Press CTRL+C to quit)
DEBUG:urllib3.connectionpool:Starting new HTTP connection (1): apis.data.go.kr:80
DEBUG:urllib3.connectionpool:http://apis.data.go.kr:80 "GET /1320000/LostGoodsInfoInqireService/getLostGoodsInfoAccTpNmCstdyPlace?ServiceKey=%2FRpRLYKrjEbwdsYlZgkvuKZW9wgTRfDhE%2BZyDgf4MzD5OcH5%2Fx92rEl1NDzjnqrHxhcYI1WUjvRfK8n86aSNaw%3D%3D&LST_PLACE=&LST_PRDT_NM=%EC%A7%80%EA%B0%91&pageNo=1&numOfRows=10 HTTP/1.1" 200 976
INFO:werkzeug:127.0.0.1 - - [10/Dec/2019 02:45:14] "GET /api/ HTTP/1.1" 200 -
INFO:werkzeug: * Detected change in 'C:\\Users\\kimsc\\PycharmProjects\\TermProject\\views\\api.py', reloading
INFO:werkzeug: * Restarting with stat
WARNING:werkzeug: * Debugger is active!
INFO:werkzeug: * Debugger PIN: 102-983-749
INFO:werkzeug: * Running on http://localhost:8000/ (Press CTRL+C to quit)
DEBUG:urllib3.connectionpool:Starting new HTTP connection (1): apis.data.go.kr:80
DEBUG:urllib3.connectionpool:http://apis.data.go.kr:80 "GET /1320000/LostGoodsInfoInqireService/getLostGoodsInfoAccTpNmCstdyPlace?ServiceKey=%2FRpRLYKrjEbwdsYlZgkvuKZW9wgTRfDhE%2BZyDgf4MzD5OcH5%2Fx92rEl1NDzjnqrHxhcYI1WUjvRfK8n86aSNaw%3D%3D&LST_PLACE=&LST_PRDT_NM=%EC%A7%80%EA%B0%91&pageNo=1&numOfRows=10 HTTP/1.1" 200 976
INFO:werkzeug:127.0.0.1 - - [10/Dec/2019 02:46:03] "GET /api/ HTTP/1.1" 200 -
INFO:werkzeug: * Detected change in 'C:\\Users\\kimsc\\PycharmProjects\\TermProject\\views\\api.py', reloading
INFO:werkzeug: * Restarting with stat
WARNING:werkzeug: * Debugger is active!
INFO:werkzeug: * Debugger PIN: 102-983-749
INFO:werkzeug: * Running on http://localhost:8000/ (Press CTRL+C to quit)
DEBUG:urllib3.connectionpool:Starting new HTTP connection (1): apis.data.go.kr:80
DEBUG:urllib3.connectionpool:http://apis.data.go.kr:80 "GET /1320000/LostGoodsInfoInqireService/getLostGoodsInfoAccTpNmCstdyPlace?ServiceKey=%2FRpRLYKrjEbwdsYlZgkvuKZW9wgTRfDhE%2BZyDgf4MzD5OcH5%2Fx92rEl1NDzjnqrHxhcYI1WUjvRfK8n86aSNaw%3D%3D&LST_PLACE=&LST_PRDT_NM=%EC%A7%80%EA%B0%91&pageNo=1&numOfRows=10 HTTP/1.1" 200 976
INFO:werkzeug:127.0.0.1 - - [10/Dec/2019 02:50:55] "GET /api/ HTTP/1.1" 200 -
INFO:werkzeug: * Detected change in 'C:\\Users\\kimsc\\PycharmProjects\\TermProject\\views\\api.py', reloading
INFO:werkzeug: * Restarting with stat
WARNING:werkzeug: * Debugger is active!
INFO:werkzeug: * Debugger PIN: 102-983-749
INFO:werkzeug: * Running on http://localhost:8000/ (Press CTRL+C to quit)
DEBUG:urllib3.connectionpool:Starting new HTTP connection (1): apis.data.go.kr:80
DEBUG:urllib3.connectionpool:http://apis.data.go.kr:80 "GET /1320000/LostGoodsInfoInqireService/getLostGoodsInfoAccTpNmCstdyPlace?ServiceKey=%2FRpRLYKrjEbwdsYlZgkvuKZW9wgTRfDhE%2BZyDgf4MzD5OcH5%2Fx92rEl1NDzjnqrHxhcYI1WUjvRfK8n86aSNaw%3D%3D&LST_PLACE=&LST_PRDT_NM=%EC%A7%80%EA%B0%91&pageNo=1&numOfRows=10 HTTP/1.1" 200 976
INFO:werkzeug:127.0.0.1 - - [10/Dec/2019 02:51:29] "GET /api/ HTTP/1.1" 200 -
INFO:werkzeug: * Detected change in 'C:\\Users\\kimsc\\PycharmProjects\\TermProject\\views\\api.py', reloading
INFO:werkzeug: * Restarting with stat
WARNING:werkzeug: * Debugger is active!
INFO:werkzeug: * Debugger PIN: 102-983-749
INFO:werkzeug: * Running on http://localhost:8000/ (Press CTRL+C to quit)
DEBUG:urllib3.connectionpool:Starting new HTTP connection (1): apis.data.go.kr:80
DEBUG:urllib3.connectionpool:http://apis.data.go.kr:80 "GET /1320000/LostGoodsInfoInqireService/getLostGoodsInfoAccTpNmCstdyPlace?ServiceKey=%2FRpRLYKrjEbwdsYlZgkvuKZW9wgTRfDhE%2BZyDgf4MzD5OcH5%2Fx92rEl1NDzjnqrHxhcYI1WUjvRfK8n86aSNaw%3D%3D&LST_PLACE=&LST_PRDT_NM=%EC%A7%80%EA%B0%91&pageNo=1&numOfRows=10 HTTP/1.1" 200 976
INFO:werkzeug:127.0.0.1 - - [10/Dec/2019 02:56:01] "GET /api/ HTTP/1.1" 200 -
INFO:werkzeug: * Detected change in 'C:\\Users\\kimsc\\PycharmProjects\\TermProject\\views\\api.py', reloading
INFO:werkzeug: * Restarting with stat
WARNING:werkzeug: * Debugger is active!
INFO:werkzeug: * Debugger PIN: 102-983-749
INFO:werkzeug: * Running on http://localhost:8000/ (Press CTRL+C to quit)
DEBUG:urllib3.connectionpool:Starting new HTTP connection (1): apis.data.go.kr:80
DEBUG:urllib3.connectionpool:http://apis.data.go.kr:80 "GET /1320000/LostGoodsInfoInqireService/getLostGoodsInfoAccTpNmCstdyPlace?ServiceKey=%2FRpRLYKrjEbwdsYlZgkvuKZW9wgTRfDhE%2BZyDgf4MzD5OcH5%2Fx92rEl1NDzjnqrHxhcYI1WUjvRfK8n86aSNaw%3D%3D&LST_PLACE=&LST_PRDT_NM=%EC%A7%80%EA%B0%91&pageNo=1&numOfRows=10 HTTP/1.1" 200 976
INFO:werkzeug:127.0.0.1 - - [10/Dec/2019 02:58:00] "GET /api/ HTTP/1.1" 200 -
INFO:werkzeug: * Detected change in 'C:\\Users\\kimsc\\PycharmProjects\\TermProject\\views\\api.py', reloading
INFO:werkzeug: * Restarting with stat
WARNING:werkzeug: * Debugger is active!
INFO:werkzeug: * Debugger PIN: 102-983-749
INFO:werkzeug: * Running on http://localhost:8000/ (Press CTRL+C to quit)
DEBUG:urllib3.connectionpool:Starting new HTTP connection (1): apis.data.go.kr:80
DEBUG:urllib3.connectionpool:http://apis.data.go.kr:80 "GET /1320000/LostGoodsInfoInqireService/getLostGoodsInfoAccTpNmCstdyPlace?ServiceKey=%2FRpRLYKrjEbwdsYlZgkvuKZW9wgTRfDhE%2BZyDgf4MzD5OcH5%2Fx92rEl1NDzjnqrHxhcYI1WUjvRfK8n86aSNaw%3D%3D&LST_PLACE=&LST_PRDT_NM=%EC%A7%80%EA%B0%91&pageNo=1&numOfRows=10 HTTP/1.1" 200 976
INFO:werkzeug:127.0.0.1 - - [10/Dec/2019 02:58:18] "GET /api/ HTTP/1.1" 200 -
INFO:werkzeug: * Detected change in 'C:\\Users\\kimsc\\PycharmProjects\\TermProject\\views\\api.py', reloading
INFO:werkzeug: * Restarting with stat
WARNING:werkzeug: * Debugger is active!
INFO:werkzeug: * Debugger PIN: 102-983-749
INFO:werkzeug: * Running on http://localhost:8000/ (Press CTRL+C to quit)
DEBUG:urllib3.connectionpool:Starting new HTTP connection (1): apis.data.go.kr:80
DEBUG:urllib3.connectionpool:http://apis.data.go.kr:80 "GET /1320000/LostGoodsInfoInqireService/getLostGoodsInfoAccTpNmCstdyPlace?ServiceKey=%2FRpRLYKrjEbwdsYlZgkvuKZW9wgTRfDhE%2BZyDgf4MzD5OcH5%2Fx92rEl1NDzjnqrHxhcYI1WUjvRfK8n86aSNaw%3D%3D&LST_PLACE=&LST_PRDT_NM=%EC%A7%80%EA%B0%91&pageNo=1&numOfRows=10 HTTP/1.1" 200 976
INFO:werkzeug:127.0.0.1 - - [10/Dec/2019 03:00:34] "GET /api/ HTTP/1.1" 200 -
INFO:werkzeug: * Detected change in 'C:\\Users\\kimsc\\PycharmProjects\\TermProject\\views\\api.py', reloading
INFO:werkzeug: * Restarting with stat
WARNING:werkzeug: * Debugger is active!
INFO:werkzeug: * Debugger PIN: 102-983-749
INFO:werkzeug: * Running on http://localhost:8000/ (Press CTRL+C to quit)
DEBUG:urllib3.connectionpool:Starting new HTTP connection (1): apis.data.go.kr:80
DEBUG:urllib3.connectionpool:http://apis.data.go.kr:80 "GET /1320000/LostGoodsInfoInqireService/getLostGoodsInfoAccTpNmCstdyPlace?ServiceKey=%2FRpRLYKrjEbwdsYlZgkvuKZW9wgTRfDhE%2BZyDgf4MzD5OcH5%2Fx92rEl1NDzjnqrHxhcYI1WUjvRfK8n86aSNaw%3D%3D&LST_PLACE=&LST_PRDT_NM=%EC%A7%80%EA%B0%91&pageNo=1&numOfRows=10 HTTP/1.1" 200 976
INFO:werkzeug:127.0.0.1 - - [10/Dec/2019 03:01:55] "GET /api/ HTTP/1.1" 200 -
INFO:werkzeug: * Detected change in 'C:\\Users\\kimsc\\PycharmProjects\\TermProject\\views\\api.py', reloading
INFO:werkzeug: * Restarting with stat
WARNING:werkzeug: * Debugger is active!
INFO:werkzeug: * Debugger PIN: 102-983-749
INFO:werkzeug: * Running on http://localhost:8000/ (Press CTRL+C to quit)
DEBUG:urllib3.connectionpool:Starting new HTTP connection (1): apis.data.go.kr:80
DEBUG:urllib3.connectionpool:http://apis.data.go.kr:80 "GET /1320000/LostGoodsInfoInqireService/getLostGoodsInfoAccTpNmCstdyPlace?ServiceKey=%2FRpRLYKrjEbwdsYlZgkvuKZW9wgTRfDhE%2BZyDgf4MzD5OcH5%2Fx92rEl1NDzjnqrHxhcYI1WUjvRfK8n86aSNaw%3D%3D&LST_PLACE=&LST_PRDT_NM=%EC%A7%80%EA%B0%91&pageNo=1&numOfRows=10 HTTP/1.1" 200 976
INFO:werkzeug:127.0.0.1 - - [10/Dec/2019 03:02:05] "GET /api/ HTTP/1.1" 200 -
INFO:werkzeug: * Detected change in 'C:\\Users\\kimsc\\PycharmProjects\\TermProject\\views\\api.py', reloading
INFO:werkzeug: * Restarting with stat
WARNING:werkzeug: * Debugger is active!
INFO:werkzeug: * Debugger PIN: 102-983-749
INFO:werkzeug: * Running on http://localhost:8000/ (Press CTRL+C to quit)
DEBUG:urllib3.connectionpool:Starting new HTTP connection (1): apis.data.go.kr:80
DEBUG:urllib3.connectionpool:http://apis.data.go.kr:80 "GET /1320000/LostGoodsInfoInqireService/getLostGoodsInfoAccTpNmCstdyPlace?ServiceKey=%2FRpRLYKrjEbwdsYlZgkvuKZW9wgTRfDhE%2BZyDgf4MzD5OcH5%2Fx92rEl1NDzjnqrHxhcYI1WUjvRfK8n86aSNaw%3D%3D&LST_PLACE=&LST_PRDT_NM=%EC%A7%80%EA%B0%91&pageNo=1&numOfRows=10 HTTP/1.1" 200 976
INFO:werkzeug:127.0.0.1 - - [10/Dec/2019 03:02:44] "GET /api/ HTTP/1.1" 500 -
INFO:werkzeug:127.0.0.1 - - [10/Dec/2019 03:02:44] "GET /api/?__debugger__=yes&cmd=resource&f=style.css HTTP/1.1" 200 -
INFO:werkzeug:127.0.0.1 - - [10/Dec/2019 03:02:44] "GET /api/?__debugger__=yes&cmd=resource&f=jquery.js HTTP/1.1" 200 -
INFO:werkzeug:127.0.0.1 - - [10/Dec/2019 03:02:44] "GET /api/?__debugger__=yes&cmd=resource&f=debugger.js HTTP/1.1" 200 -
INFO:werkzeug:127.0.0.1 - - [10/Dec/2019 03:02:45] "GET /api/?__debugger__=yes&cmd=resource&f=ubuntu.ttf HTTP/1.1" 200 -
INFO:werkzeug:127.0.0.1 - - [10/Dec/2019 03:02:45] "GET /api/?__debugger__=yes&cmd=resource&f=console.png HTTP/1.1" 200 -
INFO:werkzeug:127.0.0.1 - - [10/Dec/2019 03:02:45] "GET /api/?__debugger__=yes&cmd=resource&f=console.png HTTP/1.1" 200 -
INFO:werkzeug: * Detected change in 'C:\\Users\\kimsc\\PycharmProjects\\TermProject\\views\\api.py', reloading
INFO:werkzeug: * Restarting with stat
WARNING:werkzeug: * Debugger is active!
INFO:werkzeug: * Debugger PIN: 102-983-749
INFO:werkzeug: * Running on http://localhost:8000/ (Press CTRL+C to quit)
DEBUG:urllib3.connectionpool:Starting new HTTP connection (1): apis.data.go.kr:80
DEBUG:urllib3.connectionpool:http://apis.data.go.kr:80 "GET /1320000/LostGoodsInfoInqireService/getLostGoodsInfoAccTpNmCstdyPlace?ServiceKey=%2FRpRLYKrjEbwdsYlZgkvuKZW9wgTRfDhE%2BZyDgf4MzD5OcH5%2Fx92rEl1NDzjnqrHxhcYI1WUjvRfK8n86aSNaw%3D%3D&LST_PLACE=&LST_PRDT_NM=%EC%A7%80%EA%B0%91&pageNo=1&numOfRows=10 HTTP/1.1" 200 976
INFO:werkzeug:127.0.0.1 - - [10/Dec/2019 03:02:59] "GET /api/ HTTP/1.1" 200 -
INFO:werkzeug: * Detected change in 'C:\\Users\\kimsc\\PycharmProjects\\TermProject\\views\\api.py', reloading
INFO:werkzeug: * Restarting with stat
WARNING:werkzeug: * Debugger is active!
INFO:werkzeug: * Debugger PIN: 102-983-749
INFO:werkzeug: * Running on http://localhost:8000/ (Press CTRL+C to quit)
DEBUG:urllib3.connectionpool:Starting new HTTP connection (1): apis.data.go.kr:80
DEBUG:urllib3.connectionpool:http://apis.data.go.kr:80 "GET /1320000/LostGoodsInfoInqireService/getLostGoodsInfoAccTpNmCstdyPlace?ServiceKey=%2FRpRLYKrjEbwdsYlZgkvuKZW9wgTRfDhE%2BZyDgf4MzD5OcH5%2Fx92rEl1NDzjnqrHxhcYI1WUjvRfK8n86aSNaw%3D%3D&LST_PLACE=&LST_PRDT_NM=%EC%A7%80%EA%B0%91&pageNo=1&numOfRows=10 HTTP/1.1" 200 976
INFO:werkzeug:127.0.0.1 - - [10/Dec/2019 03:07:20] "GET /api/ HTTP/1.1" 200 -
INFO:werkzeug: * Detected change in 'C:\\Users\\kimsc\\PycharmProjects\\TermProject\\views\\api.py', reloading
INFO:werkzeug: * Restarting with stat
WARNING:werkzeug: * Debugger is active!
INFO:werkzeug: * Debugger PIN: 102-983-749
INFO:werkzeug: * Running on http://localhost:8000/ (Press CTRL+C to quit)
DEBUG:urllib3.connectionpool:Starting new HTTP connection (1): apis.data.go.kr:80
DEBUG:urllib3.connectionpool:http://apis.data.go.kr:80 "GET /1320000/LostGoodsInfoInqireService/getLostGoodsInfoAccTpNmCstdyPlace?ServiceKey=%2FRpRLYKrjEbwdsYlZgkvuKZW9wgTRfDhE%2BZyDgf4MzD5OcH5%2Fx92rEl1NDzjnqrHxhcYI1WUjvRfK8n86aSNaw%3D%3D&LST_PLACE=&LST_PRDT_NM=%EC%A7%80%EA%B0%91&pageNo=1&numOfRows=10 HTTP/1.1" 200 976
INFO:werkzeug:127.0.0.1 - - [10/Dec/2019 03:07:53] "GET /api/ HTTP/1.1" 200 -
DEBUG:urllib3.connectionpool:Starting new HTTP connection (1): apis.data.go.kr:80
DEBUG:urllib3.connectionpool:http://apis.data.go.kr:80 "GET /1320000/LostGoodsInfoInqireService/getLostGoodsInfoAccTpNmCstdyPlace?ServiceKey=%2FRpRLYKrjEbwdsYlZgkvuKZW9wgTRfDhE%2BZyDgf4MzD5OcH5%2Fx92rEl1NDzjnqrHxhcYI1WUjvRfK8n86aSNaw%3D%3D&LST_PLACE=&LST_PRDT_NM=%EC%A7%80%EA%B0%91&pageNo=1&numOfRows=10 HTTP/1.1" 200 976
INFO:werkzeug:127.0.0.1 - - [10/Dec/2019 03:11:53] "GET /api/ HTTP/1.1" 200 -
INFO:werkzeug: * Detected change in 'C:\\Users\\kimsc\\PycharmProjects\\TermProject\\views\\api.py', reloading
INFO:werkzeug: * Restarting with stat
WARNING:werkzeug: * Debugger is active!
INFO:werkzeug: * Debugger PIN: 102-983-749
INFO:werkzeug: * Running on http://localhost:8000/ (Press CTRL+C to quit)
DEBUG:urllib3.connectionpool:Starting new HTTP connection (1): apis.data.go.kr:80
DEBUG:urllib3.connectionpool:http://apis.data.go.kr:80 "GET /1320000/LostGoodsInfoInqireService/getLostGoodsInfoAccTpNmCstdyPlace?ServiceKey=%2FRpRLYKrjEbwdsYlZgkvuKZW9wgTRfDhE%2BZyDgf4MzD5OcH5%2Fx92rEl1NDzjnqrHxhcYI1WUjvRfK8n86aSNaw%3D%3D&LST_PLACE=&LST_PRDT_NM=%EC%A7%80%EA%B0%91&pageNo=1&numOfRows=10 HTTP/1.1" 200 976
INFO:werkzeug:127.0.0.1 - - [10/Dec/2019 03:16:19] "GET /api/ HTTP/1.1" 200 -
INFO:werkzeug: * Detected change in 'C:\\Users\\kimsc\\PycharmProjects\\TermProject\\views\\api.py', reloading
INFO:werkzeug: * Restarting with stat
WARNING:werkzeug: * Debugger is active!
INFO:werkzeug: * Debugger PIN: 102-983-749
INFO:werkzeug: * Running on http://localhost:8000/ (Press CTRL+C to quit)
DEBUG:urllib3.connectionpool:Starting new HTTP connection (1): apis.data.go.kr:80
DEBUG:urllib3.connectionpool:http://apis.data.go.kr:80 "GET /1320000/LostGoodsInfoInqireService/getLostGoodsInfoAccTpNmCstdyPlace?ServiceKey=%2FRpRLYKrjEbwdsYlZgkvuKZW9wgTRfDhE%2BZyDgf4MzD5OcH5%2Fx92rEl1NDzjnqrHxhcYI1WUjvRfK8n86aSNaw%3D%3D&LST_PLACE=&LST_PRDT_NM=%EC%A7%80%EA%B0%91&pageNo=1&numOfRows=10 HTTP/1.1" 200 976
DEBUG:chardet.charsetprober:utf-8  confidence = 0.99
DEBUG:chardet.charsetprober:SHIFT_JIS Japanese confidence = 0.01
DEBUG:chardet.charsetprober:EUC-JP Japanese confidence = 0.01
DEBUG:chardet.charsetprober:GB2312 Chinese confidence = 0.01
DEBUG:chardet.charsetprober:EUC-KR Korean confidence = 0.01
DEBUG:chardet.charsetprober:CP949 Korean confidence = 0.01
DEBUG:chardet.charsetprober:Big5 Chinese confidence = 0.01
DEBUG:chardet.charsetprober:EUC-TW Taiwan confidence = 0.01
DEBUG:chardet.charsetprober:windows-1251 Russian confidence = 0.01
DEBUG:chardet.charsetprober:KOI8-R Russian confidence = 0.01
DEBUG:chardet.charsetprober:ISO-8859-5 Russian confidence = 0.0
DEBUG:chardet.charsetprober:MacCyrillic Russian confidence = 0.009888197557962842
DEBUG:chardet.charsetprober:IBM866 Russian confidence = 0.09850114583892429
DEBUG:chardet.charsetprober:IBM855 Russian confidence = 0.03352094019383284
DEBUG:chardet.charsetprober:ISO-8859-7 Greek confidence = 0.08035498981756815
DEBUG:chardet.charsetprober:windows-1253 Greek confidence = 0.13365086367864673
DEBUG:chardet.charsetprober:ISO-8859-5 Bulgairan confidence = 0.003521824559820339
DEBUG:chardet.charsetprober:windows-1251 Bulgarian confidence = 0.0
DEBUG:chardet.charsetprober:TIS-620 Thai confidence = 0.09020879844936891
DEBUG:chardet.charsetprober:ISO-8859-9 Turkish confidence = 0.26236906528819554
DEBUG:chardet.charsetprober:windows-1255 Hebrew confidence = 0.0
DEBUG:chardet.charsetprober:windows-1255 Hebrew confidence = 0.0
DEBUG:chardet.charsetprober:windows-1255 Hebrew confidence = 0.0
DEBUG:chardet.charsetprober:utf-8  confidence = 0.99
DEBUG:chardet.charsetprober:SHIFT_JIS Japanese confidence = 0.01
DEBUG:chardet.charsetprober:EUC-JP Japanese confidence = 0.01
DEBUG:chardet.charsetprober:GB2312 Chinese confidence = 0.01
DEBUG:chardet.charsetprober:EUC-KR Korean confidence = 0.01
DEBUG:chardet.charsetprober:CP949 Korean confidence = 0.01
DEBUG:chardet.charsetprober:Big5 Chinese confidence = 0.01
DEBUG:chardet.charsetprober:EUC-TW Taiwan confidence = 0.01
INFO:werkzeug:127.0.0.1 - - [10/Dec/2019 03:16:50] "GET /api/ HTTP/1.1" 200 -
INFO:werkzeug: * Detected change in 'C:\\Users\\kimsc\\PycharmProjects\\TermProject\\views\\api.py', reloading
INFO:werkzeug: * Restarting with stat
WARNING:werkzeug: * Debugger is active!
INFO:werkzeug: * Debugger PIN: 102-983-749
INFO:werkzeug: * Running on http://localhost:8000/ (Press CTRL+C to quit)
INFO:werkzeug: * Detected change in 'C:\\Users\\kimsc\\PycharmProjects\\TermProject\\views\\api.py', reloading
INFO:werkzeug: * Restarting with stat
WARNING:werkzeug: * Debugger is active!
INFO:werkzeug: * Debugger PIN: 102-983-749
INFO:werkzeug: * Running on http://localhost:8000/ (Press CTRL+C to quit)
DEBUG:urllib3.connectionpool:Starting new HTTP connection (1): apis.data.go.kr:80
DEBUG:urllib3.connectionpool:http://apis.data.go.kr:80 "GET /1320000/LostGoodsInfoInqireService/getLostGoodsInfoAccTpNmCstdyPlace?ServiceKey=%2FRpRLYKrjEbwdsYlZgkvuKZW9wgTRfDhE%2BZyDgf4MzD5OcH5%2Fx92rEl1NDzjnqrHxhcYI1WUjvRfK8n86aSNaw%3D%3D&LST_PLACE=&LST_PRDT_NM=%EC%A7%80%EA%B0%91&pageNo=1&numOfRows=10 HTTP/1.1" 200 976
INFO:werkzeug:127.0.0.1 - - [10/Dec/2019 03:17:20] "GET /api/ HTTP/1.1" 200 -
INFO:werkzeug: * Detected change in 'C:\\Users\\kimsc\\PycharmProjects\\TermProject\\views\\api.py', reloading
INFO:werkzeug: * Restarting with stat
WARNING:werkzeug: * Debugger is active!
INFO:werkzeug: * Debugger PIN: 102-983-749
INFO:werkzeug: * Running on http://localhost:8000/ (Press CTRL+C to quit)
DEBUG:urllib3.connectionpool:Starting new HTTP connection (1): apis.data.go.kr:80
DEBUG:urllib3.connectionpool:http://apis.data.go.kr:80 "GET /1320000/LostGoodsInfoInqireService/getLostGoodsInfoAccTpNmCstdyPlace?ServiceKey=%2FRpRLYKrjEbwdsYlZgkvuKZW9wgTRfDhE%2BZyDgf4MzD5OcH5%2Fx92rEl1NDzjnqrHxhcYI1WUjvRfK8n86aSNaw%3D%3D&LST_PLACE=&LST_PRDT_NM=%EC%A7%80%EA%B0%91&pageNo=1&numOfRows=10 HTTP/1.1" 200 976
INFO:werkzeug:127.0.0.1 - - [10/Dec/2019 03:18:03] "GET /api/ HTTP/1.1" 200 -
INFO:werkzeug: * Detected change in 'C:\\Users\\kimsc\\PycharmProjects\\TermProject\\views\\api.py', reloading
INFO:werkzeug: * Restarting with stat
WARNING:werkzeug: * Debugger is active!
INFO:werkzeug: * Debugger PIN: 102-983-749
INFO:werkzeug: * Running on http://localhost:8000/ (Press CTRL+C to quit)
DEBUG:urllib3.connectionpool:Starting new HTTP connection (1): apis.data.go.kr:80
DEBUG:urllib3.connectionpool:http://apis.data.go.kr:80 "GET /1320000/LostGoodsInfoInqireService/getLostGoodsInfoAccTpNmCstdyPlace?ServiceKey=%2FRpRLYKrjEbwdsYlZgkvuKZW9wgTRfDhE%2BZyDgf4MzD5OcH5%2Fx92rEl1NDzjnqrHxhcYI1WUjvRfK8n86aSNaw%3D%3D&LST_PLACE=&LST_PRDT_NM=%EC%A7%80%EA%B0%91&pageNo=1&numOfRows=10 HTTP/1.1" 200 976
INFO:werkzeug:127.0.0.1 - - [10/Dec/2019 03:24:44] "GET /api/ HTTP/1.1" 500 -
INFO:werkzeug:127.0.0.1 - - [10/Dec/2019 03:24:44] "GET /api/?__debugger__=yes&cmd=resource&f=style.css HTTP/1.1" 200 -
INFO:werkzeug:127.0.0.1 - - [10/Dec/2019 03:24:44] "GET /api/?__debugger__=yes&cmd=resource&f=jquery.js HTTP/1.1" 200 -
INFO:werkzeug:127.0.0.1 - - [10/Dec/2019 03:24:44] "GET /api/?__debugger__=yes&cmd=resource&f=debugger.js HTTP/1.1" 200 -
INFO:werkzeug:127.0.0.1 - - [10/Dec/2019 03:24:45] "GET /api/?__debugger__=yes&cmd=resource&f=ubuntu.ttf HTTP/1.1" 200 -
INFO:werkzeug:127.0.0.1 - - [10/Dec/2019 03:24:45] "GET /api/?__debugger__=yes&cmd=resource&f=console.png HTTP/1.1" 200 -
INFO:werkzeug:127.0.0.1 - - [10/Dec/2019 03:24:45] "GET /api/?__debugger__=yes&cmd=resource&f=console.png HTTP/1.1" 200 -
INFO:werkzeug: * Detected change in 'C:\\Users\\kimsc\\PycharmProjects\\TermProject\\views\\api.py', reloading
INFO:werkzeug: * Restarting with stat
WARNING:werkzeug: * Debugger is active!
INFO:werkzeug: * Debugger PIN: 102-983-749
INFO:werkzeug: * Running on http://localhost:8000/ (Press CTRL+C to quit)
DEBUG:urllib3.connectionpool:Starting new HTTP connection (1): apis.data.go.kr:80
DEBUG:urllib3.connectionpool:http://apis.data.go.kr:80 "GET /1320000/LostGoodsInfoInqireService/getLostGoodsInfoAccTpNmCstdyPlace?ServiceKey=%2FRpRLYKrjEbwdsYlZgkvuKZW9wgTRfDhE%2BZyDgf4MzD5OcH5%2Fx92rEl1NDzjnqrHxhcYI1WUjvRfK8n86aSNaw%3D%3D&LST_PLACE=&LST_PRDT_NM=%EC%A7%80%EA%B0%91&pageNo=1&numOfRows=10 HTTP/1.1" 200 976
INFO:werkzeug:127.0.0.1 - - [10/Dec/2019 03:25:07] "GET /api/ HTTP/1.1" 500 -
INFO:werkzeug:127.0.0.1 - - [10/Dec/2019 03:25:07] "GET /api/?__debugger__=yes&cmd=resource&f=style.css HTTP/1.1" 200 -
INFO:werkzeug:127.0.0.1 - - [10/Dec/2019 03:25:07] "GET /api/?__debugger__=yes&cmd=resource&f=jquery.js HTTP/1.1" 200 -
INFO:werkzeug:127.0.0.1 - - [10/Dec/2019 03:25:08] "GET /api/?__debugger__=yes&cmd=resource&f=debugger.js HTTP/1.1" 200 -
INFO:werkzeug:127.0.0.1 - - [10/Dec/2019 03:25:08] "GET /api/?__debugger__=yes&cmd=resource&f=ubuntu.ttf HTTP/1.1" 200 -
INFO:werkzeug:127.0.0.1 - - [10/Dec/2019 03:25:08] "GET /api/?__debugger__=yes&cmd=resource&f=console.png HTTP/1.1" 200 -
INFO:werkzeug:127.0.0.1 - - [10/Dec/2019 03:25:09] "GET /api/?__debugger__=yes&cmd=resource&f=console.png HTTP/1.1" 200 -
DEBUG:urllib3.connectionpool:Starting new HTTP connection (1): apis.data.go.kr:80
DEBUG:urllib3.connectionpool:http://apis.data.go.kr:80 "GET /1320000/LostGoodsInfoInqireService/getLostGoodsInfoAccTpNmCstdyPlace?ServiceKey=%2FRpRLYKrjEbwdsYlZgkvuKZW9wgTRfDhE%2BZyDgf4MzD5OcH5%2Fx92rEl1NDzjnqrHxhcYI1WUjvRfK8n86aSNaw%3D%3D&LST_PLACE=&LST_PRDT_NM=%EC%A7%80%EA%B0%91&pageNo=1&numOfRows=10 HTTP/1.1" 200 976
INFO:werkzeug:127.0.0.1 - - [10/Dec/2019 03:25:31] "GET /api/ HTTP/1.1" 500 -
INFO:werkzeug:127.0.0.1 - - [10/Dec/2019 03:25:31] "GET /api/?__debugger__=yes&cmd=resource&f=style.css HTTP/1.1" 200 -
INFO:werkzeug:127.0.0.1 - - [10/Dec/2019 03:25:31] "GET /api/?__debugger__=yes&cmd=resource&f=jquery.js HTTP/1.1" 200 -
INFO:werkzeug:127.0.0.1 - - [10/Dec/2019 03:25:32] "GET /api/?__debugger__=yes&cmd=resource&f=debugger.js HTTP/1.1" 200 -
INFO:werkzeug:127.0.0.1 - - [10/Dec/2019 03:25:32] "GET /api/?__debugger__=yes&cmd=resource&f=ubuntu.ttf HTTP/1.1" 200 -
INFO:werkzeug:127.0.0.1 - - [10/Dec/2019 03:25:32] "GET /api/?__debugger__=yes&cmd=resource&f=console.png HTTP/1.1" 200 -
INFO:werkzeug:127.0.0.1 - - [10/Dec/2019 03:25:32] "GET /api/?__debugger__=yes&cmd=resource&f=console.png HTTP/1.1" 200 -
INFO:werkzeug: * Detected change in 'C:\\Users\\kimsc\\PycharmProjects\\TermProject\\views\\api.py', reloading
INFO:werkzeug: * Restarting with stat
WARNING:werkzeug: * Debugger is active!
INFO:werkzeug: * Debugger PIN: 102-983-749
INFO:werkzeug: * Running on http://localhost:8000/ (Press CTRL+C to quit)
DEBUG:urllib3.connectionpool:Starting new HTTP connection (1): apis.data.go.kr:80
DEBUG:urllib3.connectionpool:http://apis.data.go.kr:80 "GET /1320000/LostGoodsInfoInqireService/getLostGoodsInfoAccTpNmCstdyPlace?ServiceKey=%2FRpRLYKrjEbwdsYlZgkvuKZW9wgTRfDhE%2BZyDgf4MzD5OcH5%2Fx92rEl1NDzjnqrHxhcYI1WUjvRfK8n86aSNaw%3D%3D&LST_PLACE=&LST_PRDT_NM=%EC%A7%80%EA%B0%91&pageNo=1&numOfRows=10 HTTP/1.1" 200 976
INFO:werkzeug:127.0.0.1 - - [10/Dec/2019 03:25:51] "GET /api/ HTTP/1.1" 200 -
INFO:werkzeug: * Detected change in 'C:\\Users\\kimsc\\PycharmProjects\\TermProject\\views\\api.py', reloading
INFO:werkzeug: * Restarting with stat
WARNING:werkzeug: * Debugger is active!
INFO:werkzeug: * Debugger PIN: 102-983-749
INFO:werkzeug: * Running on http://localhost:8000/ (Press CTRL+C to quit)
DEBUG:urllib3.connectionpool:Starting new HTTP connection (1): apis.data.go.kr:80
DEBUG:urllib3.connectionpool:http://apis.data.go.kr:80 "GET /1320000/LostGoodsInfoInqireService/getLostGoodsInfoAccTpNmCstdyPlace?ServiceKey=%2FRpRLYKrjEbwdsYlZgkvuKZW9wgTRfDhE%2BZyDgf4MzD5OcH5%2Fx92rEl1NDzjnqrHxhcYI1WUjvRfK8n86aSNaw%3D%3D&LST_PLACE=&LST_PRDT_NM=%EC%A7%80%EA%B0%91&pageNo=1&numOfRows=10 HTTP/1.1" 200 976
INFO:werkzeug:127.0.0.1 - - [10/Dec/2019 03:26:04] "GET /api/ HTTP/1.1" 500 -
INFO:werkzeug:127.0.0.1 - - [10/Dec/2019 03:26:04] "GET /api/?__debugger__=yes&cmd=resource&f=style.css HTTP/1.1" 200 -
INFO:werkzeug:127.0.0.1 - - [10/Dec/2019 03:26:04] "GET /api/?__debugger__=yes&cmd=resource&f=jquery.js HTTP/1.1" 200 -
INFO:werkzeug:127.0.0.1 - - [10/Dec/2019 03:26:05] "GET /api/?__debugger__=yes&cmd=resource&f=debugger.js HTTP/1.1" 200 -
INFO:werkzeug:127.0.0.1 - - [10/Dec/2019 03:26:05] "GET /api/?__debugger__=yes&cmd=resource&f=ubuntu.ttf HTTP/1.1" 200 -
INFO:werkzeug:127.0.0.1 - - [10/Dec/2019 03:26:05] "GET /api/?__debugger__=yes&cmd=resource&f=console.png HTTP/1.1" 200 -
INFO:werkzeug:127.0.0.1 - - [10/Dec/2019 03:26:05] "GET /api/?__debugger__=yes&cmd=resource&f=console.png HTTP/1.1" 200 -
INFO:werkzeug: * Detected change in 'C:\\Users\\kimsc\\PycharmProjects\\TermProject\\views\\api.py', reloading
INFO:werkzeug: * Restarting with stat
WARNING:werkzeug: * Debugger is active!
INFO:werkzeug: * Debugger PIN: 102-983-749
INFO:werkzeug: * Running on http://localhost:8000/ (Press CTRL+C to quit)
DEBUG:urllib3.connectionpool:Starting new HTTP connection (1): apis.data.go.kr:80
DEBUG:urllib3.connectionpool:http://apis.data.go.kr:80 "GET /1320000/LostGoodsInfoInqireService/getLostGoodsInfoAccTpNmCstdyPlace?ServiceKey=%2FRpRLYKrjEbwdsYlZgkvuKZW9wgTRfDhE%2BZyDgf4MzD5OcH5%2Fx92rEl1NDzjnqrHxhcYI1WUjvRfK8n86aSNaw%3D%3D&LST_PLACE=&LST_PRDT_NM=%EC%A7%80%EA%B0%91&pageNo=1&numOfRows=10 HTTP/1.1" 200 976
INFO:werkzeug:127.0.0.1 - - [10/Dec/2019 03:26:24] "GET /api/ HTTP/1.1" 200 -
INFO:werkzeug: * Detected change in 'C:\\Users\\kimsc\\PycharmProjects\\TermProject\\views\\api.py', reloading
INFO:werkzeug: * Restarting with stat
WARNING:werkzeug: * Debugger is active!
INFO:werkzeug: * Debugger PIN: 102-983-749
INFO:werkzeug: * Running on http://localhost:8000/ (Press CTRL+C to quit)
DEBUG:urllib3.connectionpool:Starting new HTTP connection (1): apis.data.go.kr:80
DEBUG:urllib3.connectionpool:http://apis.data.go.kr:80 "GET /1320000/LostGoodsInfoInqireService/getLostGoodsInfoAccTpNmCstdyPlace?ServiceKey=%2FRpRLYKrjEbwdsYlZgkvuKZW9wgTRfDhE%2BZyDgf4MzD5OcH5%2Fx92rEl1NDzjnqrHxhcYI1WUjvRfK8n86aSNaw%3D%3D&LST_PLACE=&LST_PRDT_NM=%EC%A7%80%EA%B0%91&pageNo=1&numOfRows=10 HTTP/1.1" 200 976
INFO:werkzeug:127.0.0.1 - - [10/Dec/2019 03:26:56] "GET /api/ HTTP/1.1" 200 -
INFO:werkzeug: * Detected change in 'C:\\Users\\kimsc\\PycharmProjects\\TermProject\\views\\api.py', reloading
INFO:werkzeug: * Restarting with stat
WARNING:werkzeug: * Debugger is active!
INFO:werkzeug: * Debugger PIN: 102-983-749
INFO:werkzeug: * Running on http://localhost:8000/ (Press CTRL+C to quit)
DEBUG:urllib3.connectionpool:Starting new HTTP connection (1): apis.data.go.kr:80
DEBUG:urllib3.connectionpool:http://apis.data.go.kr:80 "GET /1320000/LostGoodsInfoInqireService/getLostGoodsInfoAccTpNmCstdyPlace?ServiceKey=%2FRpRLYKrjEbwdsYlZgkvuKZW9wgTRfDhE%2BZyDgf4MzD5OcH5%2Fx92rEl1NDzjnqrHxhcYI1WUjvRfK8n86aSNaw%3D%3D&LST_PLACE=&LST_PRDT_NM=%EC%A7%80%EA%B0%91&pageNo=1&numOfRows=10 HTTP/1.1" 200 976
INFO:werkzeug:127.0.0.1 - - [10/Dec/2019 03:27:18] "GET /api/ HTTP/1.1" 200 -
INFO:werkzeug: * Detected change in 'C:\\Users\\kimsc\\PycharmProjects\\TermProject\\views\\api.py', reloading
INFO:werkzeug: * Restarting with stat
WARNING:werkzeug: * Debugger is active!
INFO:werkzeug: * Debugger PIN: 102-983-749
INFO:werkzeug: * Running on http://localhost:8000/ (Press CTRL+C to quit)
DEBUG:urllib3.connectionpool:Starting new HTTP connection (1): apis.data.go.kr:80
DEBUG:urllib3.connectionpool:http://apis.data.go.kr:80 "GET /1320000/LostGoodsInfoInqireService/getLostGoodsInfoAccTpNmCstdyPlace?ServiceKey=%2FRpRLYKrjEbwdsYlZgkvuKZW9wgTRfDhE%2BZyDgf4MzD5OcH5%2Fx92rEl1NDzjnqrHxhcYI1WUjvRfK8n86aSNaw%3D%3D&LST_PLACE=&LST_PRDT_NM=%EC%A7%80%EA%B0%91&pageNo=1&numOfRows=10 HTTP/1.1" 200 976
INFO:werkzeug:127.0.0.1 - - [10/Dec/2019 03:27:39] "GET /api/ HTTP/1.1" 200 -
INFO:werkzeug: * Detected change in 'C:\\Users\\kimsc\\PycharmProjects\\TermProject\\views\\menus.py', reloading
INFO:werkzeug: * Restarting with stat
WARNING:werkzeug: * Debugger is active!
INFO:werkzeug: * Debugger PIN: 102-983-749
INFO:werkzeug: * Running on http://0.0.0.0:8000/ (Press CTRL+C to quit)
INFO:werkzeug: * Detected change in 'C:\\Users\\kimsc\\PycharmProjects\\TermProject\\views\\menus.py', reloading
INFO:werkzeug: * Restarting with stat
WARNING:werkzeug: * Debugger is active!
INFO:werkzeug: * Debugger PIN: 102-983-749
INFO:werkzeug: * Running on http://0.0.0.0:8000/ (Press CTRL+C to quit)
INFO:werkzeug: * Detected change in 'C:\\Users\\QueaNam\\PycharmProjects\\Service-Oriented-Term-Project\\views\\menus.py', reloading
INFO:werkzeug: * Restarting with stat
WARNING:werkzeug: * Debugger is active!
INFO:werkzeug: * Debugger PIN: 286-773-444
INFO:werkzeug: * Running on http://0.0.0.0:8000/ (Press CTRL+C to quit)
INFO:werkzeug: * Detected change in 'C:\\Users\\QueaNam\\PycharmProjects\\Service-Oriented-Term-Project\\views\\menus.py', reloading
INFO:werkzeug: * Restarting with stat
WARNING:werkzeug: * Debugger is active!
INFO:werkzeug: * Debugger PIN: 286-773-444
INFO:werkzeug: * Running on http://0.0.0.0:8000/ (Press CTRL+C to quit)
INFO:werkzeug: * Detected change in 'C:\\Users\\QueaNam\\PycharmProjects\\Service-Oriented-Term-Project\\views\\menus.py', reloading
INFO:werkzeug: * Restarting with stat
WARNING:werkzeug: * Debugger is active!
INFO:werkzeug: * Debugger PIN: 286-773-444
INFO:werkzeug: * Running on http://0.0.0.0:8000/ (Press CTRL+C to quit)
INFO:werkzeug:127.0.0.1 - - [16/Dec/2019 21:06:33] "GET / HTTP/1.1" 200 -
DEBUG:urllib3.connectionpool:Starting new HTTPS connection (1): dapi.kakao.com:443
DEBUG:urllib3.connectionpool:https://dapi.kakao.com:443 "GET /v2/search/image?query=%EB%96%BC%EA%BB%84%EB%A3%A9 HTTP/1.1" 200 None
INFO:werkzeug:127.0.0.1 - - [16/Dec/2019 21:24:10] "GET /menu/images HTTP/1.1" 200 -
ERROR:app:404 Not Found: The requested URL was not found on the server. If you entered the URL manually please check your spelling and try again.
INFO:werkzeug:127.0.0.1 - - [16/Dec/2019 21:24:10] "GET /menu/static/assets/js/core/jquery.min.js HTTP/1.1" 404 -
ERROR:app:404 Not Found: The requested URL was not found on the server. If you entered the URL manually please check your spelling and try again.
ERROR:app:404 Not Found: The requested URL was not found on the server. If you entered the URL manually please check your spelling and try again.
INFO:werkzeug:127.0.0.1 - - [16/Dec/2019 21:24:10] "GET /menu/static/assets/js/core/popper.min.js HTTP/1.1" 404 -
ERROR:app:404 Not Found: The requested URL was not found on the server. If you entered the URL manually please check your spelling and try again.
INFO:werkzeug:127.0.0.1 - - [16/Dec/2019 21:24:10] "GET /menu/static/assets/js/core/bootstrap-material-design.min.js HTTP/1.1" 404 -
ERROR:app:404 Not Found: The requested URL was not found on the server. If you entered the URL manually please check your spelling and try again.
INFO:werkzeug:127.0.0.1 - - [16/Dec/2019 21:24:10] "GET /menu/static/assets/js/plugins/perfect-scrollbar.jquery.min.js HTTP/1.1" 404 -
INFO:werkzeug:127.0.0.1 - - [16/Dec/2019 21:24:10] "GET /menu/static/assets/js/plugins/chartist.min.js HTTP/1.1" 404 -
ERROR:app:404 Not Found: The requested URL was not found on the server. If you entered the URL manually please check your spelling and try again.
ERROR:app:404 Not Found: The requested URL was not found on the server. If you entered the URL manually please check your spelling and try again.
INFO:werkzeug:127.0.0.1 - - [16/Dec/2019 21:24:10] "GET /menu/static/assets/js/plugins/bootstrap-notify.js HTTP/1.1" 404 -
INFO:werkzeug:127.0.0.1 - - [16/Dec/2019 21:24:10] "GET /menu/static/assets/js/material-dashboard.js?v=2.1.1 HTTP/1.1" 404 -
ERROR:app:404 Not Found: The requested URL was not found on the server. If you entered the URL manually please check your spelling and try again.
INFO:werkzeug:127.0.0.1 - - [16/Dec/2019 21:24:10] "GET /menu/static/assets/js/plugins/chartist.min.js HTTP/1.1" 404 -
ERROR:app:404 Not Found: The requested URL was not found on the server. If you entered the URL manually please check your spelling and try again.
INFO:werkzeug:127.0.0.1 - - [16/Dec/2019 21:24:11] "GET /menu/static/assets/js/plugins/bootstrap-notify.js HTTP/1.1" 404 -
ERROR:app:404 Not Found: The requested URL was not found on the server. If you entered the URL manually please check your spelling and try again.
INFO:werkzeug:127.0.0.1 - - [16/Dec/2019 21:24:11] "GET /menu/static/assets/js/material-dashboard.js?v=2.1.1 HTTP/1.1" 404 -
INFO:werkzeug:127.0.0.1 - - [16/Dec/2019 21:24:12] "GET / HTTP/1.1" 200 -
INFO:werkzeug:127.0.0.1 - - [16/Dec/2019 21:28:40] "GET /menu/api_run HTTP/1.1" 500 -
INFO:werkzeug:127.0.0.1 - - [16/Dec/2019 21:28:40] "GET /menu/api_run?__debugger__=yes&cmd=resource&f=style.css HTTP/1.1" 200 -
INFO:werkzeug:127.0.0.1 - - [16/Dec/2019 21:28:40] "GET /menu/api_run?__debugger__=yes&cmd=resource&f=jquery.js HTTP/1.1" 200 -
INFO:werkzeug:127.0.0.1 - - [16/Dec/2019 21:28:40] "GET /menu/api_run?__debugger__=yes&cmd=resource&f=debugger.js HTTP/1.1" 200 -
INFO:werkzeug:127.0.0.1 - - [16/Dec/2019 21:28:40] "GET /menu/api_run?__debugger__=yes&cmd=resource&f=ubuntu.ttf HTTP/1.1" 200 -
INFO:werkzeug:127.0.0.1 - - [16/Dec/2019 21:28:40] "GET /menu/api_run?__debugger__=yes&cmd=resource&f=console.png HTTP/1.1" 200 -
INFO:werkzeug:127.0.0.1 - - [16/Dec/2019 21:28:41] "GET /menu/api_run?__debugger__=yes&cmd=resource&f=console.png HTTP/1.1" 200 -
INFO:werkzeug: * Detected change in 'C:\\Users\\QueaNam\\PycharmProjects\\Service-Oriented-Term-Project\\views\\menus.py', reloading
INFO:werkzeug: * Restarting with stat
WARNING:werkzeug: * Debugger is active!
INFO:werkzeug: * Debugger PIN: 286-773-444
INFO:werkzeug: * Running on http://0.0.0.0:8000/ (Press CTRL+C to quit)
DEBUG:urllib3.connectionpool:Starting new HTTPS connection (1): dapi.kakao.com:443
DEBUG:urllib3.connectionpool:https://dapi.kakao.com:443 "GET /v3/search/book?target=title&query=%EB%B0%98%EC%A7%80%EA%B0%91 HTTP/1.1" 200 None
INFO:werkzeug:127.0.0.1 - - [16/Dec/2019 21:29:14] "GET /menu/api_run HTTP/1.1" 200 -
ERROR:app:404 Not Found: The requested URL was not found on the server. If you entered the URL manually please check your spelling and try again.
INFO:werkzeug:127.0.0.1 - - [16/Dec/2019 21:29:14] "GET /menu/static/assets/js/core/jquery.min.js HTTP/1.1" 404 -
ERROR:app:404 Not Found: The requested URL was not found on the server. If you entered the URL manually please check your spelling and try again.
ERROR:app:404 Not Found: The requested URL was not found on the server. If you entered the URL manually please check your spelling and try again.
ERROR:app:404 Not Found: The requested URL was not found on the server. If you entered the URL manually please check your spelling and try again.
INFO:werkzeug:127.0.0.1 - - [16/Dec/2019 21:29:15] "GET /menu/static/assets/js/core/popper.min.js HTTP/1.1" 404 -
INFO:werkzeug:127.0.0.1 - - [16/Dec/2019 21:29:15] "GET /menu/static/assets/js/core/bootstrap-material-design.min.js HTTP/1.1" 404 -
INFO:werkzeug:127.0.0.1 - - [16/Dec/2019 21:29:15] "GET /menu/static/assets/js/plugins/perfect-scrollbar.jquery.min.js HTTP/1.1" 404 -
ERROR:app:404 Not Found: The requested URL was not found on the server. If you entered the URL manually please check your spelling and try again.
ERROR:app:404 Not Found: The requested URL was not found on the server. If you entered the URL manually please check your spelling and try again.
INFO:werkzeug:127.0.0.1 - - [16/Dec/2019 21:29:15] "GET /menu/static/assets/js/plugins/chartist.min.js HTTP/1.1" 404 -
INFO:werkzeug:127.0.0.1 - - [16/Dec/2019 21:29:15] "GET /menu/static/assets/js/plugins/bootstrap-notify.js HTTP/1.1" 404 -
ERROR:app:404 Not Found: The requested URL was not found on the server. If you entered the URL manually please check your spelling and try again.
INFO:werkzeug:127.0.0.1 - - [16/Dec/2019 21:29:15] "GET /menu/static/assets/js/material-dashboard.js?v=2.1.1 HTTP/1.1" 404 -
DEBUG:urllib3.connectionpool:Starting new HTTPS connection (1): dapi.kakao.com:443
DEBUG:urllib3.connectionpool:https://dapi.kakao.com:443 "GET /v3/search/book?target=title&query=%EB%B0%98%EC%A7%80%EA%B0%91 HTTP/1.1" 200 None
INFO:werkzeug:127.0.0.1 - - [16/Dec/2019 21:30:31] "GET /menu/api_run HTTP/1.1" 200 -
ERROR:app:404 Not Found: The requested URL was not found on the server. If you entered the URL manually please check your spelling and try again.
INFO:werkzeug:127.0.0.1 - - [16/Dec/2019 21:30:31] "GET /menu/static/assets/js/core/jquery.min.js HTTP/1.1" 404 -
ERROR:app:404 Not Found: The requested URL was not found on the server. If you entered the URL manually please check your spelling and try again.
ERROR:app:404 Not Found: The requested URL was not found on the server. If you entered the URL manually please check your spelling and try again.
ERROR:app:404 Not Found: The requested URL was not found on the server. If you entered the URL manually please check your spelling and try again.
INFO:werkzeug:127.0.0.1 - - [16/Dec/2019 21:30:31] "GET /menu/static/assets/js/core/popper.min.js HTTP/1.1" 404 -
ERROR:app:404 Not Found: The requested URL was not found on the server. If you entered the URL manually please check your spelling and try again.
INFO:werkzeug:127.0.0.1 - - [16/Dec/2019 21:30:31] "GET /menu/static/assets/js/core/bootstrap-material-design.min.js HTTP/1.1" 404 -
INFO:werkzeug:127.0.0.1 - - [16/Dec/2019 21:30:31] "GET /menu/static/assets/js/plugins/perfect-scrollbar.jquery.min.js HTTP/1.1" 404 -
ERROR:app:404 Not Found: The requested URL was not found on the server. If you entered the URL manually please check your spelling and try again.
INFO:werkzeug:127.0.0.1 - - [16/Dec/2019 21:30:31] "GET /menu/static/assets/js/plugins/chartist.min.js HTTP/1.1" 404 -
INFO:werkzeug:127.0.0.1 - - [16/Dec/2019 21:30:31] "GET /menu/static/assets/js/plugins/bootstrap-notify.js HTTP/1.1" 404 -
ERROR:app:404 Not Found: The requested URL was not found on the server. If you entered the URL manually please check your spelling and try again.
INFO:werkzeug:127.0.0.1 - - [16/Dec/2019 21:30:31] "GET /menu/static/assets/js/material-dashboard.js?v=2.1.1 HTTP/1.1" 404 -
DEBUG:urllib3.connectionpool:Starting new HTTPS connection (1): dapi.kakao.com:443
DEBUG:urllib3.connectionpool:https://dapi.kakao.com:443 "GET /v3/search/book?target=title&query=%EB%B0%98%EC%A7%80%EA%B0%91 HTTP/1.1" 200 None
INFO:werkzeug:127.0.0.1 - - [16/Dec/2019 21:33:49] "GET /menu/api_run HTTP/1.1" 200 -
ERROR:app:404 Not Found: The requested URL was not found on the server. If you entered the URL manually please check your spelling and try again.
INFO:werkzeug:127.0.0.1 - - [16/Dec/2019 21:33:49] "GET /menu/static/assets/js/core/bootstrap-material-design.min.js HTTP/1.1" 404 -
ERROR:app:404 Not Found: The requested URL was not found on the server. If you entered the URL manually please check your spelling and try again.
ERROR:app:404 Not Found: The requested URL was not found on the server. If you entered the URL manually please check your spelling and try again.
INFO:werkzeug:127.0.0.1 - - [16/Dec/2019 21:33:49] "GET /menu/static/assets/js/core/jquery.min.js HTTP/1.1" 404 -
ERROR:app:404 Not Found: The requested URL was not found on the server. If you entered the URL manually please check your spelling and try again.
INFO:werkzeug:127.0.0.1 - - [16/Dec/2019 21:33:49] "GET /menu/static/assets/js/core/popper.min.js HTTP/1.1" 404 -
INFO:werkzeug:127.0.0.1 - - [16/Dec/2019 21:33:49] "GET /menu/static/assets/js/plugins/perfect-scrollbar.jquery.min.js HTTP/1.1" 404 -
ERROR:app:404 Not Found: The requested URL was not found on the server. If you entered the URL manually please check your spelling and try again.
ERROR:app:404 Not Found: The requested URL was not found on the server. If you entered the URL manually please check your spelling and try again.
INFO:werkzeug:127.0.0.1 - - [16/Dec/2019 21:33:49] "GET /menu/static/assets/js/plugins/chartist.min.js HTTP/1.1" 404 -
INFO:werkzeug:127.0.0.1 - - [16/Dec/2019 21:33:49] "GET /menu/static/assets/js/plugins/bootstrap-notify.js HTTP/1.1" 404 -
ERROR:app:404 Not Found: The requested URL was not found on the server. If you entered the URL manually please check your spelling and try again.
INFO:werkzeug:127.0.0.1 - - [16/Dec/2019 21:33:49] "GET /menu/static/assets/js/material-dashboard.js?v=2.1.1 HTTP/1.1" 404 -
ERROR:app:404 Not Found: The requested URL was not found on the server. If you entered the URL manually please check your spelling and try again.
INFO:werkzeug:127.0.0.1 - - [16/Dec/2019 21:33:50] "GET /menu/static/assets/js/core/bootstrap-material-design.min.js HTTP/1.1" 404 -
ERROR:app:404 Not Found: The requested URL was not found on the server. If you entered the URL manually please check your spelling and try again.
INFO:werkzeug:127.0.0.1 - - [16/Dec/2019 21:33:50] "GET /menu/static/assets/js/plugins/perfect-scrollbar.jquery.min.js HTTP/1.1" 404 -
ERROR:app:404 Not Found: The requested URL was not found on the server. If you entered the URL manually please check your spelling and try again.
INFO:werkzeug:127.0.0.1 - - [16/Dec/2019 21:33:50] "GET /menu/static/assets/js/plugins/chartist.min.js HTTP/1.1" 404 -
ERROR:app:404 Not Found: The requested URL was not found on the server. If you entered the URL manually please check your spelling and try again.
INFO:werkzeug:127.0.0.1 - - [16/Dec/2019 21:33:50] "GET /menu/static/assets/js/plugins/bootstrap-notify.js HTTP/1.1" 404 -
ERROR:app:404 Not Found: The requested URL was not found on the server. If you entered the URL manually please check your spelling and try again.
INFO:werkzeug:127.0.0.1 - - [16/Dec/2019 21:33:50] "GET /menu/static/assets/js/material-dashboard.js?v=2.1.1 HTTP/1.1" 404 -
DEBUG:urllib3.connectionpool:Starting new HTTPS connection (1): dapi.kakao.com:443
DEBUG:urllib3.connectionpool:https://dapi.kakao.com:443 "GET /v3/search/book?target=title&query=%EB%B0%98%EC%A7%80%EA%B0%91 HTTP/1.1" 200 None
INFO:werkzeug:127.0.0.1 - - [16/Dec/2019 21:34:53] "GET /menu/api_run HTTP/1.1" 200 -
ERROR:app:404 Not Found: The requested URL was not found on the server. If you entered the URL manually please check your spelling and try again.
INFO:werkzeug:127.0.0.1 - - [16/Dec/2019 21:34:53] "GET /menu/static/assets/js/core/jquery.min.js HTTP/1.1" 404 -
ERROR:app:404 Not Found: The requested URL was not found on the server. If you entered the URL manually please check your spelling and try again.
ERROR:app:404 Not Found: The requested URL was not found on the server. If you entered the URL manually please check your spelling and try again.
INFO:werkzeug:127.0.0.1 - - [16/Dec/2019 21:34:53] "GET /menu/static/assets/js/core/popper.min.js HTTP/1.1" 404 -
INFO:werkzeug:127.0.0.1 - - [16/Dec/2019 21:34:53] "GET /menu/static/assets/js/core/bootstrap-material-design.min.js HTTP/1.1" 404 -
ERROR:app:404 Not Found: The requested URL was not found on the server. If you entered the URL manually please check your spelling and try again.
ERROR:app:404 Not Found: The requested URL was not found on the server. If you entered the URL manually please check your spelling and try again.
INFO:werkzeug:127.0.0.1 - - [16/Dec/2019 21:34:53] "GET /menu/static/assets/js/plugins/perfect-scrollbar.jquery.min.js HTTP/1.1" 404 -
INFO:werkzeug:127.0.0.1 - - [16/Dec/2019 21:34:53] "GET /menu/static/assets/js/plugins/chartist.min.js HTTP/1.1" 404 -
ERROR:app:404 Not Found: The requested URL was not found on the server. If you entered the URL manually please check your spelling and try again.
INFO:werkzeug:127.0.0.1 - - [16/Dec/2019 21:34:53] "GET /menu/static/assets/js/plugins/bootstrap-notify.js HTTP/1.1" 404 -
ERROR:app:404 Not Found: The requested URL was not found on the server. If you entered the URL manually please check your spelling and try again.
INFO:werkzeug:127.0.0.1 - - [16/Dec/2019 21:34:53] "GET /menu/static/assets/js/material-dashboard.js?v=2.1.1 HTTP/1.1" 404 -
DEBUG:urllib3.connectionpool:Starting new HTTPS connection (1): dapi.kakao.com:443
DEBUG:urllib3.connectionpool:https://dapi.kakao.com:443 "GET /v3/search/book?target=title&query=%EB%B0%98%EC%A7%80%EA%B0%91 HTTP/1.1" 200 None
INFO:werkzeug:127.0.0.1 - - [16/Dec/2019 21:35:02] "GET /menu/api_run HTTP/1.1" 200 -
ERROR:app:404 Not Found: The requested URL was not found on the server. If you entered the URL manually please check your spelling and try again.
INFO:werkzeug:127.0.0.1 - - [16/Dec/2019 21:35:02] "GET /menu/static/assets/js/core/jquery.min.js HTTP/1.1" 404 -
ERROR:app:404 Not Found: The requested URL was not found on the server. If you entered the URL manually please check your spelling and try again.
ERROR:app:404 Not Found: The requested URL was not found on the server. If you entered the URL manually please check your spelling and try again.
ERROR:app:404 Not Found: The requested URL was not found on the server. If you entered the URL manually please check your spelling and try again.
ERROR:app:404 Not Found: The requested URL was not found on the server. If you entered the URL manually please check your spelling and try again.
INFO:werkzeug:127.0.0.1 - - [16/Dec/2019 21:35:03] "GET /menu/static/assets/js/core/bootstrap-material-design.min.js HTTP/1.1" 404 -
ERROR:app:404 Not Found: The requested URL was not found on the server. If you entered the URL manually please check your spelling and try again.
INFO:werkzeug:127.0.0.1 - - [16/Dec/2019 21:35:03] "GET /menu/static/assets/js/core/popper.min.js HTTP/1.1" 404 -
INFO:werkzeug:127.0.0.1 - - [16/Dec/2019 21:35:03] "GET /menu/static/assets/js/plugins/perfect-scrollbar.jquery.min.js HTTP/1.1" 404 -
INFO:werkzeug:127.0.0.1 - - [16/Dec/2019 21:35:03] "GET /menu/static/assets/js/plugins/chartist.min.js HTTP/1.1" 404 -
INFO:werkzeug:127.0.0.1 - - [16/Dec/2019 21:35:03] "GET /menu/static/assets/js/plugins/bootstrap-notify.js HTTP/1.1" 404 -
ERROR:app:404 Not Found: The requested URL was not found on the server. If you entered the URL manually please check your spelling and try again.
INFO:werkzeug:127.0.0.1 - - [16/Dec/2019 21:35:03] "GET /menu/static/assets/js/material-dashboard.js?v=2.1.1 HTTP/1.1" 404 -
ERROR:app:404 Not Found: The requested URL was not found on the server. If you entered the URL manually please check your spelling and try again.
INFO:werkzeug:127.0.0.1 - - [16/Dec/2019 21:35:03] "GET /menu/static/assets/js/core/bootstrap-material-design.min.js HTTP/1.1" 404 -
ERROR:app:404 Not Found: The requested URL was not found on the server. If you entered the URL manually please check your spelling and try again.
INFO:werkzeug:127.0.0.1 - - [16/Dec/2019 21:35:03] "GET /menu/static/assets/js/plugins/perfect-scrollbar.jquery.min.js HTTP/1.1" 404 -
ERROR:app:404 Not Found: The requested URL was not found on the server. If you entered the URL manually please check your spelling and try again.
INFO:werkzeug:127.0.0.1 - - [16/Dec/2019 21:35:03] "GET /menu/static/assets/js/plugins/chartist.min.js HTTP/1.1" 404 -
ERROR:app:404 Not Found: The requested URL was not found on the server. If you entered the URL manually please check your spelling and try again.
INFO:werkzeug:127.0.0.1 - - [16/Dec/2019 21:35:03] "GET /menu/static/assets/js/plugins/bootstrap-notify.js HTTP/1.1" 404 -
ERROR:app:404 Not Found: The requested URL was not found on the server. If you entered the URL manually please check your spelling and try again.
INFO:werkzeug:127.0.0.1 - - [16/Dec/2019 21:35:04] "GET /menu/static/assets/js/material-dashboard.js?v=2.1.1 HTTP/1.1" 404 -
DEBUG:urllib3.connectionpool:Starting new HTTPS connection (1): dapi.kakao.com:443
DEBUG:urllib3.connectionpool:https://dapi.kakao.com:443 "GET /v3/search/book?target=title&query=%EB%B0%98%EC%A7%80%EA%B0%91 HTTP/1.1" 200 None
INFO:werkzeug:127.0.0.1 - - [16/Dec/2019 21:35:31] "GET /menu/api_run HTTP/1.1" 200 -
ERROR:app:404 Not Found: The requested URL was not found on the server. If you entered the URL manually please check your spelling and try again.
INFO:werkzeug:127.0.0.1 - - [16/Dec/2019 21:35:31] "GET /menu/static/assets/js/core/jquery.min.js HTTP/1.1" 404 -
ERROR:app:404 Not Found: The requested URL was not found on the server. If you entered the URL manually please check your spelling and try again.
INFO:werkzeug:127.0.0.1 - - [16/Dec/2019 21:35:32] "GET /menu/static/assets/js/core/popper.min.js HTTP/1.1" 404 -
ERROR:app:404 Not Found: The requested URL was not found on the server. If you entered the URL manually please check your spelling and try again.
ERROR:app:404 Not Found: The requested URL was not found on the server. If you entered the URL manually please check your spelling and try again.
INFO:werkzeug:127.0.0.1 - - [16/Dec/2019 21:35:32] "GET /menu/static/assets/js/core/bootstrap-material-design.min.js HTTP/1.1" 404 -
INFO:werkzeug:127.0.0.1 - - [16/Dec/2019 21:35:32] "GET /menu/static/assets/js/plugins/perfect-scrollbar.jquery.min.js HTTP/1.1" 404 -
ERROR:app:404 Not Found: The requested URL was not found on the server. If you entered the URL manually please check your spelling and try again.
ERROR:app:404 Not Found: The requested URL was not found on the server. If you entered the URL manually please check your spelling and try again.
INFO:werkzeug:127.0.0.1 - - [16/Dec/2019 21:35:32] "GET /menu/static/assets/js/plugins/chartist.min.js HTTP/1.1" 404 -
INFO:werkzeug:127.0.0.1 - - [16/Dec/2019 21:35:32] "GET /menu/static/assets/js/plugins/bootstrap-notify.js HTTP/1.1" 404 -
ERROR:app:404 Not Found: The requested URL was not found on the server. If you entered the URL manually please check your spelling and try again.
INFO:werkzeug:127.0.0.1 - - [16/Dec/2019 21:35:32] "GET /menu/static/assets/js/material-dashboard.js?v=2.1.1 HTTP/1.1" 404 -
DEBUG:urllib3.connectionpool:Starting new HTTPS connection (1): dapi.kakao.com:443
DEBUG:urllib3.connectionpool:https://dapi.kakao.com:443 "GET /v3/search/book?target=title&query=%EB%B0%98%EC%A7%80%EA%B0%91 HTTP/1.1" 200 None
INFO:werkzeug:127.0.0.1 - - [16/Dec/2019 21:36:51] "GET /menu/api_run HTTP/1.1" 200 -
ERROR:app:404 Not Found: The requested URL was not found on the server. If you entered the URL manually please check your spelling and try again.
INFO:werkzeug:127.0.0.1 - - [16/Dec/2019 21:36:51] "GET /menu/static/assets/js/core/bootstrap-material-design.min.js HTTP/1.1" 404 -
ERROR:app:404 Not Found: The requested URL was not found on the server. If you entered the URL manually please check your spelling and try again.
ERROR:app:404 Not Found: The requested URL was not found on the server. If you entered the URL manually please check your spelling and try again.
INFO:werkzeug:127.0.0.1 - - [16/Dec/2019 21:36:51] "GET /menu/static/assets/js/core/jquery.min.js HTTP/1.1" 404 -
ERROR:app:404 Not Found: The requested URL was not found on the server. If you entered the URL manually please check your spelling and try again.
ERROR:app:404 Not Found: The requested URL was not found on the server. If you entered the URL manually please check your spelling and try again.
INFO:werkzeug:127.0.0.1 - - [16/Dec/2019 21:36:51] "GET /menu/static/assets/js/core/popper.min.js HTTP/1.1" 404 -
ERROR:app:404 Not Found: The requested URL was not found on the server. If you entered the URL manually please check your spelling and try again.
INFO:werkzeug:127.0.0.1 - - [16/Dec/2019 21:36:51] "GET /menu/static/assets/js/plugins/chartist.min.js HTTP/1.1" 404 -
INFO:werkzeug:127.0.0.1 - - [16/Dec/2019 21:36:51] "GET /menu/static/assets/js/plugins/perfect-scrollbar.jquery.min.js HTTP/1.1" 404 -
INFO:werkzeug:127.0.0.1 - - [16/Dec/2019 21:36:51] "GET /menu/static/assets/js/plugins/bootstrap-notify.js HTTP/1.1" 404 -
ERROR:app:404 Not Found: The requested URL was not found on the server. If you entered the URL manually please check your spelling and try again.
INFO:werkzeug:127.0.0.1 - - [16/Dec/2019 21:36:51] "GET /menu/static/assets/js/material-dashboard.js?v=2.1.1 HTTP/1.1" 404 -
ERROR:app:404 Not Found: The requested URL was not found on the server. If you entered the URL manually please check your spelling and try again.
INFO:werkzeug:127.0.0.1 - - [16/Dec/2019 21:36:52] "GET /menu/static/assets/js/core/bootstrap-material-design.min.js HTTP/1.1" 404 -
ERROR:app:404 Not Found: The requested URL was not found on the server. If you entered the URL manually please check your spelling and try again.
INFO:werkzeug:127.0.0.1 - - [16/Dec/2019 21:36:52] "GET /menu/static/assets/js/plugins/perfect-scrollbar.jquery.min.js HTTP/1.1" 404 -
ERROR:app:404 Not Found: The requested URL was not found on the server. If you entered the URL manually please check your spelling and try again.
INFO:werkzeug:127.0.0.1 - - [16/Dec/2019 21:36:52] "GET /menu/static/assets/js/plugins/chartist.min.js HTTP/1.1" 404 -
ERROR:app:404 Not Found: The requested URL was not found on the server. If you entered the URL manually please check your spelling and try again.
INFO:werkzeug:127.0.0.1 - - [16/Dec/2019 21:36:52] "GET /menu/static/assets/js/plugins/bootstrap-notify.js HTTP/1.1" 404 -
ERROR:app:404 Not Found: The requested URL was not found on the server. If you entered the URL manually please check your spelling and try again.
INFO:werkzeug:127.0.0.1 - - [16/Dec/2019 21:36:52] "GET /menu/static/assets/js/material-dashboard.js?v=2.1.1 HTTP/1.1" 404 -
DEBUG:urllib3.connectionpool:Starting new HTTPS connection (1): dapi.kakao.com:443
DEBUG:urllib3.connectionpool:https://dapi.kakao.com:443 "GET /v3/search/book?target=title&query=%EB%B0%98%EC%A7%80%EA%B0%91 HTTP/1.1" 200 None
INFO:werkzeug:127.0.0.1 - - [16/Dec/2019 21:37:10] "GET /menu/api_run HTTP/1.1" 200 -
ERROR:app:404 Not Found: The requested URL was not found on the server. If you entered the URL manually please check your spelling and try again.
INFO:werkzeug:127.0.0.1 - - [16/Dec/2019 21:37:10] "GET /menu/static/assets/js/core/jquery.min.js HTTP/1.1" 404 -
ERROR:app:404 Not Found: The requested URL was not found on the server. If you entered the URL manually please check your spelling and try again.
ERROR:app:404 Not Found: The requested URL was not found on the server. If you entered the URL manually please check your spelling and try again.
ERROR:app:404 Not Found: The requested URL was not found on the server. If you entered the URL manually please check your spelling and try again.
INFO:werkzeug:127.0.0.1 - - [16/Dec/2019 21:37:11] "GET /menu/static/assets/js/core/popper.min.js HTTP/1.1" 404 -
ERROR:app:404 Not Found: The requested URL was not found on the server. If you entered the URL manually please check your spelling and try again.
INFO:werkzeug:127.0.0.1 - - [16/Dec/2019 21:37:11] "GET /menu/static/assets/js/core/bootstrap-material-design.min.js HTTP/1.1" 404 -
INFO:werkzeug:127.0.0.1 - - [16/Dec/2019 21:37:11] "GET /menu/static/assets/js/plugins/perfect-scrollbar.jquery.min.js HTTP/1.1" 404 -
ERROR:app:404 Not Found: The requested URL was not found on the server. If you entered the URL manually please check your spelling and try again.
INFO:werkzeug:127.0.0.1 - - [16/Dec/2019 21:37:11] "GET /menu/static/assets/js/plugins/chartist.min.js HTTP/1.1" 404 -
INFO:werkzeug:127.0.0.1 - - [16/Dec/2019 21:37:11] "GET /menu/static/assets/js/plugins/bootstrap-notify.js HTTP/1.1" 404 -
ERROR:app:404 Not Found: The requested URL was not found on the server. If you entered the URL manually please check your spelling and try again.
INFO:werkzeug:127.0.0.1 - - [16/Dec/2019 21:37:11] "GET /menu/static/assets/js/material-dashboard.js?v=2.1.1 HTTP/1.1" 404 -
DEBUG:urllib3.connectionpool:Starting new HTTPS connection (1): dapi.kakao.com:443
DEBUG:urllib3.connectionpool:https://dapi.kakao.com:443 "GET /v3/search/book?target=title&query=%EB%B0%98%EC%A7%80%EA%B0%91 HTTP/1.1" 200 None
INFO:werkzeug:127.0.0.1 - - [16/Dec/2019 21:37:41] "GET /menu/api_run HTTP/1.1" 200 -
ERROR:app:404 Not Found: The requested URL was not found on the server. If you entered the URL manually please check your spelling and try again.
INFO:werkzeug:127.0.0.1 - - [16/Dec/2019 21:37:41] "GET /menu/static/assets/js/core/bootstrap-material-design.min.js HTTP/1.1" 404 -
ERROR:app:404 Not Found: The requested URL was not found on the server. If you entered the URL manually please check your spelling and try again.
ERROR:app:404 Not Found: The requested URL was not found on the server. If you entered the URL manually please check your spelling and try again.
ERROR:app:404 Not Found: The requested URL was not found on the server. If you entered the URL manually please check your spelling and try again.
ERROR:app:404 Not Found: The requested URL was not found on the server. If you entered the URL manually please check your spelling and try again.
ERROR:app:404 Not Found: The requested URL was not found on the server. If you entered the URL manually please check your spelling and try again.
INFO:werkzeug:127.0.0.1 - - [16/Dec/2019 21:37:42] "GET /menu/static/assets/js/core/jquery.min.js HTTP/1.1" 404 -
INFO:werkzeug:127.0.0.1 - - [16/Dec/2019 21:37:42] "GET /menu/static/assets/js/core/popper.min.js HTTP/1.1" 404 -
INFO:werkzeug:127.0.0.1 - - [16/Dec/2019 21:37:42] "GET /menu/static/assets/js/plugins/perfect-scrollbar.jquery.min.js HTTP/1.1" 404 -
INFO:werkzeug:127.0.0.1 - - [16/Dec/2019 21:37:42] "GET /menu/static/assets/js/plugins/chartist.min.js HTTP/1.1" 404 -
INFO:werkzeug:127.0.0.1 - - [16/Dec/2019 21:37:42] "GET /menu/static/assets/js/plugins/bootstrap-notify.js HTTP/1.1" 404 -
ERROR:app:404 Not Found: The requested URL was not found on the server. If you entered the URL manually please check your spelling and try again.
INFO:werkzeug:127.0.0.1 - - [16/Dec/2019 21:37:42] "GET /menu/static/assets/js/material-dashboard.js?v=2.1.1 HTTP/1.1" 404 -
ERROR:app:404 Not Found: The requested URL was not found on the server. If you entered the URL manually please check your spelling and try again.
INFO:werkzeug:127.0.0.1 - - [16/Dec/2019 21:37:42] "GET /menu/static/assets/js/core/bootstrap-material-design.min.js HTTP/1.1" 404 -
ERROR:app:404 Not Found: The requested URL was not found on the server. If you entered the URL manually please check your spelling and try again.
INFO:werkzeug:127.0.0.1 - - [16/Dec/2019 21:37:42] "GET /menu/static/assets/js/plugins/perfect-scrollbar.jquery.min.js HTTP/1.1" 404 -
ERROR:app:404 Not Found: The requested URL was not found on the server. If you entered the URL manually please check your spelling and try again.
INFO:werkzeug:127.0.0.1 - - [16/Dec/2019 21:37:43] "GET /menu/static/assets/js/plugins/chartist.min.js HTTP/1.1" 404 -
ERROR:app:404 Not Found: The requested URL was not found on the server. If you entered the URL manually please check your spelling and try again.
INFO:werkzeug:127.0.0.1 - - [16/Dec/2019 21:37:43] "GET /menu/static/assets/js/plugins/bootstrap-notify.js HTTP/1.1" 404 -
ERROR:app:404 Not Found: The requested URL was not found on the server. If you entered the URL manually please check your spelling and try again.
INFO:werkzeug:127.0.0.1 - - [16/Dec/2019 21:37:43] "GET /menu/static/assets/js/material-dashboard.js?v=2.1.1 HTTP/1.1" 404 -
INFO:werkzeug: * Restarting with stat
WARNING:werkzeug: * Debugger is active!
INFO:werkzeug: * Debugger PIN: 286-773-444
INFO:werkzeug: * Running on http://0.0.0.0:8000/ (Press CTRL+C to quit)
INFO:werkzeug:127.0.0.1 - - [16/Dec/2019 21:42:14] "GET / HTTP/1.1" 200 -
ERROR:app:404 Not Found: The requested URL was not found on the server. If you entered the URL manually please check your spelling and try again.
INFO:werkzeug:127.0.0.1 - - [16/Dec/2019 21:42:14] "GET /favicon.ico HTTP/1.1" 404 -
DEBUG:urllib3.connectionpool:Starting new HTTPS connection (1): dapi.kakao.com:443
DEBUG:urllib3.connectionpool:https://dapi.kakao.com:443 "GET /v3/search/book?target=title&query=%EB%B0%98%EC%A7%80%EA%B0%91 HTTP/1.1" 200 None
INFO:werkzeug:127.0.0.1 - - [16/Dec/2019 21:42:57] "GET /menu/api_run HTTP/1.1" 200 -
ERROR:app:404 Not Found: The requested URL was not found on the server. If you entered the URL manually please check your spelling and try again.
INFO:werkzeug:127.0.0.1 - - [16/Dec/2019 21:42:57] "GET /menu/static/assets/js/core/popper.min.js HTTP/1.1" 404 -
ERROR:app:404 Not Found: The requested URL was not found on the server. If you entered the URL manually please check your spelling and try again.
ERROR:app:404 Not Found: The requested URL was not found on the server. If you entered the URL manually please check your spelling and try again.
INFO:werkzeug:127.0.0.1 - - [16/Dec/2019 21:42:58] "GET /menu/static/assets/js/core/jquery.min.js HTTP/1.1" 404 -
ERROR:app:404 Not Found: The requested URL was not found on the server. If you entered the URL manually please check your spelling and try again.
INFO:werkzeug:127.0.0.1 - - [16/Dec/2019 21:42:58] "GET /menu/static/assets/js/core/bootstrap-material-design.min.js HTTP/1.1" 404 -
ERROR:app:404 Not Found: The requested URL was not found on the server. If you entered the URL manually please check your spelling and try again.
INFO:werkzeug:127.0.0.1 - - [16/Dec/2019 21:42:58] "GET /menu/static/assets/js/plugins/perfect-scrollbar.jquery.min.js HTTP/1.1" 404 -
INFO:werkzeug:127.0.0.1 - - [16/Dec/2019 21:42:58] "GET /menu/static/assets/js/plugins/chartist.min.js HTTP/1.1" 404 -
ERROR:app:404 Not Found: The requested URL was not found on the server. If you entered the URL manually please check your spelling and try again.
ERROR:app:404 Not Found: The requested URL was not found on the server. If you entered the URL manually please check your spelling and try again.
INFO:werkzeug:127.0.0.1 - - [16/Dec/2019 21:42:58] "GET /menu/static/assets/js/plugins/bootstrap-notify.js HTTP/1.1" 404 -
INFO:werkzeug:127.0.0.1 - - [16/Dec/2019 21:42:58] "GET /menu/static/assets/js/material-dashboard.js?v=2.1.1 HTTP/1.1" 404 -
ERROR:app:404 Not Found: The requested URL was not found on the server. If you entered the URL manually please check your spelling and try again.
INFO:werkzeug:127.0.0.1 - - [16/Dec/2019 21:42:58] "GET /menu/static/assets/js/core/popper.min.js HTTP/1.1" 404 -
ERROR:app:404 Not Found: The requested URL was not found on the server. If you entered the URL manually please check your spelling and try again.
INFO:werkzeug:127.0.0.1 - - [16/Dec/2019 21:42:58] "GET /menu/static/assets/js/core/bootstrap-material-design.min.js HTTP/1.1" 404 -
ERROR:app:404 Not Found: The requested URL was not found on the server. If you entered the URL manually please check your spelling and try again.
INFO:werkzeug:127.0.0.1 - - [16/Dec/2019 21:42:59] "GET /menu/static/assets/js/plugins/perfect-scrollbar.jquery.min.js HTTP/1.1" 404 -
ERROR:app:404 Not Found: The requested URL was not found on the server. If you entered the URL manually please check your spelling and try again.
INFO:werkzeug:127.0.0.1 - - [16/Dec/2019 21:42:59] "GET /menu/static/assets/js/plugins/chartist.min.js HTTP/1.1" 404 -
ERROR:app:404 Not Found: The requested URL was not found on the server. If you entered the URL manually please check your spelling and try again.
INFO:werkzeug:127.0.0.1 - - [16/Dec/2019 21:42:59] "GET /menu/static/assets/js/plugins/bootstrap-notify.js HTTP/1.1" 404 -
ERROR:app:404 Not Found: The requested URL was not found on the server. If you entered the URL manually please check your spelling and try again.
INFO:werkzeug:127.0.0.1 - - [16/Dec/2019 21:42:59] "GET /menu/static/assets/js/material-dashboard.js?v=2.1.1 HTTP/1.1" 404 -
DEBUG:urllib3.connectionpool:Starting new HTTPS connection (1): dapi.kakao.com:443
DEBUG:urllib3.connectionpool:https://dapi.kakao.com:443 "GET /v3/search/book?target=title&query=%EB%B0%98%EC%A7%80%EA%B0%91 HTTP/1.1" 200 None
INFO:werkzeug:127.0.0.1 - - [16/Dec/2019 22:00:14] "GET /menu/api_run HTTP/1.1" 200 -
ERROR:app:404 Not Found: The requested URL was not found on the server. If you entered the URL manually please check your spelling and try again.
INFO:werkzeug:127.0.0.1 - - [16/Dec/2019 22:00:15] "GET /menu/static/assets/js/core/jquery.min.js HTTP/1.1" 404 -
ERROR:app:404 Not Found: The requested URL was not found on the server. If you entered the URL manually please check your spelling and try again.
INFO:werkzeug:127.0.0.1 - - [16/Dec/2019 22:00:15] "GET /menu/static/assets/js/core/popper.min.js HTTP/1.1" 404 -
ERROR:app:404 Not Found: The requested URL was not found on the server. If you entered the URL manually please check your spelling and try again.
INFO:werkzeug:127.0.0.1 - - [16/Dec/2019 22:00:15] "GET /menu/static/assets/js/plugins/chartist.min.js HTTP/1.1" 404 -
ERROR:app:404 Not Found: The requested URL was not found on the server. If you entered the URL manually please check your spelling and try again.
ERROR:app:404 Not Found: The requested URL was not found on the server. If you entered the URL manually please check your spelling and try again.
ERROR:app:404 Not Found: The requested URL was not found on the server. If you entered the URL manually please check your spelling and try again.
ERROR:app:404 Not Found: The requested URL was not found on the server. If you entered the URL manually please check your spelling and try again.
INFO:werkzeug:127.0.0.1 - - [16/Dec/2019 22:00:15] "GET /menu/static/assets/js/plugins/perfect-scrollbar.jquery.min.js HTTP/1.1" 404 -
INFO:werkzeug:127.0.0.1 - - [16/Dec/2019 22:00:15] "GET /menu/static/assets/js/core/bootstrap-material-design.min.js HTTP/1.1" 404 -
INFO:werkzeug:127.0.0.1 - - [16/Dec/2019 22:00:15] "GET /menu/static/assets/js/plugins/bootstrap-notify.js HTTP/1.1" 404 -
INFO:werkzeug:127.0.0.1 - - [16/Dec/2019 22:00:15] "GET /menu/static/assets/js/material-dashboard.js?v=2.1.1 HTTP/1.1" 404 -
ERROR:app:404 Not Found: The requested URL was not found on the server. If you entered the URL manually please check your spelling and try again.
INFO:werkzeug:127.0.0.1 - - [16/Dec/2019 22:00:15] "GET /menu/static/assets/js/plugins/chartist.min.js HTTP/1.1" 404 -
ERROR:app:404 Not Found: The requested URL was not found on the server. If you entered the URL manually please check your spelling and try again.
INFO:werkzeug:127.0.0.1 - - [16/Dec/2019 22:00:15] "GET /menu/static/assets/js/plugins/bootstrap-notify.js HTTP/1.1" 404 -
ERROR:app:404 Not Found: The requested URL was not found on the server. If you entered the URL manually please check your spelling and try again.
INFO:werkzeug:127.0.0.1 - - [16/Dec/2019 22:00:15] "GET /menu/static/assets/js/material-dashboard.js?v=2.1.1 HTTP/1.1" 404 -
INFO:werkzeug:127.0.0.1 - - [16/Dec/2019 22:00:16] "GET / HTTP/1.1" 200 -
DEBUG:urllib3.connectionpool:Starting new HTTPS connection (1): dapi.kakao.com:443
DEBUG:urllib3.connectionpool:https://dapi.kakao.com:443 "GET /v3/search/book?target=title&query=%EB%B0%98%EC%A7%80%EA%B0%91 HTTP/1.1" 200 None
INFO:werkzeug:127.0.0.1 - - [16/Dec/2019 22:00:17] "GET /menu/api_run HTTP/1.1" 200 -
ERROR:app:404 Not Found: The requested URL was not found on the server. If you entered the URL manually please check your spelling and try again.
INFO:werkzeug:127.0.0.1 - - [16/Dec/2019 22:00:18] "GET /menu/static/assets/js/core/jquery.min.js HTTP/1.1" 404 -
ERROR:app:404 Not Found: The requested URL was not found on the server. If you entered the URL manually please check your spelling and try again.
INFO:werkzeug:127.0.0.1 - - [16/Dec/2019 22:00:18] "GET /menu/static/assets/js/core/popper.min.js HTTP/1.1" 404 -
ERROR:app:404 Not Found: The requested URL was not found on the server. If you entered the URL manually please check your spelling and try again.
INFO:werkzeug:127.0.0.1 - - [16/Dec/2019 22:00:18] "GET /menu/static/assets/js/core/bootstrap-material-design.min.js HTTP/1.1" 404 -
ERROR:app:404 Not Found: The requested URL was not found on the server. If you entered the URL manually please check your spelling and try again.
INFO:werkzeug:127.0.0.1 - - [16/Dec/2019 22:00:18] "GET /menu/static/assets/js/plugins/perfect-scrollbar.jquery.min.js HTTP/1.1" 404 -
ERROR:app:404 Not Found: The requested URL was not found on the server. If you entered the URL manually please check your spelling and try again.
INFO:werkzeug:127.0.0.1 - - [16/Dec/2019 22:00:18] "GET /menu/static/assets/js/plugins/chartist.min.js HTTP/1.1" 404 -
ERROR:app:404 Not Found: The requested URL was not found on the server. If you entered the URL manually please check your spelling and try again.
INFO:werkzeug:127.0.0.1 - - [16/Dec/2019 22:00:18] "GET /menu/static/assets/js/plugins/bootstrap-notify.js HTTP/1.1" 404 -
ERROR:app:404 Not Found: The requested URL was not found on the server. If you entered the URL manually please check your spelling and try again.
INFO:werkzeug:127.0.0.1 - - [16/Dec/2019 22:00:18] "GET /menu/static/assets/js/material-dashboard.js?v=2.1.1 HTTP/1.1" 404 -
INFO:werkzeug: * Restarting with stat
WARNING:werkzeug: * Debugger is active!
INFO:werkzeug: * Debugger PIN: 286-773-444
INFO:werkzeug: * Running on http://0.0.0.0:8000/ (Press CTRL+C to quit)
DEBUG:urllib3.connectionpool:Starting new HTTPS connection (1): dapi.kakao.com:443
DEBUG:urllib3.connectionpool:https://dapi.kakao.com:443 "GET /v3/search/book?target=title&query=%EB%B0%98%EC%A7%80%EA%B0%91 HTTP/1.1" 200 None
INFO:werkzeug:127.0.0.1 - - [16/Dec/2019 22:18:55] "GET /menu/api_run HTTP/1.1" 200 -
ERROR:app:404 Not Found: The requested URL was not found on the server. If you entered the URL manually please check your spelling and try again.
INFO:werkzeug:127.0.0.1 - - [16/Dec/2019 22:18:55] "GET /menu/static/assets/js/core/jquery.min.js HTTP/1.1" 404 -
ERROR:app:404 Not Found: The requested URL was not found on the server. If you entered the URL manually please check your spelling and try again.
ERROR:app:404 Not Found: The requested URL was not found on the server. If you entered the URL manually please check your spelling and try again.
INFO:werkzeug:127.0.0.1 - - [16/Dec/2019 22:18:55] "GET /menu/static/assets/js/core/popper.min.js HTTP/1.1" 404 -
INFO:werkzeug:127.0.0.1 - - [16/Dec/2019 22:18:55] "GET /menu/static/assets/js/core/bootstrap-material-design.min.js HTTP/1.1" 404 -
ERROR:app:404 Not Found: The requested URL was not found on the server. If you entered the URL manually please check your spelling and try again.
INFO:werkzeug:127.0.0.1 - - [16/Dec/2019 22:18:55] "GET /menu/static/assets/js/plugins/perfect-scrollbar.jquery.min.js HTTP/1.1" 404 -
ERROR:app:404 Not Found: The requested URL was not found on the server. If you entered the URL manually please check your spelling and try again.
INFO:werkzeug:127.0.0.1 - - [16/Dec/2019 22:18:55] "GET /menu/static/assets/js/plugins/chartist.min.js HTTP/1.1" 404 -
ERROR:app:404 Not Found: The requested URL was not found on the server. If you entered the URL manually please check your spelling and try again.
INFO:werkzeug:127.0.0.1 - - [16/Dec/2019 22:18:55] "GET /menu/static/assets/js/plugins/bootstrap-notify.js HTTP/1.1" 404 -
ERROR:app:404 Not Found: The requested URL was not found on the server. If you entered the URL manually please check your spelling and try again.
INFO:werkzeug:127.0.0.1 - - [16/Dec/2019 22:18:55] "GET /menu/static/assets/js/material-dashboard.js?v=2.1.1 HTTP/1.1" 404 -
DEBUG:urllib3.connectionpool:Starting new HTTPS connection (1): dapi.kakao.com:443
DEBUG:urllib3.connectionpool:https://dapi.kakao.com:443 "GET /v3/search/book?target=title&query=%EB%B0%98%EC%A7%80%EA%B0%91 HTTP/1.1" 200 None
INFO:werkzeug:127.0.0.1 - - [16/Dec/2019 22:19:20] "GET /menu/api_run HTTP/1.1" 200 -
ERROR:app:404 Not Found: The requested URL was not found on the server. If you entered the URL manually please check your spelling and try again.
INFO:werkzeug:127.0.0.1 - - [16/Dec/2019 22:19:20] "GET /menu/static/assets/js/core/jquery.min.js HTTP/1.1" 404 -
ERROR:app:404 Not Found: The requested URL was not found on the server. If you entered the URL manually please check your spelling and try again.
INFO:werkzeug:127.0.0.1 - - [16/Dec/2019 22:19:20] "GET /menu/static/assets/js/core/popper.min.js HTTP/1.1" 404 -
ERROR:app:404 Not Found: The requested URL was not found on the server. If you entered the URL manually please check your spelling and try again.
ERROR:app:404 Not Found: The requested URL was not found on the server. If you entered the URL manually please check your spelling and try again.
ERROR:app:404 Not Found: The requested URL was not found on the server. If you entered the URL manually please check your spelling and try again.
INFO:werkzeug:127.0.0.1 - - [16/Dec/2019 22:19:20] "GET /menu/static/assets/js/core/bootstrap-material-design.min.js HTTP/1.1" 404 -
INFO:werkzeug:127.0.0.1 - - [16/Dec/2019 22:19:20] "GET /menu/static/assets/js/plugins/bootstrap-notify.js HTTP/1.1" 404 -
ERROR:app:404 Not Found: The requested URL was not found on the server. If you entered the URL manually please check your spelling and try again.
INFO:werkzeug:127.0.0.1 - - [16/Dec/2019 22:19:20] "GET /menu/static/assets/js/plugins/perfect-scrollbar.jquery.min.js HTTP/1.1" 404 -
INFO:werkzeug:127.0.0.1 - - [16/Dec/2019 22:19:20] "GET /menu/static/assets/js/plugins/chartist.min.js HTTP/1.1" 404 -
ERROR:app:404 Not Found: The requested URL was not found on the server. If you entered the URL manually please check your spelling and try again.
INFO:werkzeug:127.0.0.1 - - [16/Dec/2019 22:19:20] "GET /menu/static/assets/js/material-dashboard.js?v=2.1.1 HTTP/1.1" 404 -
ERROR:app:404 Not Found: The requested URL was not found on the server. If you entered the URL manually please check your spelling and try again.
INFO:werkzeug:127.0.0.1 - - [16/Dec/2019 22:19:21] "GET /menu/static/assets/js/plugins/bootstrap-notify.js HTTP/1.1" 404 -
ERROR:app:404 Not Found: The requested URL was not found on the server. If you entered the URL manually please check your spelling and try again.
INFO:werkzeug:127.0.0.1 - - [16/Dec/2019 22:19:21] "GET /menu/static/assets/js/material-dashboard.js?v=2.1.1 HTTP/1.1" 404 -
DEBUG:urllib3.connectionpool:Starting new HTTPS connection (1): dapi.kakao.com:443
DEBUG:urllib3.connectionpool:https://dapi.kakao.com:443 "GET /v3/search/book?target=title&query=%EB%B0%98%EC%A7%80%EA%B0%91 HTTP/1.1" 200 None
INFO:werkzeug:127.0.0.1 - - [16/Dec/2019 22:21:14] "GET /menu/api_run HTTP/1.1" 200 -
ERROR:app:404 Not Found: The requested URL was not found on the server. If you entered the URL manually please check your spelling and try again.
INFO:werkzeug:127.0.0.1 - - [16/Dec/2019 22:21:14] "GET /menu/static/assets/js/core/jquery.min.js HTTP/1.1" 404 -
ERROR:app:404 Not Found: The requested URL was not found on the server. If you entered the URL manually please check your spelling and try again.
INFO:werkzeug:127.0.0.1 - - [16/Dec/2019 22:21:14] "GET /menu/static/assets/js/core/popper.min.js HTTP/1.1" 404 -
ERROR:app:404 Not Found: The requested URL was not found on the server. If you entered the URL manually please check your spelling and try again.
ERROR:app:404 Not Found: The requested URL was not found on the server. If you entered the URL manually please check your spelling and try again.
INFO:werkzeug:127.0.0.1 - - [16/Dec/2019 22:21:14] "GET /menu/static/assets/js/core/bootstrap-material-design.min.js HTTP/1.1" 404 -
INFO:werkzeug:127.0.0.1 - - [16/Dec/2019 22:21:14] "GET /menu/static/assets/js/plugins/perfect-scrollbar.jquery.min.js HTTP/1.1" 404 -
ERROR:app:404 Not Found: The requested URL was not found on the server. If you entered the URL manually please check your spelling and try again.
INFO:werkzeug:127.0.0.1 - - [16/Dec/2019 22:21:14] "GET /menu/static/assets/js/plugins/chartist.min.js HTTP/1.1" 404 -
ERROR:app:404 Not Found: The requested URL was not found on the server. If you entered the URL manually please check your spelling and try again.
INFO:werkzeug:127.0.0.1 - - [16/Dec/2019 22:21:14] "GET /menu/static/assets/js/plugins/bootstrap-notify.js HTTP/1.1" 404 -
ERROR:app:404 Not Found: The requested URL was not found on the server. If you entered the URL manually please check your spelling and try again.
INFO:werkzeug:127.0.0.1 - - [16/Dec/2019 22:21:14] "GET /menu/static/assets/js/material-dashboard.js?v=2.1.1 HTTP/1.1" 404 -
DEBUG:urllib3.connectionpool:Starting new HTTPS connection (1): dapi.kakao.com:443
DEBUG:urllib3.connectionpool:https://dapi.kakao.com:443 "GET /v3/search/book?target=title&query=%EB%B0%98%EC%A7%80%EA%B0%91 HTTP/1.1" 200 None
INFO:werkzeug:127.0.0.1 - - [16/Dec/2019 22:31:17] "GET /menu/api_run HTTP/1.1" 200 -
ERROR:app:404 Not Found: The requested URL was not found on the server. If you entered the URL manually please check your spelling and try again.
INFO:werkzeug:127.0.0.1 - - [16/Dec/2019 22:31:17] "GET /menu/static/assets/js/core/jquery.min.js HTTP/1.1" 404 -
ERROR:app:404 Not Found: The requested URL was not found on the server. If you entered the URL manually please check your spelling and try again.
INFO:werkzeug:127.0.0.1 - - [16/Dec/2019 22:31:17] "GET /menu/static/assets/js/core/popper.min.js HTTP/1.1" 404 -
ERROR:app:404 Not Found: The requested URL was not found on the server. If you entered the URL manually please check your spelling and try again.
INFO:werkzeug:127.0.0.1 - - [16/Dec/2019 22:31:17] "GET /menu/static/assets/js/core/bootstrap-material-design.min.js HTTP/1.1" 404 -
ERROR:app:404 Not Found: The requested URL was not found on the server. If you entered the URL manually please check your spelling and try again.
INFO:werkzeug:127.0.0.1 - - [16/Dec/2019 22:31:17] "GET /menu/static/assets/js/plugins/perfect-scrollbar.jquery.min.js HTTP/1.1" 404 -
ERROR:app:404 Not Found: The requested URL was not found on the server. If you entered the URL manually please check your spelling and try again.
INFO:werkzeug:127.0.0.1 - - [16/Dec/2019 22:31:17] "GET /menu/static/assets/js/plugins/chartist.min.js HTTP/1.1" 404 -
ERROR:app:404 Not Found: The requested URL was not found on the server. If you entered the URL manually please check your spelling and try again.
INFO:werkzeug:127.0.0.1 - - [16/Dec/2019 22:31:17] "GET /menu/static/assets/js/plugins/bootstrap-notify.js HTTP/1.1" 404 -
ERROR:app:404 Not Found: The requested URL was not found on the server. If you entered the URL manually please check your spelling and try again.
INFO:werkzeug:127.0.0.1 - - [16/Dec/2019 22:31:17] "GET /menu/static/assets/js/material-dashboard.js?v=2.1.1 HTTP/1.1" 404 -
DEBUG:urllib3.connectionpool:Starting new HTTPS connection (1): dapi.kakao.com:443
DEBUG:urllib3.connectionpool:https://dapi.kakao.com:443 "GET /v3/search/book?target=title&query=%EB%B0%98%EC%A7%80%EA%B0%91 HTTP/1.1" 200 None
INFO:werkzeug:127.0.0.1 - - [16/Dec/2019 22:32:38] "GET /menu/api_run HTTP/1.1" 200 -
ERROR:app:404 Not Found: The requested URL was not found on the server. If you entered the URL manually please check your spelling and try again.
INFO:werkzeug:127.0.0.1 - - [16/Dec/2019 22:32:38] "GET /menu/static/assets/js/core/jquery.min.js HTTP/1.1" 404 -
ERROR:app:404 Not Found: The requested URL was not found on the server. If you entered the URL manually please check your spelling and try again.
INFO:werkzeug:127.0.0.1 - - [16/Dec/2019 22:32:38] "GET /menu/static/assets/js/core/popper.min.js HTTP/1.1" 404 -
ERROR:app:404 Not Found: The requested URL was not found on the server. If you entered the URL manually please check your spelling and try again.
INFO:werkzeug:127.0.0.1 - - [16/Dec/2019 22:32:38] "GET /menu/static/assets/js/core/bootstrap-material-design.min.js HTTP/1.1" 404 -
ERROR:app:404 Not Found: The requested URL was not found on the server. If you entered the URL manually please check your spelling and try again.
ERROR:app:404 Not Found: The requested URL was not found on the server. If you entered the URL manually please check your spelling and try again.
ERROR:app:404 Not Found: The requested URL was not found on the server. If you entered the URL manually please check your spelling and try again.
INFO:werkzeug:127.0.0.1 - - [16/Dec/2019 22:32:38] "GET /menu/static/assets/js/plugins/perfect-scrollbar.jquery.min.js HTTP/1.1" 404 -
INFO:werkzeug:127.0.0.1 - - [16/Dec/2019 22:32:38] "GET /menu/static/assets/js/plugins/chartist.min.js HTTP/1.1" 404 -
INFO:werkzeug:127.0.0.1 - - [16/Dec/2019 22:32:38] "GET /menu/static/assets/js/plugins/bootstrap-notify.js HTTP/1.1" 404 -
ERROR:app:404 Not Found: The requested URL was not found on the server. If you entered the URL manually please check your spelling and try again.
INFO:werkzeug:127.0.0.1 - - [16/Dec/2019 22:32:38] "GET /menu/static/assets/js/material-dashboard.js?v=2.1.1 HTTP/1.1" 404 -
DEBUG:urllib3.connectionpool:Starting new HTTPS connection (1): dapi.kakao.com:443
DEBUG:urllib3.connectionpool:https://dapi.kakao.com:443 "GET /v3/search/book?target=title&query=%EB%B0%98%EC%A7%80%EA%B0%91 HTTP/1.1" 200 None
INFO:werkzeug:127.0.0.1 - - [16/Dec/2019 22:42:38] "GET /menu/api_run HTTP/1.1" 200 -
ERROR:app:404 Not Found: The requested URL was not found on the server. If you entered the URL manually please check your spelling and try again.
INFO:werkzeug:127.0.0.1 - - [16/Dec/2019 22:42:38] "GET /menu/static/assets/js/core/jquery.min.js HTTP/1.1" 404 -
ERROR:app:404 Not Found: The requested URL was not found on the server. If you entered the URL manually please check your spelling and try again.
INFO:werkzeug:127.0.0.1 - - [16/Dec/2019 22:42:38] "GET /menu/static/assets/js/plugins/perfect-scrollbar.jquery.min.js HTTP/1.1" 404 -
ERROR:app:404 Not Found: The requested URL was not found on the server. If you entered the URL manually please check your spelling and try again.
INFO:werkzeug:127.0.0.1 - - [16/Dec/2019 22:42:38] "GET /menu/static/assets/js/core/bootstrap-material-design.min.js HTTP/1.1" 404 -
ERROR:app:404 Not Found: The requested URL was not found on the server. If you entered the URL manually please check your spelling and try again.
INFO:werkzeug:127.0.0.1 - - [16/Dec/2019 22:42:38] "GET /menu/static/assets/js/plugins/chartist.min.js HTTP/1.1" 404 -
ERROR:app:404 Not Found: The requested URL was not found on the server. If you entered the URL manually please check your spelling and try again.
INFO:werkzeug:127.0.0.1 - - [16/Dec/2019 22:42:38] "GET /menu/static/assets/js/core/popper.min.js HTTP/1.1" 404 -
ERROR:app:404 Not Found: The requested URL was not found on the server. If you entered the URL manually please check your spelling and try again.
INFO:werkzeug:127.0.0.1 - - [16/Dec/2019 22:42:38] "GET /menu/static/assets/js/plugins/bootstrap-notify.js HTTP/1.1" 404 -
ERROR:app:404 Not Found: The requested URL was not found on the server. If you entered the URL manually please check your spelling and try again.
INFO:werkzeug:127.0.0.1 - - [16/Dec/2019 22:42:38] "GET /menu/static/assets/js/material-dashboard.js?v=2.1.1 HTTP/1.1" 404 -
ERROR:app:404 Not Found: The requested URL was not found on the server. If you entered the URL manually please check your spelling and try again.
INFO:werkzeug:127.0.0.1 - - [16/Dec/2019 22:42:39] "GET /menu/static/assets/js/core/bootstrap-material-design.min.js HTTP/1.1" 404 -
ERROR:app:404 Not Found: The requested URL was not found on the server. If you entered the URL manually please check your spelling and try again.
INFO:werkzeug:127.0.0.1 - - [16/Dec/2019 22:42:39] "GET /menu/static/assets/js/plugins/perfect-scrollbar.jquery.min.js HTTP/1.1" 404 -
ERROR:app:404 Not Found: The requested URL was not found on the server. If you entered the URL manually please check your spelling and try again.
INFO:werkzeug:127.0.0.1 - - [16/Dec/2019 22:42:39] "GET /menu/static/assets/js/plugins/chartist.min.js HTTP/1.1" 404 -
ERROR:app:404 Not Found: The requested URL was not found on the server. If you entered the URL manually please check your spelling and try again.
INFO:werkzeug:127.0.0.1 - - [16/Dec/2019 22:42:39] "GET /menu/static/assets/js/plugins/bootstrap-notify.js HTTP/1.1" 404 -
ERROR:app:404 Not Found: The requested URL was not found on the server. If you entered the URL manually please check your spelling and try again.
INFO:werkzeug:127.0.0.1 - - [16/Dec/2019 22:42:39] "GET /menu/static/assets/js/material-dashboard.js?v=2.1.1 HTTP/1.1" 404 -
DEBUG:urllib3.connectionpool:Starting new HTTPS connection (1): dapi.kakao.com:443
DEBUG:urllib3.connectionpool:https://dapi.kakao.com:443 "GET /v3/search/book?target=title&query=%EB%B0%98%EC%A7%80%EA%B0%91 HTTP/1.1" 200 None
INFO:werkzeug:127.0.0.1 - - [16/Dec/2019 22:44:02] "GET /menu/api_run HTTP/1.1" 200 -
ERROR:app:404 Not Found: The requested URL was not found on the server. If you entered the URL manually please check your spelling and try again.
INFO:werkzeug:127.0.0.1 - - [16/Dec/2019 22:44:02] "GET /menu/static/assets/js/core/jquery.min.js HTTP/1.1" 404 -
ERROR:app:404 Not Found: The requested URL was not found on the server. If you entered the URL manually please check your spelling and try again.
INFO:werkzeug:127.0.0.1 - - [16/Dec/2019 22:44:02] "GET /menu/static/assets/js/core/popper.min.js HTTP/1.1" 404 -
ERROR:app:404 Not Found: The requested URL was not found on the server. If you entered the URL manually please check your spelling and try again.
INFO:werkzeug:127.0.0.1 - - [16/Dec/2019 22:44:02] "GET /menu/static/assets/js/core/bootstrap-material-design.min.js HTTP/1.1" 404 -
ERROR:app:404 Not Found: The requested URL was not found on the server. If you entered the URL manually please check your spelling and try again.
INFO:werkzeug:127.0.0.1 - - [16/Dec/2019 22:44:02] "GET /menu/static/assets/js/plugins/perfect-scrollbar.jquery.min.js HTTP/1.1" 404 -
ERROR:app:404 Not Found: The requested URL was not found on the server. If you entered the URL manually please check your spelling and try again.
INFO:werkzeug:127.0.0.1 - - [16/Dec/2019 22:44:02] "GET /menu/static/assets/js/plugins/chartist.min.js HTTP/1.1" 404 -
ERROR:app:404 Not Found: The requested URL was not found on the server. If you entered the URL manually please check your spelling and try again.
INFO:werkzeug:127.0.0.1 - - [16/Dec/2019 22:44:02] "GET /menu/static/assets/js/plugins/bootstrap-notify.js HTTP/1.1" 404 -
ERROR:app:404 Not Found: The requested URL was not found on the server. If you entered the URL manually please check your spelling and try again.
INFO:werkzeug:127.0.0.1 - - [16/Dec/2019 22:44:02] "GET /menu/static/assets/js/material-dashboard.js?v=2.1.1 HTTP/1.1" 404 -
DEBUG:urllib3.connectionpool:Starting new HTTPS connection (1): dapi.kakao.com:443
DEBUG:urllib3.connectionpool:https://dapi.kakao.com:443 "GET /v3/search/book?target=title&query=%EB%B0%98%EC%A7%80%EA%B0%91 HTTP/1.1" 200 None
INFO:werkzeug:127.0.0.1 - - [16/Dec/2019 22:45:20] "GET /menu/api_run HTTP/1.1" 200 -
ERROR:app:404 Not Found: The requested URL was not found on the server. If you entered the URL manually please check your spelling and try again.
INFO:werkzeug:127.0.0.1 - - [16/Dec/2019 22:45:20] "GET /menu/static/assets/js/core/jquery.min.js HTTP/1.1" 404 -
ERROR:app:404 Not Found: The requested URL was not found on the server. If you entered the URL manually please check your spelling and try again.
INFO:werkzeug:127.0.0.1 - - [16/Dec/2019 22:45:20] "GET /menu/static/assets/js/core/popper.min.js HTTP/1.1" 404 -
ERROR:app:404 Not Found: The requested URL was not found on the server. If you entered the URL manually please check your spelling and try again.
INFO:werkzeug:127.0.0.1 - - [16/Dec/2019 22:45:20] "GET /menu/static/assets/js/core/bootstrap-material-design.min.js HTTP/1.1" 404 -
ERROR:app:404 Not Found: The requested URL was not found on the server. If you entered the URL manually please check your spelling and try again.
INFO:werkzeug:127.0.0.1 - - [16/Dec/2019 22:45:20] "GET /menu/static/assets/js/plugins/perfect-scrollbar.jquery.min.js HTTP/1.1" 404 -
ERROR:app:404 Not Found: The requested URL was not found on the server. If you entered the URL manually please check your spelling and try again.
INFO:werkzeug:127.0.0.1 - - [16/Dec/2019 22:45:20] "GET /menu/static/assets/js/plugins/chartist.min.js HTTP/1.1" 404 -
ERROR:app:404 Not Found: The requested URL was not found on the server. If you entered the URL manually please check your spelling and try again.
INFO:werkzeug:127.0.0.1 - - [16/Dec/2019 22:45:20] "GET /menu/static/assets/js/plugins/bootstrap-notify.js HTTP/1.1" 404 -
ERROR:app:404 Not Found: The requested URL was not found on the server. If you entered the URL manually please check your spelling and try again.
INFO:werkzeug:127.0.0.1 - - [16/Dec/2019 22:45:20] "GET /menu/static/assets/js/material-dashboard.js?v=2.1.1 HTTP/1.1" 404 -
DEBUG:urllib3.connectionpool:Starting new HTTPS connection (1): dapi.kakao.com:443
DEBUG:urllib3.connectionpool:https://dapi.kakao.com:443 "GET /v3/search/book?target=title&query=%EB%B0%98%EC%A7%80%EA%B0%91 HTTP/1.1" 200 None
INFO:werkzeug:127.0.0.1 - - [16/Dec/2019 22:50:54] "GET /menu/api_run HTTP/1.1" 200 -
ERROR:app:404 Not Found: The requested URL was not found on the server. If you entered the URL manually please check your spelling and try again.
INFO:werkzeug:127.0.0.1 - - [16/Dec/2019 22:50:54] "GET /menu/static/assets/js/core/jquery.min.js HTTP/1.1" 404 -
ERROR:app:404 Not Found: The requested URL was not found on the server. If you entered the URL manually please check your spelling and try again.
INFO:werkzeug:127.0.0.1 - - [16/Dec/2019 22:50:54] "GET /menu/static/assets/js/core/popper.min.js HTTP/1.1" 404 -
ERROR:app:404 Not Found: The requested URL was not found on the server. If you entered the URL manually please check your spelling and try again.
INFO:werkzeug:127.0.0.1 - - [16/Dec/2019 22:50:54] "GET /menu/static/assets/js/core/bootstrap-material-design.min.js HTTP/1.1" 404 -
ERROR:app:404 Not Found: The requested URL was not found on the server. If you entered the URL manually please check your spelling and try again.
INFO:werkzeug:127.0.0.1 - - [16/Dec/2019 22:50:54] "GET /menu/static/assets/js/plugins/perfect-scrollbar.jquery.min.js HTTP/1.1" 404 -
ERROR:app:404 Not Found: The requested URL was not found on the server. If you entered the URL manually please check your spelling and try again.
INFO:werkzeug:127.0.0.1 - - [16/Dec/2019 22:50:54] "GET /menu/static/assets/js/plugins/chartist.min.js HTTP/1.1" 404 -
ERROR:app:404 Not Found: The requested URL was not found on the server. If you entered the URL manually please check your spelling and try again.
INFO:werkzeug:127.0.0.1 - - [16/Dec/2019 22:50:54] "GET /menu/static/assets/js/plugins/bootstrap-notify.js HTTP/1.1" 404 -
ERROR:app:404 Not Found: The requested URL was not found on the server. If you entered the URL manually please check your spelling and try again.
INFO:werkzeug:127.0.0.1 - - [16/Dec/2019 22:50:54] "GET /menu/static/assets/js/material-dashboard.js?v=2.1.1 HTTP/1.1" 404 -
DEBUG:urllib3.connectionpool:Starting new HTTPS connection (1): dapi.kakao.com:443
DEBUG:urllib3.connectionpool:https://dapi.kakao.com:443 "GET /v3/search/book?target=title&query=%EB%B0%98%EC%A7%80%EA%B0%91 HTTP/1.1" 200 None
INFO:werkzeug:127.0.0.1 - - [16/Dec/2019 22:56:09] "GET /menu/api_run HTTP/1.1" 200 -
ERROR:app:404 Not Found: The requested URL was not found on the server. If you entered the URL manually please check your spelling and try again.
INFO:werkzeug:127.0.0.1 - - [16/Dec/2019 22:56:10] "GET /menu/static/assets/js/core/jquery.min.js HTTP/1.1" 404 -
ERROR:app:404 Not Found: The requested URL was not found on the server. If you entered the URL manually please check your spelling and try again.
INFO:werkzeug:127.0.0.1 - - [16/Dec/2019 22:56:10] "GET /menu/static/assets/js/core/popper.min.js HTTP/1.1" 404 -
ERROR:app:404 Not Found: The requested URL was not found on the server. If you entered the URL manually please check your spelling and try again.
INFO:werkzeug:127.0.0.1 - - [16/Dec/2019 22:56:10] "GET /menu/static/assets/js/core/bootstrap-material-design.min.js HTTP/1.1" 404 -
ERROR:app:404 Not Found: The requested URL was not found on the server. If you entered the URL manually please check your spelling and try again.
INFO:werkzeug:127.0.0.1 - - [16/Dec/2019 22:56:10] "GET /menu/static/assets/js/plugins/perfect-scrollbar.jquery.min.js HTTP/1.1" 404 -
ERROR:app:404 Not Found: The requested URL was not found on the server. If you entered the URL manually please check your spelling and try again.
INFO:werkzeug:127.0.0.1 - - [16/Dec/2019 22:56:10] "GET /menu/static/assets/js/plugins/chartist.min.js HTTP/1.1" 404 -
ERROR:app:404 Not Found: The requested URL was not found on the server. If you entered the URL manually please check your spelling and try again.
INFO:werkzeug:127.0.0.1 - - [16/Dec/2019 22:56:10] "GET /menu/static/assets/js/plugins/bootstrap-notify.js HTTP/1.1" 404 -
ERROR:app:404 Not Found: The requested URL was not found on the server. If you entered the URL manually please check your spelling and try again.
INFO:werkzeug:127.0.0.1 - - [16/Dec/2019 22:56:10] "GET /menu/static/assets/js/material-dashboard.js?v=2.1.1 HTTP/1.1" 404 -
DEBUG:urllib3.connectionpool:Starting new HTTPS connection (1): dapi.kakao.com:443
DEBUG:urllib3.connectionpool:https://dapi.kakao.com:443 "GET /v3/search/book?target=title&query=%EB%B0%98%EC%A7%80%EA%B0%91 HTTP/1.1" 200 None
INFO:werkzeug:127.0.0.1 - - [16/Dec/2019 22:57:59] "GET /menu/api_run HTTP/1.1" 200 -
ERROR:app:404 Not Found: The requested URL was not found on the server. If you entered the URL manually please check your spelling and try again.
INFO:werkzeug:127.0.0.1 - - [16/Dec/2019 22:57:59] "GET /menu/static/assets/js/core/jquery.min.js HTTP/1.1" 404 -
ERROR:app:404 Not Found: The requested URL was not found on the server. If you entered the URL manually please check your spelling and try again.
INFO:werkzeug:127.0.0.1 - - [16/Dec/2019 22:57:59] "GET /menu/static/assets/js/core/popper.min.js HTTP/1.1" 404 -
ERROR:app:404 Not Found: The requested URL was not found on the server. If you entered the URL manually please check your spelling and try again.
ERROR:app:404 Not Found: The requested URL was not found on the server. If you entered the URL manually please check your spelling and try again.
INFO:werkzeug:127.0.0.1 - - [16/Dec/2019 22:57:59] "GET /menu/static/assets/js/core/bootstrap-material-design.min.js HTTP/1.1" 404 -
ERROR:app:404 Not Found: The requested URL was not found on the server. If you entered the URL manually please check your spelling and try again.
ERROR:app:404 Not Found: The requested URL was not found on the server. If you entered the URL manually please check your spelling and try again.
INFO:werkzeug:127.0.0.1 - - [16/Dec/2019 22:57:59] "GET /menu/static/assets/js/plugins/perfect-scrollbar.jquery.min.js HTTP/1.1" 404 -
INFO:werkzeug:127.0.0.1 - - [16/Dec/2019 22:57:59] "GET /menu/static/assets/js/plugins/bootstrap-notify.js HTTP/1.1" 404 -
INFO:werkzeug:127.0.0.1 - - [16/Dec/2019 22:57:59] "GET /menu/static/assets/js/plugins/chartist.min.js HTTP/1.1" 404 -
ERROR:app:404 Not Found: The requested URL was not found on the server. If you entered the URL manually please check your spelling and try again.
INFO:werkzeug:127.0.0.1 - - [16/Dec/2019 22:57:59] "GET /menu/static/assets/js/material-dashboard.js?v=2.1.1 HTTP/1.1" 404 -
ERROR:app:404 Not Found: The requested URL was not found on the server. If you entered the URL manually please check your spelling and try again.
INFO:werkzeug:127.0.0.1 - - [16/Dec/2019 22:57:59] "GET /menu/static/assets/js/plugins/bootstrap-notify.js HTTP/1.1" 404 -
ERROR:app:404 Not Found: The requested URL was not found on the server. If you entered the URL manually please check your spelling and try again.
INFO:werkzeug:127.0.0.1 - - [16/Dec/2019 22:58:00] "GET /menu/static/assets/js/material-dashboard.js?v=2.1.1 HTTP/1.1" 404 -
DEBUG:urllib3.connectionpool:Starting new HTTPS connection (1): dapi.kakao.com:443
DEBUG:urllib3.connectionpool:https://dapi.kakao.com:443 "GET /v3/search/book?target=title&query=%EB%B0%98%EC%A7%80%EA%B0%91 HTTP/1.1" 200 None
INFO:werkzeug:127.0.0.1 - - [16/Dec/2019 23:01:17] "GET /menu/api_run HTTP/1.1" 200 -
ERROR:app:404 Not Found: The requested URL was not found on the server. If you entered the URL manually please check your spelling and try again.
INFO:werkzeug:127.0.0.1 - - [16/Dec/2019 23:01:17] "GET /menu/static/assets/js/core/jquery.min.js HTTP/1.1" 404 -
ERROR:app:404 Not Found: The requested URL was not found on the server. If you entered the URL manually please check your spelling and try again.
ERROR:app:404 Not Found: The requested URL was not found on the server. If you entered the URL manually please check your spelling and try again.
INFO:werkzeug:127.0.0.1 - - [16/Dec/2019 23:01:18] "GET /menu/static/assets/js/core/popper.min.js HTTP/1.1" 404 -
INFO:werkzeug:127.0.0.1 - - [16/Dec/2019 23:01:18] "GET /menu/static/assets/js/core/bootstrap-material-design.min.js HTTP/1.1" 404 -
ERROR:app:404 Not Found: The requested URL was not found on the server. If you entered the URL manually please check your spelling and try again.
INFO:werkzeug:127.0.0.1 - - [16/Dec/2019 23:01:18] "GET /menu/static/assets/js/plugins/perfect-scrollbar.jquery.min.js HTTP/1.1" 404 -
ERROR:app:404 Not Found: The requested URL was not found on the server. If you entered the URL manually please check your spelling and try again.
INFO:werkzeug:127.0.0.1 - - [16/Dec/2019 23:01:18] "GET /menu/static/assets/js/plugins/chartist.min.js HTTP/1.1" 404 -
ERROR:app:404 Not Found: The requested URL was not found on the server. If you entered the URL manually please check your spelling and try again.
INFO:werkzeug:127.0.0.1 - - [16/Dec/2019 23:01:18] "GET /menu/static/assets/js/plugins/bootstrap-notify.js HTTP/1.1" 404 -
ERROR:app:404 Not Found: The requested URL was not found on the server. If you entered the URL manually please check your spelling and try again.
INFO:werkzeug:127.0.0.1 - - [16/Dec/2019 23:01:18] "GET /menu/static/assets/js/material-dashboard.js?v=2.1.1 HTTP/1.1" 404 -
DEBUG:urllib3.connectionpool:Starting new HTTPS connection (1): dapi.kakao.com:443
DEBUG:urllib3.connectionpool:https://dapi.kakao.com:443 "GET /v3/search/book?target=title&query=%EB%B0%98%EC%A7%80%EA%B0%91 HTTP/1.1" 200 None
INFO:werkzeug:127.0.0.1 - - [16/Dec/2019 23:02:50] "GET /menu/api_run HTTP/1.1" 200 -
ERROR:app:404 Not Found: The requested URL was not found on the server. If you entered the URL manually please check your spelling and try again.
INFO:werkzeug:127.0.0.1 - - [16/Dec/2019 23:02:50] "GET /menu/static/assets/js/core/jquery.min.js HTTP/1.1" 404 -
ERROR:app:404 Not Found: The requested URL was not found on the server. If you entered the URL manually please check your spelling and try again.
ERROR:app:404 Not Found: The requested URL was not found on the server. If you entered the URL manually please check your spelling and try again.
INFO:werkzeug:127.0.0.1 - - [16/Dec/2019 23:02:51] "GET /menu/static/assets/js/core/popper.min.js HTTP/1.1" 404 -
INFO:werkzeug:127.0.0.1 - - [16/Dec/2019 23:02:51] "GET /menu/static/assets/js/core/bootstrap-material-design.min.js HTTP/1.1" 404 -
ERROR:app:404 Not Found: The requested URL was not found on the server. If you entered the URL manually please check your spelling and try again.
INFO:werkzeug:127.0.0.1 - - [16/Dec/2019 23:02:51] "GET /menu/static/assets/js/plugins/perfect-scrollbar.jquery.min.js HTTP/1.1" 404 -
ERROR:app:404 Not Found: The requested URL was not found on the server. If you entered the URL manually please check your spelling and try again.
INFO:werkzeug:127.0.0.1 - - [16/Dec/2019 23:02:51] "GET /menu/static/assets/js/plugins/chartist.min.js HTTP/1.1" 404 -
ERROR:app:404 Not Found: The requested URL was not found on the server. If you entered the URL manually please check your spelling and try again.
INFO:werkzeug:127.0.0.1 - - [16/Dec/2019 23:02:51] "GET /menu/static/assets/js/plugins/bootstrap-notify.js HTTP/1.1" 404 -
ERROR:app:404 Not Found: The requested URL was not found on the server. If you entered the URL manually please check your spelling and try again.
INFO:werkzeug:127.0.0.1 - - [16/Dec/2019 23:02:51] "GET /menu/static/assets/js/material-dashboard.js?v=2.1.1 HTTP/1.1" 404 -
DEBUG:urllib3.connectionpool:Starting new HTTPS connection (1): dapi.kakao.com:443
DEBUG:urllib3.connectionpool:https://dapi.kakao.com:443 "GET /v3/search/book?target=title&query=%EB%B0%98%EC%A7%80%EA%B0%91 HTTP/1.1" 200 None
INFO:werkzeug:127.0.0.1 - - [16/Dec/2019 23:04:02] "GET /menu/api_run HTTP/1.1" 200 -
ERROR:app:404 Not Found: The requested URL was not found on the server. If you entered the URL manually please check your spelling and try again.
INFO:werkzeug:127.0.0.1 - - [16/Dec/2019 23:04:02] "GET /menu/static/assets/js/core/jquery.min.js HTTP/1.1" 404 -
ERROR:app:404 Not Found: The requested URL was not found on the server. If you entered the URL manually please check your spelling and try again.
ERROR:app:404 Not Found: The requested URL was not found on the server. If you entered the URL manually please check your spelling and try again.
INFO:werkzeug:127.0.0.1 - - [16/Dec/2019 23:04:02] "GET /menu/static/assets/js/core/popper.min.js HTTP/1.1" 404 -
ERROR:app:404 Not Found: The requested URL was not found on the server. If you entered the URL manually please check your spelling and try again.
ERROR:app:404 Not Found: The requested URL was not found on the server. If you entered the URL manually please check your spelling and try again.
ERROR:app:404 Not Found: The requested URL was not found on the server. If you entered the URL manually please check your spelling and try again.
INFO:werkzeug:127.0.0.1 - - [16/Dec/2019 23:04:02] "GET /menu/static/assets/js/core/bootstrap-material-design.min.js HTTP/1.1" 404 -
INFO:werkzeug:127.0.0.1 - - [16/Dec/2019 23:04:02] "GET /menu/static/assets/js/plugins/perfect-scrollbar.jquery.min.js HTTP/1.1" 404 -
INFO:werkzeug:127.0.0.1 - - [16/Dec/2019 23:04:02] "GET /menu/static/assets/js/plugins/chartist.min.js HTTP/1.1" 404 -
INFO:werkzeug:127.0.0.1 - - [16/Dec/2019 23:04:02] "GET /menu/static/assets/js/plugins/bootstrap-notify.js HTTP/1.1" 404 -
ERROR:app:404 Not Found: The requested URL was not found on the server. If you entered the URL manually please check your spelling and try again.
INFO:werkzeug:127.0.0.1 - - [16/Dec/2019 23:04:02] "GET /menu/static/assets/js/material-dashboard.js?v=2.1.1 HTTP/1.1" 404 -
DEBUG:urllib3.connectionpool:Starting new HTTPS connection (1): dapi.kakao.com:443
DEBUG:urllib3.connectionpool:https://dapi.kakao.com:443 "GET /v3/search/book?target=title&query=%EB%B0%98%EC%A7%80%EA%B0%91 HTTP/1.1" 200 None
INFO:werkzeug:127.0.0.1 - - [16/Dec/2019 23:05:07] "GET /menu/api_run HTTP/1.1" 200 -
ERROR:app:404 Not Found: The requested URL was not found on the server. If you entered the URL manually please check your spelling and try again.
INFO:werkzeug:127.0.0.1 - - [16/Dec/2019 23:05:07] "GET /menu/static/assets/js/core/jquery.min.js HTTP/1.1" 404 -
ERROR:app:404 Not Found: The requested URL was not found on the server. If you entered the URL manually please check your spelling and try again.
INFO:werkzeug:127.0.0.1 - - [16/Dec/2019 23:05:07] "GET /menu/static/assets/js/core/popper.min.js HTTP/1.1" 404 -
ERROR:app:404 Not Found: The requested URL was not found on the server. If you entered the URL manually please check your spelling and try again.
INFO:werkzeug:127.0.0.1 - - [16/Dec/2019 23:05:07] "GET /menu/static/assets/js/core/bootstrap-material-design.min.js HTTP/1.1" 404 -
ERROR:app:404 Not Found: The requested URL was not found on the server. If you entered the URL manually please check your spelling and try again.
INFO:werkzeug:127.0.0.1 - - [16/Dec/2019 23:05:07] "GET /menu/static/assets/js/plugins/perfect-scrollbar.jquery.min.js HTTP/1.1" 404 -
ERROR:app:404 Not Found: The requested URL was not found on the server. If you entered the URL manually please check your spelling and try again.
INFO:werkzeug:127.0.0.1 - - [16/Dec/2019 23:05:07] "GET /menu/static/assets/js/plugins/chartist.min.js HTTP/1.1" 404 -
ERROR:app:404 Not Found: The requested URL was not found on the server. If you entered the URL manually please check your spelling and try again.
INFO:werkzeug:127.0.0.1 - - [16/Dec/2019 23:05:07] "GET /menu/static/assets/js/plugins/bootstrap-notify.js HTTP/1.1" 404 -
ERROR:app:404 Not Found: The requested URL was not found on the server. If you entered the URL manually please check your spelling and try again.
INFO:werkzeug:127.0.0.1 - - [16/Dec/2019 23:05:07] "GET /menu/static/assets/js/material-dashboard.js?v=2.1.1 HTTP/1.1" 404 -
DEBUG:urllib3.connectionpool:Starting new HTTPS connection (1): dapi.kakao.com:443
DEBUG:urllib3.connectionpool:https://dapi.kakao.com:443 "GET /v3/search/book?target=title&query=%EB%B0%98%EC%A7%80%EA%B0%91 HTTP/1.1" 200 None
INFO:werkzeug:127.0.0.1 - - [16/Dec/2019 23:07:56] "GET /menu/api_run HTTP/1.1" 200 -
ERROR:app:404 Not Found: The requested URL was not found on the server. If you entered the URL manually please check your spelling and try again.
INFO:werkzeug:127.0.0.1 - - [16/Dec/2019 23:07:56] "GET /menu/static/assets/js/core/jquery.min.js HTTP/1.1" 404 -
ERROR:app:404 Not Found: The requested URL was not found on the server. If you entered the URL manually please check your spelling and try again.
INFO:werkzeug:127.0.0.1 - - [16/Dec/2019 23:07:56] "GET /menu/static/assets/js/core/popper.min.js HTTP/1.1" 404 -
ERROR:app:404 Not Found: The requested URL was not found on the server. If you entered the URL manually please check your spelling and try again.
INFO:werkzeug:127.0.0.1 - - [16/Dec/2019 23:07:56] "GET /menu/static/assets/js/core/bootstrap-material-design.min.js HTTP/1.1" 404 -
ERROR:app:404 Not Found: The requested URL was not found on the server. If you entered the URL manually please check your spelling and try again.
INFO:werkzeug:127.0.0.1 - - [16/Dec/2019 23:07:56] "GET /menu/static/assets/js/plugins/perfect-scrollbar.jquery.min.js HTTP/1.1" 404 -
ERROR:app:404 Not Found: The requested URL was not found on the server. If you entered the URL manually please check your spelling and try again.
INFO:werkzeug:127.0.0.1 - - [16/Dec/2019 23:07:56] "GET /menu/static/assets/js/plugins/chartist.min.js HTTP/1.1" 404 -
ERROR:app:404 Not Found: The requested URL was not found on the server. If you entered the URL manually please check your spelling and try again.
INFO:werkzeug:127.0.0.1 - - [16/Dec/2019 23:07:56] "GET /menu/static/assets/js/plugins/bootstrap-notify.js HTTP/1.1" 404 -
ERROR:app:404 Not Found: The requested URL was not found on the server. If you entered the URL manually please check your spelling and try again.
INFO:werkzeug:127.0.0.1 - - [16/Dec/2019 23:07:56] "GET /menu/static/assets/js/material-dashboard.js?v=2.1.1 HTTP/1.1" 404 -
DEBUG:urllib3.connectionpool:Starting new HTTPS connection (1): dapi.kakao.com:443
DEBUG:urllib3.connectionpool:https://dapi.kakao.com:443 "GET /v3/search/book?target=title&query=%EB%B0%98%EC%A7%80%EA%B0%91 HTTP/1.1" 200 None
INFO:werkzeug:127.0.0.1 - - [16/Dec/2019 23:08:08] "GET /menu/api_run HTTP/1.1" 200 -
ERROR:app:404 Not Found: The requested URL was not found on the server. If you entered the URL manually please check your spelling and try again.
INFO:werkzeug:127.0.0.1 - - [16/Dec/2019 23:08:09] "GET /menu/static/assets/js/core/jquery.min.js HTTP/1.1" 404 -
ERROR:app:404 Not Found: The requested URL was not found on the server. If you entered the URL manually please check your spelling and try again.
INFO:werkzeug:127.0.0.1 - - [16/Dec/2019 23:08:09] "GET /menu/static/assets/js/core/popper.min.js HTTP/1.1" 404 -
ERROR:app:404 Not Found: The requested URL was not found on the server. If you entered the URL manually please check your spelling and try again.
INFO:werkzeug:127.0.0.1 - - [16/Dec/2019 23:08:09] "GET /menu/static/assets/js/plugins/perfect-scrollbar.jquery.min.js HTTP/1.1" 404 -
ERROR:app:404 Not Found: The requested URL was not found on the server. If you entered the URL manually please check your spelling and try again.
INFO:werkzeug:127.0.0.1 - - [16/Dec/2019 23:08:09] "GET /menu/static/assets/js/core/bootstrap-material-design.min.js HTTP/1.1" 404 -
ERROR:app:404 Not Found: The requested URL was not found on the server. If you entered the URL manually please check your spelling and try again.
INFO:werkzeug:127.0.0.1 - - [16/Dec/2019 23:08:09] "GET /menu/static/assets/js/plugins/chartist.min.js HTTP/1.1" 404 -
ERROR:app:404 Not Found: The requested URL was not found on the server. If you entered the URL manually please check your spelling and try again.
INFO:werkzeug:127.0.0.1 - - [16/Dec/2019 23:08:09] "GET /menu/static/assets/js/plugins/bootstrap-notify.js HTTP/1.1" 404 -
ERROR:app:404 Not Found: The requested URL was not found on the server. If you entered the URL manually please check your spelling and try again.
INFO:werkzeug:127.0.0.1 - - [16/Dec/2019 23:08:09] "GET /menu/static/assets/js/material-dashboard.js?v=2.1.1 HTTP/1.1" 404 -
ERROR:app:404 Not Found: The requested URL was not found on the server. If you entered the URL manually please check your spelling and try again.
INFO:werkzeug:127.0.0.1 - - [16/Dec/2019 23:08:09] "GET /menu/static/assets/js/plugins/perfect-scrollbar.jquery.min.js HTTP/1.1" 404 -
ERROR:app:404 Not Found: The requested URL was not found on the server. If you entered the URL manually please check your spelling and try again.
INFO:werkzeug:127.0.0.1 - - [16/Dec/2019 23:08:09] "GET /menu/static/assets/js/plugins/chartist.min.js HTTP/1.1" 404 -
ERROR:app:404 Not Found: The requested URL was not found on the server. If you entered the URL manually please check your spelling and try again.
INFO:werkzeug:127.0.0.1 - - [16/Dec/2019 23:08:10] "GET /menu/static/assets/js/plugins/bootstrap-notify.js HTTP/1.1" 404 -
ERROR:app:404 Not Found: The requested URL was not found on the server. If you entered the URL manually please check your spelling and try again.
INFO:werkzeug:127.0.0.1 - - [16/Dec/2019 23:08:10] "GET /menu/static/assets/js/material-dashboard.js?v=2.1.1 HTTP/1.1" 404 -
DEBUG:urllib3.connectionpool:Starting new HTTPS connection (1): dapi.kakao.com:443
DEBUG:urllib3.connectionpool:https://dapi.kakao.com:443 "GET /v3/search/book?target=title&query=%EB%B0%98%EC%A7%80%EA%B0%91 HTTP/1.1" 200 None
INFO:werkzeug:127.0.0.1 - - [16/Dec/2019 23:18:24] "GET /menu/api_run HTTP/1.1" 200 -
ERROR:app:404 Not Found: The requested URL was not found on the server. If you entered the URL manually please check your spelling and try again.
INFO:werkzeug:127.0.0.1 - - [16/Dec/2019 23:18:24] "GET /menu/static/assets/js/core/jquery.min.js HTTP/1.1" 404 -
ERROR:app:404 Not Found: The requested URL was not found on the server. If you entered the URL manually please check your spelling and try again.
ERROR:app:404 Not Found: The requested URL was not found on the server. If you entered the URL manually please check your spelling and try again.
ERROR:app:404 Not Found: The requested URL was not found on the server. If you entered the URL manually please check your spelling and try again.
INFO:werkzeug:127.0.0.1 - - [16/Dec/2019 23:18:25] "GET /menu/static/assets/js/core/bootstrap-material-design.min.js HTTP/1.1" 404 -
INFO:werkzeug:127.0.0.1 - - [16/Dec/2019 23:18:25] "GET /menu/static/assets/js/core/popper.min.js HTTP/1.1" 404 -
INFO:werkzeug:127.0.0.1 - - [16/Dec/2019 23:18:25] "GET /menu/static/assets/js/plugins/perfect-scrollbar.jquery.min.js HTTP/1.1" 404 -
ERROR:app:404 Not Found: The requested URL was not found on the server. If you entered the URL manually please check your spelling and try again.
ERROR:app:404 Not Found: The requested URL was not found on the server. If you entered the URL manually please check your spelling and try again.
INFO:werkzeug:127.0.0.1 - - [16/Dec/2019 23:18:25] "GET /menu/static/assets/js/plugins/chartist.min.js HTTP/1.1" 404 -
INFO:werkzeug:127.0.0.1 - - [16/Dec/2019 23:18:25] "GET /menu/static/assets/js/plugins/bootstrap-notify.js HTTP/1.1" 404 -
ERROR:app:404 Not Found: The requested URL was not found on the server. If you entered the URL manually please check your spelling and try again.
INFO:werkzeug:127.0.0.1 - - [16/Dec/2019 23:18:25] "GET /menu/static/assets/js/material-dashboard.js?v=2.1.1 HTTP/1.1" 404 -
ERROR:app:404 Not Found: The requested URL was not found on the server. If you entered the URL manually please check your spelling and try again.
INFO:werkzeug:127.0.0.1 - - [16/Dec/2019 23:18:25] "GET /menu/static/assets/js/core/bootstrap-material-design.min.js HTTP/1.1" 404 -
ERROR:app:404 Not Found: The requested URL was not found on the server. If you entered the URL manually please check your spelling and try again.
INFO:werkzeug:127.0.0.1 - - [16/Dec/2019 23:18:25] "GET /menu/static/assets/js/plugins/perfect-scrollbar.jquery.min.js HTTP/1.1" 404 -
ERROR:app:404 Not Found: The requested URL was not found on the server. If you entered the URL manually please check your spelling and try again.
INFO:werkzeug:127.0.0.1 - - [16/Dec/2019 23:18:25] "GET /menu/static/assets/js/plugins/chartist.min.js HTTP/1.1" 404 -
ERROR:app:404 Not Found: The requested URL was not found on the server. If you entered the URL manually please check your spelling and try again.
INFO:werkzeug:127.0.0.1 - - [16/Dec/2019 23:18:26] "GET /menu/static/assets/js/plugins/bootstrap-notify.js HTTP/1.1" 404 -
ERROR:app:404 Not Found: The requested URL was not found on the server. If you entered the URL manually please check your spelling and try again.
INFO:werkzeug:127.0.0.1 - - [16/Dec/2019 23:18:26] "GET /menu/static/assets/js/material-dashboard.js?v=2.1.1 HTTP/1.1" 404 -
DEBUG:urllib3.connectionpool:Starting new HTTPS connection (1): dapi.kakao.com:443
DEBUG:urllib3.connectionpool:https://dapi.kakao.com:443 "GET /v3/search/book?target=title&query=%EB%B0%98%EC%A7%80%EA%B0%91 HTTP/1.1" 200 None
INFO:werkzeug:127.0.0.1 - - [16/Dec/2019 23:18:32] "GET /menu/api_run HTTP/1.1" 200 -
ERROR:app:404 Not Found: The requested URL was not found on the server. If you entered the URL manually please check your spelling and try again.
INFO:werkzeug:127.0.0.1 - - [16/Dec/2019 23:18:32] "GET /menu/static/assets/js/core/jquery.min.js HTTP/1.1" 404 -
ERROR:app:404 Not Found: The requested URL was not found on the server. If you entered the URL manually please check your spelling and try again.
INFO:werkzeug:127.0.0.1 - - [16/Dec/2019 23:18:32] "GET /menu/static/assets/js/core/popper.min.js HTTP/1.1" 404 -
ERROR:app:404 Not Found: The requested URL was not found on the server. If you entered the URL manually please check your spelling and try again.
INFO:werkzeug:127.0.0.1 - - [16/Dec/2019 23:18:32] "GET /menu/static/assets/js/core/bootstrap-material-design.min.js HTTP/1.1" 404 -
ERROR:app:404 Not Found: The requested URL was not found on the server. If you entered the URL manually please check your spelling and try again.
INFO:werkzeug:127.0.0.1 - - [16/Dec/2019 23:18:32] "GET /menu/static/assets/js/plugins/perfect-scrollbar.jquery.min.js HTTP/1.1" 404 -
ERROR:app:404 Not Found: The requested URL was not found on the server. If you entered the URL manually please check your spelling and try again.
INFO:werkzeug:127.0.0.1 - - [16/Dec/2019 23:18:32] "GET /menu/static/assets/js/plugins/chartist.min.js HTTP/1.1" 404 -
ERROR:app:404 Not Found: The requested URL was not found on the server. If you entered the URL manually please check your spelling and try again.
INFO:werkzeug:127.0.0.1 - - [16/Dec/2019 23:18:32] "GET /menu/static/assets/js/plugins/bootstrap-notify.js HTTP/1.1" 404 -
ERROR:app:404 Not Found: The requested URL was not found on the server. If you entered the URL manually please check your spelling and try again.
INFO:werkzeug:127.0.0.1 - - [16/Dec/2019 23:18:33] "GET /menu/static/assets/js/material-dashboard.js?v=2.1.1 HTTP/1.1" 404 -
DEBUG:urllib3.connectionpool:Starting new HTTPS connection (1): dapi.kakao.com:443
DEBUG:urllib3.connectionpool:https://dapi.kakao.com:443 "GET /v3/search/book?target=title&query=%EB%B0%98%EC%A7%80%EA%B0%91 HTTP/1.1" 200 None
INFO:werkzeug:127.0.0.1 - - [16/Dec/2019 23:22:16] "GET /menu/api_run HTTP/1.1" 200 -
ERROR:app:404 Not Found: The requested URL was not found on the server. If you entered the URL manually please check your spelling and try again.
INFO:werkzeug:127.0.0.1 - - [16/Dec/2019 23:22:16] "GET /menu/static/assets/js/core/jquery.min.js HTTP/1.1" 404 -
ERROR:app:404 Not Found: The requested URL was not found on the server. If you entered the URL manually please check your spelling and try again.
INFO:werkzeug:127.0.0.1 - - [16/Dec/2019 23:22:17] "GET /menu/static/assets/js/core/popper.min.js HTTP/1.1" 404 -
ERROR:app:404 Not Found: The requested URL was not found on the server. If you entered the URL manually please check your spelling and try again.
ERROR:app:404 Not Found: The requested URL was not found on the server. If you entered the URL manually please check your spelling and try again.
INFO:werkzeug:127.0.0.1 - - [16/Dec/2019 23:22:17] "GET /menu/static/assets/js/core/bootstrap-material-design.min.js HTTP/1.1" 404 -
ERROR:app:404 Not Found: The requested URL was not found on the server. If you entered the URL manually please check your spelling and try again.
INFO:werkzeug:127.0.0.1 - - [16/Dec/2019 23:22:17] "GET /menu/static/assets/js/plugins/perfect-scrollbar.jquery.min.js HTTP/1.1" 404 -
INFO:werkzeug:127.0.0.1 - - [16/Dec/2019 23:22:17] "GET /menu/static/assets/js/plugins/chartist.min.js HTTP/1.1" 404 -
ERROR:app:404 Not Found: The requested URL was not found on the server. If you entered the URL manually please check your spelling and try again.
INFO:werkzeug:127.0.0.1 - - [16/Dec/2019 23:22:17] "GET /menu/static/assets/js/plugins/bootstrap-notify.js HTTP/1.1" 404 -
ERROR:app:404 Not Found: The requested URL was not found on the server. If you entered the URL manually please check your spelling and try again.
INFO:werkzeug:127.0.0.1 - - [16/Dec/2019 23:22:17] "GET /menu/static/assets/js/material-dashboard.js?v=2.1.1 HTTP/1.1" 404 -
DEBUG:urllib3.connectionpool:Starting new HTTPS connection (1): dapi.kakao.com:443
DEBUG:urllib3.connectionpool:https://dapi.kakao.com:443 "GET /v3/search/book?target=title&query=%EB%B0%98%EC%A7%80%EA%B0%91 HTTP/1.1" 200 None
INFO:werkzeug:127.0.0.1 - - [16/Dec/2019 23:23:05] "GET /menu/api_run HTTP/1.1" 200 -
ERROR:app:404 Not Found: The requested URL was not found on the server. If you entered the URL manually please check your spelling and try again.
INFO:werkzeug:127.0.0.1 - - [16/Dec/2019 23:23:05] "GET /menu/static/assets/js/core/jquery.min.js HTTP/1.1" 404 -
ERROR:app:404 Not Found: The requested URL was not found on the server. If you entered the URL manually please check your spelling and try again.
INFO:werkzeug:127.0.0.1 - - [16/Dec/2019 23:23:05] "GET /menu/static/assets/js/core/bootstrap-material-design.min.js HTTP/1.1" 404 -
ERROR:app:404 Not Found: The requested URL was not found on the server. If you entered the URL manually please check your spelling and try again.
INFO:werkzeug:127.0.0.1 - - [16/Dec/2019 23:23:05] "GET /menu/static/assets/js/core/popper.min.js HTTP/1.1" 404 -
ERROR:app:404 Not Found: The requested URL was not found on the server. If you entered the URL manually please check your spelling and try again.
INFO:werkzeug:127.0.0.1 - - [16/Dec/2019 23:23:05] "GET /menu/static/assets/js/plugins/perfect-scrollbar.jquery.min.js HTTP/1.1" 404 -
ERROR:app:404 Not Found: The requested URL was not found on the server. If you entered the URL manually please check your spelling and try again.
INFO:werkzeug:127.0.0.1 - - [16/Dec/2019 23:23:05] "GET /menu/static/assets/js/plugins/chartist.min.js HTTP/1.1" 404 -
ERROR:app:404 Not Found: The requested URL was not found on the server. If you entered the URL manually please check your spelling and try again.
INFO:werkzeug:127.0.0.1 - - [16/Dec/2019 23:23:05] "GET /menu/static/assets/js/plugins/bootstrap-notify.js HTTP/1.1" 404 -
ERROR:app:404 Not Found: The requested URL was not found on the server. If you entered the URL manually please check your spelling and try again.
INFO:werkzeug:127.0.0.1 - - [16/Dec/2019 23:23:05] "GET /menu/static/assets/js/material-dashboard.js?v=2.1.1 HTTP/1.1" 404 -
ERROR:app:404 Not Found: The requested URL was not found on the server. If you entered the URL manually please check your spelling and try again.
INFO:werkzeug:127.0.0.1 - - [16/Dec/2019 23:23:05] "GET /menu/static/assets/js/core/bootstrap-material-design.min.js HTTP/1.1" 404 -
ERROR:app:404 Not Found: The requested URL was not found on the server. If you entered the URL manually please check your spelling and try again.
INFO:werkzeug:127.0.0.1 - - [16/Dec/2019 23:23:06] "GET /menu/static/assets/js/plugins/perfect-scrollbar.jquery.min.js HTTP/1.1" 404 -
ERROR:app:404 Not Found: The requested URL was not found on the server. If you entered the URL manually please check your spelling and try again.
INFO:werkzeug:127.0.0.1 - - [16/Dec/2019 23:23:06] "GET /menu/static/assets/js/plugins/chartist.min.js HTTP/1.1" 404 -
ERROR:app:404 Not Found: The requested URL was not found on the server. If you entered the URL manually please check your spelling and try again.
INFO:werkzeug:127.0.0.1 - - [16/Dec/2019 23:23:06] "GET /menu/static/assets/js/plugins/bootstrap-notify.js HTTP/1.1" 404 -
ERROR:app:404 Not Found: The requested URL was not found on the server. If you entered the URL manually please check your spelling and try again.
INFO:werkzeug:127.0.0.1 - - [16/Dec/2019 23:23:06] "GET /menu/static/assets/js/material-dashboard.js?v=2.1.1 HTTP/1.1" 404 -
DEBUG:urllib3.connectionpool:Starting new HTTPS connection (1): dapi.kakao.com:443
DEBUG:urllib3.connectionpool:https://dapi.kakao.com:443 "GET /v3/search/book?target=title&query=%EB%B0%98%EC%A7%80%EA%B0%91 HTTP/1.1" 200 None
INFO:werkzeug:127.0.0.1 - - [16/Dec/2019 23:25:15] "GET /menu/api_run HTTP/1.1" 200 -
ERROR:app:404 Not Found: The requested URL was not found on the server. If you entered the URL manually please check your spelling and try again.
INFO:werkzeug:127.0.0.1 - - [16/Dec/2019 23:25:15] "GET /menu/static/assets/js/core/jquery.min.js HTTP/1.1" 404 -
ERROR:app:404 Not Found: The requested URL was not found on the server. If you entered the URL manually please check your spelling and try again.
INFO:werkzeug:127.0.0.1 - - [16/Dec/2019 23:25:15] "GET /menu/static/assets/js/core/popper.min.js HTTP/1.1" 404 -
ERROR:app:404 Not Found: The requested URL was not found on the server. If you entered the URL manually please check your spelling and try again.
INFO:werkzeug:127.0.0.1 - - [16/Dec/2019 23:25:15] "GET /menu/static/assets/js/core/bootstrap-material-design.min.js HTTP/1.1" 404 -
ERROR:app:404 Not Found: The requested URL was not found on the server. If you entered the URL manually please check your spelling and try again.
INFO:werkzeug:127.0.0.1 - - [16/Dec/2019 23:25:15] "GET /menu/static/assets/js/plugins/perfect-scrollbar.jquery.min.js HTTP/1.1" 404 -
ERROR:app:404 Not Found: The requested URL was not found on the server. If you entered the URL manually please check your spelling and try again.
INFO:werkzeug:127.0.0.1 - - [16/Dec/2019 23:25:15] "GET /menu/static/assets/js/plugins/chartist.min.js HTTP/1.1" 404 -
ERROR:app:404 Not Found: The requested URL was not found on the server. If you entered the URL manually please check your spelling and try again.
INFO:werkzeug:127.0.0.1 - - [16/Dec/2019 23:25:15] "GET /menu/static/assets/js/plugins/bootstrap-notify.js HTTP/1.1" 404 -
ERROR:app:404 Not Found: The requested URL was not found on the server. If you entered the URL manually please check your spelling and try again.
INFO:werkzeug:127.0.0.1 - - [16/Dec/2019 23:25:15] "GET /menu/static/assets/js/material-dashboard.js?v=2.1.1 HTTP/1.1" 404 -
INFO:werkzeug: * Detected change in 'C:\\Users\\QueaNam\\PycharmProjects\\Service-Oriented-Term-Project\\views\\menus.py', reloading
INFO:werkzeug: * Restarting with stat
WARNING:werkzeug: * Debugger is active!
INFO:werkzeug: * Debugger PIN: 286-773-444
INFO:werkzeug: * Running on http://0.0.0.0:8000/ (Press CTRL+C to quit)
INFO:werkzeug: * Detected change in 'C:\\Users\\QueaNam\\PycharmProjects\\Service-Oriented-Term-Project\\views\\menus.py', reloading
INFO:werkzeug: * Restarting with stat
WARNING:werkzeug: * Debugger is active!
INFO:werkzeug: * Debugger PIN: 286-773-444
INFO:werkzeug: * Running on http://0.0.0.0:8000/ (Press CTRL+C to quit)
ERROR:app:404 Not Found: The requested URL was not found on the server. If you entered the URL manually please check your spelling and try again.
INFO:werkzeug:127.0.0.1 - - [16/Dec/2019 23:36:40] "GET /menu/api/lostInfo HTTP/1.1" 404 -
DEBUG:urllib3.connectionpool:Starting new HTTP connection (1): apis.data.go.kr:80
DEBUG:urllib3.connectionpool:http://apis.data.go.kr:80 "GET /1320000/LostGoodsInfoInqireService/getLostGoodsInfoAccTpNmCstdyPlace?ServiceKey=%2FRpRLYKrjEbwdsYlZgkvuKZW9wgTRfDhE%2BZyDgf4MzD5OcH5%2Fx92rEl1NDzjnqrHxhcYI1WUjvRfK8n86aSNaw%3D%3D&pageNo=1&numOfRows=10 HTTP/1.1" 200 966
DEBUG:urllib3.connectionpool:Starting new HTTP connection (1): apis.data.go.kr:80
DEBUG:urllib3.connectionpool:http://apis.data.go.kr:80 "GET /1320000/LostGoodsInfoInqireService/getLostGoodsDetailInfo?ServiceKey=%2FRpRLYKrjEbwdsYlZgkvuKZW9wgTRfDhE%2BZyDgf4MzD5OcH5%2Fx92rEl1NDzjnqrHxhcYI1WUjvRfK8n86aSNaw%3D%3D&ATC_ID=L2019121600000031 HTTP/1.1" 200 582
DEBUG:urllib3.connectionpool:Starting new HTTP connection (1): apis.data.go.kr:80
DEBUG:urllib3.connectionpool:http://apis.data.go.kr:80 "GET /1320000/LosfundInfoInqireService/getLosfundInfoAccTpNmCstdyPlace?ServiceKey=%2FRpRLYKrjEbwdsYlZgkvuKZW9wgTRfDhE%2BZyDgf4MzD5OcH5%2Fx92rEl1NDzjnqrHxhcYI1WUjvRfK8n86aSNaw%3D%3D&PRDT_NM=%EC%A7%80%EA%B0%91&DEP_PLACE=%EB%B2%94%EA%B3%84%ED%8C%8C%EC%B6%9C%EC%86%8C&pageNo=1&numOfRows=10 HTTP/1.1" 200 898
DEBUG:urllib3.connectionpool:Starting new HTTP connection (1): apis.data.go.kr:80
DEBUG:urllib3.connectionpool:http://apis.data.go.kr:80 "GET /1320000/LosfundInfoInqireService/getLosfundInfoAccTpNmCstdyPlace?ServiceKey=%2FRpRLYKrjEbwdsYlZgkvuKZW9wgTRfDhE%2BZyDgf4MzD5OcH5%2Fx92rEl1NDzjnqrHxhcYI1WUjvRfK8n86aSNaw%3D%3D&PRDT_NM=%EC%A7%80%EA%B0%91&DEP_PLACE=%EB%B2%94%EA%B3%84%ED%8C%8C%EC%B6%9C%EC%86%8C&pageNo=2&numOfRows=10 HTTP/1.1" 200 528
INFO:werkzeug:127.0.0.1 - - [16/Dec/2019 23:36:58] "GET /api/lostInfo HTTP/1.1" 500 -
INFO:werkzeug:127.0.0.1 - - [16/Dec/2019 23:36:59] "GET /api/lostInfo?__debugger__=yes&cmd=resource&f=style.css HTTP/1.1" 200 -
INFO:werkzeug:127.0.0.1 - - [16/Dec/2019 23:36:59] "GET /api/lostInfo?__debugger__=yes&cmd=resource&f=debugger.js HTTP/1.1" 200 -
INFO:werkzeug:127.0.0.1 - - [16/Dec/2019 23:36:59] "GET /api/lostInfo?__debugger__=yes&cmd=resource&f=jquery.js HTTP/1.1" 200 -
INFO:werkzeug:127.0.0.1 - - [16/Dec/2019 23:36:59] "GET /api/lostInfo?__debugger__=yes&cmd=resource&f=ubuntu.ttf HTTP/1.1" 200 -
INFO:werkzeug:127.0.0.1 - - [16/Dec/2019 23:36:59] "GET /api/lostInfo?__debugger__=yes&cmd=resource&f=console.png HTTP/1.1" 200 -
DEBUG:urllib3.connectionpool:Starting new HTTP connection (1): localhost:8000
DEBUG:urllib3.connectionpool:Starting new HTTP connection (1): apis.data.go.kr:80
DEBUG:urllib3.connectionpool:http://apis.data.go.kr:80 "GET /1320000/LostGoodsInfoInqireService/getLostGoodsInfoAccTpNmCstdyPlace?ServiceKey=%2FRpRLYKrjEbwdsYlZgkvuKZW9wgTRfDhE%2BZyDgf4MzD5OcH5%2Fx92rEl1NDzjnqrHxhcYI1WUjvRfK8n86aSNaw%3D%3D&pageNo=1&numOfRows=10 HTTP/1.1" 200 966
DEBUG:urllib3.connectionpool:Starting new HTTP connection (1): apis.data.go.kr:80
DEBUG:urllib3.connectionpool:http://apis.data.go.kr:80 "GET /1320000/LostGoodsInfoInqireService/getLostGoodsDetailInfo?ServiceKey=%2FRpRLYKrjEbwdsYlZgkvuKZW9wgTRfDhE%2BZyDgf4MzD5OcH5%2Fx92rEl1NDzjnqrHxhcYI1WUjvRfK8n86aSNaw%3D%3D&ATC_ID=L2019121600000031 HTTP/1.1" 200 582
DEBUG:urllib3.connectionpool:Starting new HTTP connection (1): apis.data.go.kr:80
DEBUG:urllib3.connectionpool:Starting new HTTP connection (1): localhost:8000
DEBUG:urllib3.connectionpool:Starting new HTTP connection (1): apis.data.go.kr:80
DEBUG:urllib3.connectionpool:http://apis.data.go.kr:80 "GET /1320000/LostGoodsInfoInqireService/getLostGoodsInfoAccTpNmCstdyPlace?ServiceKey=%2FRpRLYKrjEbwdsYlZgkvuKZW9wgTRfDhE%2BZyDgf4MzD5OcH5%2Fx92rEl1NDzjnqrHxhcYI1WUjvRfK8n86aSNaw%3D%3D&pageNo=1&numOfRows=10 HTTP/1.1" 200 966
DEBUG:urllib3.connectionpool:Starting new HTTP connection (1): apis.data.go.kr:80
DEBUG:urllib3.connectionpool:http://apis.data.go.kr:80 "GET /1320000/LostGoodsInfoInqireService/getLostGoodsDetailInfo?ServiceKey=%2FRpRLYKrjEbwdsYlZgkvuKZW9wgTRfDhE%2BZyDgf4MzD5OcH5%2Fx92rEl1NDzjnqrHxhcYI1WUjvRfK8n86aSNaw%3D%3D&ATC_ID=L2019121600000031 HTTP/1.1" 200 582
DEBUG:urllib3.connectionpool:Starting new HTTP connection (1): apis.data.go.kr:80
DEBUG:urllib3.connectionpool:http://apis.data.go.kr:80 "GET /1320000/LosfundInfoInqireService/getLosfundInfoAccTpNmCstdyPlace?ServiceKey=%2FRpRLYKrjEbwdsYlZgkvuKZW9wgTRfDhE%2BZyDgf4MzD5OcH5%2Fx92rEl1NDzjnqrHxhcYI1WUjvRfK8n86aSNaw%3D%3D&PRDT_NM=%EC%A7%80%EA%B0%91&DEP_PLACE=%EB%B2%94%EA%B3%84%ED%8C%8C%EC%B6%9C%EC%86%8C&pageNo=1&numOfRows=10 HTTP/1.1" 200 898
DEBUG:urllib3.connectionpool:Starting new HTTP connection (1): apis.data.go.kr:80
DEBUG:urllib3.connectionpool:http://apis.data.go.kr:80 "GET /1320000/LosfundInfoInqireService/getLosfundInfoAccTpNmCstdyPlace?ServiceKey=%2FRpRLYKrjEbwdsYlZgkvuKZW9wgTRfDhE%2BZyDgf4MzD5OcH5%2Fx92rEl1NDzjnqrHxhcYI1WUjvRfK8n86aSNaw%3D%3D&PRDT_NM=%EC%A7%80%EA%B0%91&DEP_PLACE=%EB%B2%94%EA%B3%84%ED%8C%8C%EC%B6%9C%EC%86%8C&pageNo=2&numOfRows=10 HTTP/1.1" 200 528
INFO:werkzeug:127.0.0.1 - - [16/Dec/2019 23:40:12] "GET /api/lostInfo HTTP/1.1" 500 -
DEBUG:urllib3.connectionpool:http://localhost:8000 "GET /api/lostInfo HTTP/1.1" 500 None
INFO:werkzeug:127.0.0.1 - - [16/Dec/2019 23:40:12] "GET /menu/api_run HTTP/1.1" 500 -
INFO:werkzeug:127.0.0.1 - - [16/Dec/2019 23:40:13] "GET /menu/api_run?__debugger__=yes&cmd=resource&f=style.css HTTP/1.1" 200 -
INFO:werkzeug:127.0.0.1 - - [16/Dec/2019 23:40:13] "GET /menu/api_run?__debugger__=yes&cmd=resource&f=jquery.js HTTP/1.1" 200 -
INFO:werkzeug:127.0.0.1 - - [16/Dec/2019 23:40:13] "GET /menu/api_run?__debugger__=yes&cmd=resource&f=debugger.js HTTP/1.1" 200 -
INFO:werkzeug:127.0.0.1 - - [16/Dec/2019 23:40:13] "GET /menu/api_run?__debugger__=yes&cmd=resource&f=ubuntu.ttf HTTP/1.1" 200 -
DEBUG:urllib3.connectionpool:Starting new HTTP connection (1): localhost:8000
INFO:werkzeug:127.0.0.1 - - [16/Dec/2019 23:40:13] "GET /menu/api_run?__debugger__=yes&cmd=resource&f=console.png HTTP/1.1" 200 -
DEBUG:urllib3.connectionpool:Starting new HTTP connection (1): apis.data.go.kr:80
DEBUG:urllib3.connectionpool:http://apis.data.go.kr:80 "GET /1320000/LostGoodsInfoInqireService/getLostGoodsInfoAccTpNmCstdyPlace?ServiceKey=%2FRpRLYKrjEbwdsYlZgkvuKZW9wgTRfDhE%2BZyDgf4MzD5OcH5%2Fx92rEl1NDzjnqrHxhcYI1WUjvRfK8n86aSNaw%3D%3D&pageNo=1&numOfRows=10 HTTP/1.1" 200 966
DEBUG:urllib3.connectionpool:Starting new HTTP connection (1): apis.data.go.kr:80
DEBUG:urllib3.connectionpool:http://apis.data.go.kr:80 "GET /1320000/LostGoodsInfoInqireService/getLostGoodsDetailInfo?ServiceKey=%2FRpRLYKrjEbwdsYlZgkvuKZW9wgTRfDhE%2BZyDgf4MzD5OcH5%2Fx92rEl1NDzjnqrHxhcYI1WUjvRfK8n86aSNaw%3D%3D&ATC_ID=L2019121600000031 HTTP/1.1" 200 582
DEBUG:urllib3.connectionpool:Starting new HTTP connection (1): apis.data.go.kr:80
DEBUG:urllib3.connectionpool:http://apis.data.go.kr:80 "GET /1320000/LosfundInfoInqireService/getLosfundInfoAccTpNmCstdyPlace?ServiceKey=%2FRpRLYKrjEbwdsYlZgkvuKZW9wgTRfDhE%2BZyDgf4MzD5OcH5%2Fx92rEl1NDzjnqrHxhcYI1WUjvRfK8n86aSNaw%3D%3D&PRDT_NM=%EC%A7%80%EA%B0%91&DEP_PLACE=%EB%B2%94%EA%B3%84%ED%8C%8C%EC%B6%9C%EC%86%8C&pageNo=1&numOfRows=10 HTTP/1.1" 200 898
DEBUG:urllib3.connectionpool:Starting new HTTP connection (1): apis.data.go.kr:80
DEBUG:urllib3.connectionpool:http://apis.data.go.kr:80 "GET /1320000/LosfundInfoInqireService/getLosfundInfoAccTpNmCstdyPlace?ServiceKey=%2FRpRLYKrjEbwdsYlZgkvuKZW9wgTRfDhE%2BZyDgf4MzD5OcH5%2Fx92rEl1NDzjnqrHxhcYI1WUjvRfK8n86aSNaw%3D%3D&PRDT_NM=%EC%A7%80%EA%B0%91&DEP_PLACE=%EB%B2%94%EA%B3%84%ED%8C%8C%EC%B6%9C%EC%86%8C&pageNo=2&numOfRows=10 HTTP/1.1" 200 528
INFO:werkzeug:127.0.0.1 - - [16/Dec/2019 23:40:26] "GET /api/lostInfo HTTP/1.1" 500 -
DEBUG:urllib3.connectionpool:http://localhost:8000 "GET /api/lostInfo HTTP/1.1" 500 None
INFO:werkzeug:127.0.0.1 - - [16/Dec/2019 23:40:26] "GET /menu/api_run HTTP/1.1" 500 -
INFO:werkzeug:127.0.0.1 - - [16/Dec/2019 23:40:26] "GET /menu/api_run?__debugger__=yes&cmd=resource&f=style.css HTTP/1.1" 200 -
INFO:werkzeug:127.0.0.1 - - [16/Dec/2019 23:40:26] "GET /menu/api_run?__debugger__=yes&cmd=resource&f=jquery.js HTTP/1.1" 200 -
INFO:werkzeug:127.0.0.1 - - [16/Dec/2019 23:40:26] "GET /menu/api_run?__debugger__=yes&cmd=resource&f=debugger.js HTTP/1.1" 200 -
INFO:werkzeug:127.0.0.1 - - [16/Dec/2019 23:40:27] "GET /menu/api_run?__debugger__=yes&cmd=resource&f=ubuntu.ttf HTTP/1.1" 200 -
INFO:werkzeug:127.0.0.1 - - [16/Dec/2019 23:40:27] "GET /menu/api_run?__debugger__=yes&cmd=resource&f=console.png HTTP/1.1" 200 -
INFO:werkzeug:127.0.0.1 - - [16/Dec/2019 23:40:27] "GET /menu/api_run?__debugger__=yes&cmd=resource&f=console.png HTTP/1.1" 200 -
INFO:werkzeug: * Detected change in 'C:\\Users\\QueaNam\\PycharmProjects\\Service-Oriented-Term-Project\\views\\menus.py', reloading
INFO:werkzeug: * Restarting with stat
WARNING:werkzeug: * Debugger is active!
INFO:werkzeug: * Debugger PIN: 286-773-444
INFO:werkzeug: * Running on http://0.0.0.0:8000/ (Press CTRL+C to quit)
INFO:werkzeug: * Restarting with stat
WARNING:werkzeug: * Debugger is active!
INFO:werkzeug: * Debugger PIN: 286-773-444
INFO:werkzeug: * Running on http://0.0.0.0:8000/ (Press CTRL+C to quit)
DEBUG:urllib3.connectionpool:Starting new HTTP connection (1): localhost:8000
DEBUG:urllib3.connectionpool:Starting new HTTP connection (1): apis.data.go.kr:80
DEBUG:urllib3.connectionpool:http://apis.data.go.kr:80 "GET /1320000/LostGoodsInfoInqireService/getLostGoodsInfoAccTpNmCstdyPlace?ServiceKey=%2FRpRLYKrjEbwdsYlZgkvuKZW9wgTRfDhE%2BZyDgf4MzD5OcH5%2Fx92rEl1NDzjnqrHxhcYI1WUjvRfK8n86aSNaw%3D%3D&pageNo=1&numOfRows=10 HTTP/1.1" 200 966
DEBUG:urllib3.connectionpool:Starting new HTTP connection (1): apis.data.go.kr:80
DEBUG:urllib3.connectionpool:http://apis.data.go.kr:80 "GET /1320000/LostGoodsInfoInqireService/getLostGoodsDetailInfo?ServiceKey=%2FRpRLYKrjEbwdsYlZgkvuKZW9wgTRfDhE%2BZyDgf4MzD5OcH5%2Fx92rEl1NDzjnqrHxhcYI1WUjvRfK8n86aSNaw%3D%3D&ATC_ID=L2019121600000031 HTTP/1.1" 200 582
DEBUG:urllib3.connectionpool:Starting new HTTP connection (1): apis.data.go.kr:80
INFO:werkzeug:127.0.0.1 - - [16/Dec/2019 23:40:44] "GET /menu/ HTTP/1.1" 200 -
DEBUG:urllib3.connectionpool:http://apis.data.go.kr:80 "GET /1320000/LosfundInfoInqireService/getLosfundInfoAccTpNmCstdyPlace?ServiceKey=%2FRpRLYKrjEbwdsYlZgkvuKZW9wgTRfDhE%2BZyDgf4MzD5OcH5%2Fx92rEl1NDzjnqrHxhcYI1WUjvRfK8n86aSNaw%3D%3D&PRDT_NM=%EC%A7%80%EA%B0%91&DEP_PLACE=%EB%B2%94%EA%B3%84%ED%8C%8C%EC%B6%9C%EC%86%8C&pageNo=1&numOfRows=10 HTTP/1.1" 200 898
DEBUG:urllib3.connectionpool:Starting new HTTP connection (1): apis.data.go.kr:80
INFO:werkzeug:127.0.0.1 - - [16/Dec/2019 23:40:49] "GET / HTTP/1.1" 200 -
DEBUG:urllib3.connectionpool:http://apis.data.go.kr:80 "GET /1320000/LosfundInfoInqireService/getLosfundInfoAccTpNmCstdyPlace?ServiceKey=%2FRpRLYKrjEbwdsYlZgkvuKZW9wgTRfDhE%2BZyDgf4MzD5OcH5%2Fx92rEl1NDzjnqrHxhcYI1WUjvRfK8n86aSNaw%3D%3D&PRDT_NM=%EC%A7%80%EA%B0%91&DEP_PLACE=%EB%B2%94%EA%B3%84%ED%8C%8C%EC%B6%9C%EC%86%8C&pageNo=2&numOfRows=10 HTTP/1.1" 200 528
INFO:werkzeug:127.0.0.1 - - [16/Dec/2019 23:40:50] "GET /api/lostInfo HTTP/1.1" 500 -
DEBUG:urllib3.connectionpool:http://localhost:8000 "GET /api/lostInfo HTTP/1.1" 500 None
INFO:werkzeug:127.0.0.1 - - [16/Dec/2019 23:40:50] "GET /menu/api_run HTTP/1.1" 200 -
DEBUG:urllib3.connectionpool:Starting new HTTP connection (1): localhost:8000
DEBUG:urllib3.connectionpool:Starting new HTTP connection (1): apis.data.go.kr:80
DEBUG:urllib3.connectionpool:Starting new HTTP connection (1): localhost:8000
DEBUG:urllib3.connectionpool:http://apis.data.go.kr:80 "GET /1320000/LostGoodsInfoInqireService/getLostGoodsInfoAccTpNmCstdyPlace?ServiceKey=%2FRpRLYKrjEbwdsYlZgkvuKZW9wgTRfDhE%2BZyDgf4MzD5OcH5%2Fx92rEl1NDzjnqrHxhcYI1WUjvRfK8n86aSNaw%3D%3D&pageNo=1&numOfRows=10 HTTP/1.1" 200 966
DEBUG:urllib3.connectionpool:Starting new HTTP connection (1): apis.data.go.kr:80
DEBUG:urllib3.connectionpool:Starting new HTTP connection (1): localhost:8000
DEBUG:urllib3.connectionpool:http://apis.data.go.kr:80 "GET /1320000/LostGoodsInfoInqireService/getLostGoodsDetailInfo?ServiceKey=%2FRpRLYKrjEbwdsYlZgkvuKZW9wgTRfDhE%2BZyDgf4MzD5OcH5%2Fx92rEl1NDzjnqrHxhcYI1WUjvRfK8n86aSNaw%3D%3D&ATC_ID=L2019121600000031 HTTP/1.1" 200 582
DEBUG:urllib3.connectionpool:Starting new HTTP connection (1): apis.data.go.kr:80
DEBUG:urllib3.connectionpool:Starting new HTTP connection (1): apis.data.go.kr:80
DEBUG:urllib3.connectionpool:Starting new HTTP connection (1): apis.data.go.kr:80
DEBUG:urllib3.connectionpool:Starting new HTTPS connection (1): dapi.kakao.com:443
DEBUG:urllib3.connectionpool:https://dapi.kakao.com:443 "GET /v3/search/book?target=title&query=%EB%AF%B8%EC%9B%80%EB%B0%9B%EC%9D%84%20%EC%9A%A9%EA%B8%B0 HTTP/1.1" 200 None
INFO:werkzeug:127.0.0.1 - - [16/Dec/2019 23:41:00] "GET /menu/api_manual HTTP/1.1" 200 -
ERROR:app:404 Not Found: The requested URL was not found on the server. If you entered the URL manually please check your spelling and try again.
INFO:werkzeug:127.0.0.1 - - [16/Dec/2019 23:41:00] "GET /menu/static/assets/js/core/jquery.min.js HTTP/1.1" 404 -
DEBUG:urllib3.connectionpool:http://apis.data.go.kr:80 "GET /1320000/LosfundInfoInqireService/getLosfundInfoAccTpNmCstdyPlace?ServiceKey=%2FRpRLYKrjEbwdsYlZgkvuKZW9wgTRfDhE%2BZyDgf4MzD5OcH5%2Fx92rEl1NDzjnqrHxhcYI1WUjvRfK8n86aSNaw%3D%3D&PRDT_NM=%EC%A7%80%EA%B0%91&DEP_PLACE=%EB%B2%94%EA%B3%84%ED%8C%8C%EC%B6%9C%EC%86%8C&pageNo=1&numOfRows=10 HTTP/1.1" 200 898
DEBUG:urllib3.connectionpool:Starting new HTTP connection (1): apis.data.go.kr:80
ERROR:app:404 Not Found: The requested URL was not found on the server. If you entered the URL manually please check your spelling and try again.
ERROR:app:404 Not Found: The requested URL was not found on the server. If you entered the URL manually please check your spelling and try again.
ERROR:app:404 Not Found: The requested URL was not found on the server. If you entered the URL manually please check your spelling and try again.
INFO:werkzeug:127.0.0.1 - - [16/Dec/2019 23:41:01] "GET /menu/static/assets/js/core/popper.min.js HTTP/1.1" 404 -
ERROR:app:404 Not Found: The requested URL was not found on the server. If you entered the URL manually please check your spelling and try again.
INFO:werkzeug:127.0.0.1 - - [16/Dec/2019 23:41:01] "GET /menu/static/assets/js/core/bootstrap-material-design.min.js HTTP/1.1" 404 -
INFO:werkzeug:127.0.0.1 - - [16/Dec/2019 23:41:01] "GET /menu/static/assets/js/plugins/perfect-scrollbar.jquery.min.js HTTP/1.1" 404 -
ERROR:app:404 Not Found: The requested URL was not found on the server. If you entered the URL manually please check your spelling and try again.
INFO:werkzeug:127.0.0.1 - - [16/Dec/2019 23:41:01] "GET /menu/static/assets/js/plugins/chartist.min.js HTTP/1.1" 404 -
ERROR:app:404 Not Found: The requested URL was not found on the server. If you entered the URL manually please check your spelling and try again.
INFO:werkzeug:127.0.0.1 - - [16/Dec/2019 23:41:01] "GET /menu/static/assets/js/plugins/bootstrap-notify.js HTTP/1.1" 404 -
INFO:werkzeug:127.0.0.1 - - [16/Dec/2019 23:41:01] "GET /menu/static/assets/js/material-dashboard.js?v=2.1.1 HTTP/1.1" 404 -
DEBUG:urllib3.connectionpool:http://apis.data.go.kr:80 "GET /1320000/LostGoodsInfoInqireService/getLostGoodsInfoAccTpNmCstdyPlace?ServiceKey=%2FRpRLYKrjEbwdsYlZgkvuKZW9wgTRfDhE%2BZyDgf4MzD5OcH5%2Fx92rEl1NDzjnqrHxhcYI1WUjvRfK8n86aSNaw%3D%3D&pageNo=1&numOfRows=10 HTTP/1.1" 200 966
DEBUG:urllib3.connectionpool:Starting new HTTP connection (1): apis.data.go.kr:80
DEBUG:urllib3.connectionpool:http://apis.data.go.kr:80 "GET /1320000/LostGoodsInfoInqireService/getLostGoodsDetailInfo?ServiceKey=%2FRpRLYKrjEbwdsYlZgkvuKZW9wgTRfDhE%2BZyDgf4MzD5OcH5%2Fx92rEl1NDzjnqrHxhcYI1WUjvRfK8n86aSNaw%3D%3D&ATC_ID=L2019121600000031 HTTP/1.1" 200 582
DEBUG:urllib3.connectionpool:Starting new HTTP connection (1): apis.data.go.kr:80
DEBUG:urllib3.connectionpool:Starting new HTTP connection (1): localhost:8000
DEBUG:urllib3.connectionpool:http://apis.data.go.kr:80 "GET /1320000/LostGoodsInfoInqireService/getLostGoodsInfoAccTpNmCstdyPlace?ServiceKey=%2FRpRLYKrjEbwdsYlZgkvuKZW9wgTRfDhE%2BZyDgf4MzD5OcH5%2Fx92rEl1NDzjnqrHxhcYI1WUjvRfK8n86aSNaw%3D%3D&pageNo=1&numOfRows=10 HTTP/1.1" 200 966
DEBUG:urllib3.connectionpool:Starting new HTTP connection (1): apis.data.go.kr:80
DEBUG:urllib3.connectionpool:http://apis.data.go.kr:80 "GET /1320000/LostGoodsInfoInqireService/getLostGoodsDetailInfo?ServiceKey=%2FRpRLYKrjEbwdsYlZgkvuKZW9wgTRfDhE%2BZyDgf4MzD5OcH5%2Fx92rEl1NDzjnqrHxhcYI1WUjvRfK8n86aSNaw%3D%3D&ATC_ID=L2019121600000031 HTTP/1.1" 200 582
DEBUG:urllib3.connectionpool:Starting new HTTP connection (1): apis.data.go.kr:80
DEBUG:urllib3.connectionpool:http://apis.data.go.kr:80 "GET /1320000/LosfundInfoInqireService/getLosfundInfoAccTpNmCstdyPlace?ServiceKey=%2FRpRLYKrjEbwdsYlZgkvuKZW9wgTRfDhE%2BZyDgf4MzD5OcH5%2Fx92rEl1NDzjnqrHxhcYI1WUjvRfK8n86aSNaw%3D%3D&PRDT_NM=%EC%A7%80%EA%B0%91&DEP_PLACE=%EB%B2%94%EA%B3%84%ED%8C%8C%EC%B6%9C%EC%86%8C&pageNo=2&numOfRows=10 HTTP/1.1" 200 528
INFO:werkzeug:127.0.0.1 - - [16/Dec/2019 23:41:04] "GET /api/lostInfo HTTP/1.1" 500 -
DEBUG:urllib3.connectionpool:http://localhost:8000 "GET /api/lostInfo HTTP/1.1" 500 None
INFO:werkzeug:127.0.0.1 - - [16/Dec/2019 23:41:04] "GET /menu/api_run HTTP/1.1" 200 -
DEBUG:urllib3.connectionpool:Starting new HTTP connection (1): apis.data.go.kr:80
DEBUG:urllib3.connectionpool:Starting new HTTPS connection (1): dapi.kakao.com:443
DEBUG:urllib3.connectionpool:https://dapi.kakao.com:443 "GET /v3/search/book?target=title&query=%EB%AF%B8%EC%9B%80%EB%B0%9B%EC%9D%84%20%EC%9A%A9%EA%B8%B0 HTTP/1.1" 200 None
INFO:werkzeug:127.0.0.1 - - [16/Dec/2019 23:41:06] "GET /menu/api_manual HTTP/1.1" 200 -
ERROR:app:404 Not Found: The requested URL was not found on the server. If you entered the URL manually please check your spelling and try again.
INFO:werkzeug:127.0.0.1 - - [16/Dec/2019 23:41:06] "GET /menu/static/assets/js/core/jquery.min.js HTTP/1.1" 404 -
ERROR:app:404 Not Found: The requested URL was not found on the server. If you entered the URL manually please check your spelling and try again.
INFO:werkzeug:127.0.0.1 - - [16/Dec/2019 23:41:06] "GET /menu/static/assets/js/core/popper.min.js HTTP/1.1" 404 -
ERROR:app:404 Not Found: The requested URL was not found on the server. If you entered the URL manually please check your spelling and try again.
INFO:werkzeug:127.0.0.1 - - [16/Dec/2019 23:41:06] "GET /menu/static/assets/js/core/bootstrap-material-design.min.js HTTP/1.1" 404 -
ERROR:app:404 Not Found: The requested URL was not found on the server. If you entered the URL manually please check your spelling and try again.
INFO:werkzeug:127.0.0.1 - - [16/Dec/2019 23:41:06] "GET /menu/static/assets/js/plugins/perfect-scrollbar.jquery.min.js HTTP/1.1" 404 -
ERROR:app:404 Not Found: The requested URL was not found on the server. If you entered the URL manually please check your spelling and try again.
INFO:werkzeug:127.0.0.1 - - [16/Dec/2019 23:41:06] "GET /menu/static/assets/js/plugins/chartist.min.js HTTP/1.1" 404 -
ERROR:app:404 Not Found: The requested URL was not found on the server. If you entered the URL manually please check your spelling and try again.
INFO:werkzeug:127.0.0.1 - - [16/Dec/2019 23:41:06] "GET /menu/static/assets/js/plugins/bootstrap-notify.js HTTP/1.1" 404 -
ERROR:app:404 Not Found: The requested URL was not found on the server. If you entered the URL manually please check your spelling and try again.
INFO:werkzeug:127.0.0.1 - - [16/Dec/2019 23:41:06] "GET /menu/static/assets/js/material-dashboard.js?v=2.1.1 HTTP/1.1" 404 -
DEBUG:urllib3.connectionpool:http://apis.data.go.kr:80 "GET /1320000/LosfundInfoInqireService/getLosfundInfoAccTpNmCstdyPlace?ServiceKey=%2FRpRLYKrjEbwdsYlZgkvuKZW9wgTRfDhE%2BZyDgf4MzD5OcH5%2Fx92rEl1NDzjnqrHxhcYI1WUjvRfK8n86aSNaw%3D%3D&PRDT_NM=%EC%A7%80%EA%B0%91&DEP_PLACE=%EB%B2%94%EA%B3%84%ED%8C%8C%EC%B6%9C%EC%86%8C&pageNo=1&numOfRows=10 HTTP/1.1" 200 898
DEBUG:urllib3.connectionpool:Starting new HTTP connection (1): apis.data.go.kr:80
DEBUG:urllib3.connectionpool:http://apis.data.go.kr:80 "GET /1320000/LosfundInfoInqireService/getLosfundInfoAccTpNmCstdyPlace?ServiceKey=%2FRpRLYKrjEbwdsYlZgkvuKZW9wgTRfDhE%2BZyDgf4MzD5OcH5%2Fx92rEl1NDzjnqrHxhcYI1WUjvRfK8n86aSNaw%3D%3D&PRDT_NM=%EC%A7%80%EA%B0%91&DEP_PLACE=%EB%B2%94%EA%B3%84%ED%8C%8C%EC%B6%9C%EC%86%8C&pageNo=1&numOfRows=10 HTTP/1.1" 200 898
DEBUG:urllib3.connectionpool:Starting new HTTP connection (1): apis.data.go.kr:80
DEBUG:urllib3.connectionpool:http://apis.data.go.kr:80 "GET /1320000/LostGoodsInfoInqireService/getLostGoodsInfoAccTpNmCstdyPlace?ServiceKey=%2FRpRLYKrjEbwdsYlZgkvuKZW9wgTRfDhE%2BZyDgf4MzD5OcH5%2Fx92rEl1NDzjnqrHxhcYI1WUjvRfK8n86aSNaw%3D%3D&pageNo=1&numOfRows=10 HTTP/1.1" 200 966
DEBUG:urllib3.connectionpool:Starting new HTTP connection (1): apis.data.go.kr:80
DEBUG:urllib3.connectionpool:http://apis.data.go.kr:80 "GET /1320000/LostGoodsInfoInqireService/getLostGoodsDetailInfo?ServiceKey=%2FRpRLYKrjEbwdsYlZgkvuKZW9wgTRfDhE%2BZyDgf4MzD5OcH5%2Fx92rEl1NDzjnqrHxhcYI1WUjvRfK8n86aSNaw%3D%3D&ATC_ID=L2019121600000031 HTTP/1.1" 200 582
DEBUG:urllib3.connectionpool:Starting new HTTP connection (1): apis.data.go.kr:80
DEBUG:urllib3.connectionpool:http://apis.data.go.kr:80 "GET /1320000/LosfundInfoInqireService/getLosfundInfoAccTpNmCstdyPlace?ServiceKey=%2FRpRLYKrjEbwdsYlZgkvuKZW9wgTRfDhE%2BZyDgf4MzD5OcH5%2Fx92rEl1NDzjnqrHxhcYI1WUjvRfK8n86aSNaw%3D%3D&PRDT_NM=%EC%A7%80%EA%B0%91&DEP_PLACE=%EB%B2%94%EA%B3%84%ED%8C%8C%EC%B6%9C%EC%86%8C&pageNo=2&numOfRows=10 HTTP/1.1" 200 528
INFO:werkzeug:127.0.0.1 - - [16/Dec/2019 23:41:10] "GET /api/lostInfo HTTP/1.1" 500 -
DEBUG:urllib3.connectionpool:http://localhost:8000 "GET /api/lostInfo HTTP/1.1" 500 None
INFO:werkzeug:127.0.0.1 - - [16/Dec/2019 23:41:10] "GET /menu/api_run HTTP/1.1" 200 -
DEBUG:urllib3.connectionpool:http://apis.data.go.kr:80 "GET /1320000/LosfundInfoInqireService/getLosfundInfoAccTpNmCstdyPlace?ServiceKey=%2FRpRLYKrjEbwdsYlZgkvuKZW9wgTRfDhE%2BZyDgf4MzD5OcH5%2Fx92rEl1NDzjnqrHxhcYI1WUjvRfK8n86aSNaw%3D%3D&PRDT_NM=%EC%A7%80%EA%B0%91&DEP_PLACE=%EB%B2%94%EA%B3%84%ED%8C%8C%EC%B6%9C%EC%86%8C&pageNo=2&numOfRows=10 HTTP/1.1" 200 528
INFO:werkzeug:127.0.0.1 - - [16/Dec/2019 23:41:11] "GET /api/lostInfo HTTP/1.1" 500 -
DEBUG:urllib3.connectionpool:http://localhost:8000 "GET /api/lostInfo HTTP/1.1" 500 None
INFO:werkzeug:127.0.0.1 - - [16/Dec/2019 23:41:11] "GET /menu/api_run HTTP/1.1" 200 -
DEBUG:urllib3.connectionpool:http://apis.data.go.kr:80 "GET /1320000/LosfundInfoInqireService/getLosfundInfoAccTpNmCstdyPlace?ServiceKey=%2FRpRLYKrjEbwdsYlZgkvuKZW9wgTRfDhE%2BZyDgf4MzD5OcH5%2Fx92rEl1NDzjnqrHxhcYI1WUjvRfK8n86aSNaw%3D%3D&PRDT_NM=%EC%A7%80%EA%B0%91&DEP_PLACE=%EB%B2%94%EA%B3%84%ED%8C%8C%EC%B6%9C%EC%86%8C&pageNo=1&numOfRows=10 HTTP/1.1" 200 898
DEBUG:urllib3.connectionpool:Starting new HTTP connection (1): apis.data.go.kr:80
DEBUG:urllib3.connectionpool:http://apis.data.go.kr:80 "GET /1320000/LosfundInfoInqireService/getLosfundInfoAccTpNmCstdyPlace?ServiceKey=%2FRpRLYKrjEbwdsYlZgkvuKZW9wgTRfDhE%2BZyDgf4MzD5OcH5%2Fx92rEl1NDzjnqrHxhcYI1WUjvRfK8n86aSNaw%3D%3D&PRDT_NM=%EC%A7%80%EA%B0%91&DEP_PLACE=%EB%B2%94%EA%B3%84%ED%8C%8C%EC%B6%9C%EC%86%8C&pageNo=2&numOfRows=10 HTTP/1.1" 200 528
INFO:werkzeug:127.0.0.1 - - [16/Dec/2019 23:41:16] "GET /api/lostInfo HTTP/1.1" 500 -
DEBUG:urllib3.connectionpool:http://localhost:8000 "GET /api/lostInfo HTTP/1.1" 500 None
INFO:werkzeug:127.0.0.1 - - [16/Dec/2019 23:41:16] "GET /menu/api_run HTTP/1.1" 200 -
DEBUG:urllib3.connectionpool:Starting new HTTP connection (1): localhost:8000
DEBUG:urllib3.connectionpool:Starting new HTTP connection (1): apis.data.go.kr:80
DEBUG:urllib3.connectionpool:http://apis.data.go.kr:80 "GET /1320000/LostGoodsInfoInqireService/getLostGoodsInfoAccTpNmCstdyPlace?ServiceKey=%2FRpRLYKrjEbwdsYlZgkvuKZW9wgTRfDhE%2BZyDgf4MzD5OcH5%2Fx92rEl1NDzjnqrHxhcYI1WUjvRfK8n86aSNaw%3D%3D&pageNo=1&numOfRows=10 HTTP/1.1" 200 966
DEBUG:urllib3.connectionpool:Starting new HTTP connection (1): apis.data.go.kr:80
DEBUG:urllib3.connectionpool:http://apis.data.go.kr:80 "GET /1320000/LostGoodsInfoInqireService/getLostGoodsDetailInfo?ServiceKey=%2FRpRLYKrjEbwdsYlZgkvuKZW9wgTRfDhE%2BZyDgf4MzD5OcH5%2Fx92rEl1NDzjnqrHxhcYI1WUjvRfK8n86aSNaw%3D%3D&ATC_ID=L2019121600000031 HTTP/1.1" 200 582
DEBUG:urllib3.connectionpool:Starting new HTTP connection (1): apis.data.go.kr:80
DEBUG:urllib3.connectionpool:http://apis.data.go.kr:80 "GET /1320000/LosfundInfoInqireService/getLosfundInfoAccTpNmCstdyPlace?ServiceKey=%2FRpRLYKrjEbwdsYlZgkvuKZW9wgTRfDhE%2BZyDgf4MzD5OcH5%2Fx92rEl1NDzjnqrHxhcYI1WUjvRfK8n86aSNaw%3D%3D&PRDT_NM=%EC%A7%80%EA%B0%91&DEP_PLACE=%EB%B2%94%EA%B3%84%ED%8C%8C%EC%B6%9C%EC%86%8C&pageNo=1&numOfRows=10 HTTP/1.1" 200 898
DEBUG:urllib3.connectionpool:Starting new HTTP connection (1): apis.data.go.kr:80
DEBUG:urllib3.connectionpool:http://apis.data.go.kr:80 "GET /1320000/LosfundInfoInqireService/getLosfundInfoAccTpNmCstdyPlace?ServiceKey=%2FRpRLYKrjEbwdsYlZgkvuKZW9wgTRfDhE%2BZyDgf4MzD5OcH5%2Fx92rEl1NDzjnqrHxhcYI1WUjvRfK8n86aSNaw%3D%3D&PRDT_NM=%EC%A7%80%EA%B0%91&DEP_PLACE=%EB%B2%94%EA%B3%84%ED%8C%8C%EC%B6%9C%EC%86%8C&pageNo=2&numOfRows=10 HTTP/1.1" 200 528
INFO:werkzeug:127.0.0.1 - - [16/Dec/2019 23:41:59] "GET /api/lostInfo HTTP/1.1" 500 -
DEBUG:urllib3.connectionpool:http://localhost:8000 "GET /api/lostInfo HTTP/1.1" 500 None
INFO:werkzeug:127.0.0.1 - - [16/Dec/2019 23:41:59] "GET /menu/api_run HTTP/1.1" 200 -
ERROR:app:404 Not Found: The requested URL was not found on the server. If you entered the URL manually please check your spelling and try again.
INFO:werkzeug:127.0.0.1 - - [16/Dec/2019 23:41:59] "GET /menu/static/assets/js/core/jquery.min.js HTTP/1.1" 404 -
ERROR:app:404 Not Found: The requested URL was not found on the server. If you entered the URL manually please check your spelling and try again.
INFO:werkzeug:127.0.0.1 - - [16/Dec/2019 23:41:59] "GET /menu/static/assets/js/core/popper.min.js HTTP/1.1" 404 -
ERROR:app:404 Not Found: The requested URL was not found on the server. If you entered the URL manually please check your spelling and try again.
INFO:werkzeug:127.0.0.1 - - [16/Dec/2019 23:41:59] "GET /menu/static/assets/js/core/bootstrap-material-design.min.js HTTP/1.1" 404 -
ERROR:app:404 Not Found: The requested URL was not found on the server. If you entered the URL manually please check your spelling and try again.
INFO:werkzeug:127.0.0.1 - - [16/Dec/2019 23:41:59] "GET /menu/static/assets/js/plugins/perfect-scrollbar.jquery.min.js HTTP/1.1" 404 -
ERROR:app:404 Not Found: The requested URL was not found on the server. If you entered the URL manually please check your spelling and try again.
INFO:werkzeug:127.0.0.1 - - [16/Dec/2019 23:41:59] "GET /menu/static/assets/js/plugins/chartist.min.js HTTP/1.1" 404 -
ERROR:app:404 Not Found: The requested URL was not found on the server. If you entered the URL manually please check your spelling and try again.
INFO:werkzeug:127.0.0.1 - - [16/Dec/2019 23:41:59] "GET /menu/static/assets/js/plugins/bootstrap-notify.js HTTP/1.1" 404 -
ERROR:app:404 Not Found: The requested URL was not found on the server. If you entered the URL manually please check your spelling and try again.
INFO:werkzeug:127.0.0.1 - - [16/Dec/2019 23:41:59] "GET /menu/static/assets/js/material-dashboard.js?v=2.1.1 HTTP/1.1" 404 -
DEBUG:urllib3.connectionpool:Starting new HTTP connection (1): localhost:8000
DEBUG:urllib3.connectionpool:Starting new HTTP connection (1): apis.data.go.kr:80
DEBUG:urllib3.connectionpool:http://apis.data.go.kr:80 "GET /1320000/LostGoodsInfoInqireService/getLostGoodsInfoAccTpNmCstdyPlace?ServiceKey=%2FRpRLYKrjEbwdsYlZgkvuKZW9wgTRfDhE%2BZyDgf4MzD5OcH5%2Fx92rEl1NDzjnqrHxhcYI1WUjvRfK8n86aSNaw%3D%3D&pageNo=1&numOfRows=10 HTTP/1.1" 200 966
DEBUG:urllib3.connectionpool:Starting new HTTP connection (1): apis.data.go.kr:80
DEBUG:urllib3.connectionpool:http://apis.data.go.kr:80 "GET /1320000/LostGoodsInfoInqireService/getLostGoodsDetailInfo?ServiceKey=%2FRpRLYKrjEbwdsYlZgkvuKZW9wgTRfDhE%2BZyDgf4MzD5OcH5%2Fx92rEl1NDzjnqrHxhcYI1WUjvRfK8n86aSNaw%3D%3D&ATC_ID=L2019121600000031 HTTP/1.1" 200 582
DEBUG:urllib3.connectionpool:Starting new HTTP connection (1): apis.data.go.kr:80
DEBUG:urllib3.connectionpool:http://apis.data.go.kr:80 "GET /1320000/LosfundInfoInqireService/getLosfundInfoAccTpNmCstdyPlace?ServiceKey=%2FRpRLYKrjEbwdsYlZgkvuKZW9wgTRfDhE%2BZyDgf4MzD5OcH5%2Fx92rEl1NDzjnqrHxhcYI1WUjvRfK8n86aSNaw%3D%3D&PRDT_NM=%EC%A7%80%EA%B0%91&DEP_PLACE=%EB%B2%94%EA%B3%84%ED%8C%8C%EC%B6%9C%EC%86%8C&pageNo=1&numOfRows=10 HTTP/1.1" 200 898
DEBUG:urllib3.connectionpool:Starting new HTTP connection (1): apis.data.go.kr:80
DEBUG:urllib3.connectionpool:http://apis.data.go.kr:80 "GET /1320000/LosfundInfoInqireService/getLosfundInfoAccTpNmCstdyPlace?ServiceKey=%2FRpRLYKrjEbwdsYlZgkvuKZW9wgTRfDhE%2BZyDgf4MzD5OcH5%2Fx92rEl1NDzjnqrHxhcYI1WUjvRfK8n86aSNaw%3D%3D&PRDT_NM=%EC%A7%80%EA%B0%91&DEP_PLACE=%EB%B2%94%EA%B3%84%ED%8C%8C%EC%B6%9C%EC%86%8C&pageNo=2&numOfRows=10 HTTP/1.1" 200 528
INFO:werkzeug:127.0.0.1 - - [16/Dec/2019 23:43:38] "GET /api/lostInfo HTTP/1.1" 500 -
DEBUG:urllib3.connectionpool:http://localhost:8000 "GET /api/lostInfo HTTP/1.1" 500 None
INFO:werkzeug:127.0.0.1 - - [16/Dec/2019 23:43:38] "GET /menu/api_run HTTP/1.1" 200 -
ERROR:app:404 Not Found: The requested URL was not found on the server. If you entered the URL manually please check your spelling and try again.
INFO:werkzeug:127.0.0.1 - - [16/Dec/2019 23:43:38] "GET /menu/static/assets/js/core/jquery.min.js HTTP/1.1" 404 -
ERROR:app:404 Not Found: The requested URL was not found on the server. If you entered the URL manually please check your spelling and try again.
INFO:werkzeug:127.0.0.1 - - [16/Dec/2019 23:43:38] "GET /menu/static/assets/js/core/popper.min.js HTTP/1.1" 404 -
ERROR:app:404 Not Found: The requested URL was not found on the server. If you entered the URL manually please check your spelling and try again.
INFO:werkzeug:127.0.0.1 - - [16/Dec/2019 23:43:38] "GET /menu/static/assets/js/core/bootstrap-material-design.min.js HTTP/1.1" 404 -
ERROR:app:404 Not Found: The requested URL was not found on the server. If you entered the URL manually please check your spelling and try again.
ERROR:app:404 Not Found: The requested URL was not found on the server. If you entered the URL manually please check your spelling and try again.
INFO:werkzeug:127.0.0.1 - - [16/Dec/2019 23:43:38] "GET /menu/static/assets/js/plugins/perfect-scrollbar.jquery.min.js HTTP/1.1" 404 -
ERROR:app:404 Not Found: The requested URL was not found on the server. If you entered the URL manually please check your spelling and try again.
INFO:werkzeug:127.0.0.1 - - [16/Dec/2019 23:43:38] "GET /menu/static/assets/js/plugins/chartist.min.js HTTP/1.1" 404 -
INFO:werkzeug:127.0.0.1 - - [16/Dec/2019 23:43:38] "GET /menu/static/assets/js/plugins/bootstrap-notify.js HTTP/1.1" 404 -
ERROR:app:404 Not Found: The requested URL was not found on the server. If you entered the URL manually please check your spelling and try again.
INFO:werkzeug:127.0.0.1 - - [16/Dec/2019 23:43:39] "GET /menu/static/assets/js/material-dashboard.js?v=2.1.1 HTTP/1.1" 404 -
ERROR:app:404 Not Found: The requested URL was not found on the server. If you entered the URL manually please check your spelling and try again.
INFO:werkzeug:127.0.0.1 - - [16/Dec/2019 23:43:39] "GET /menu/static/assets/js/plugins/bootstrap-notify.js HTTP/1.1" 404 -
ERROR:app:404 Not Found: The requested URL was not found on the server. If you entered the URL manually please check your spelling and try again.
INFO:werkzeug:127.0.0.1 - - [16/Dec/2019 23:43:39] "GET /menu/static/assets/js/material-dashboard.js?v=2.1.1 HTTP/1.1" 404 -
INFO:werkzeug: * Detected change in 'C:\\Users\\QueaNam\\PycharmProjects\\Service-Oriented-Term-Project\\views\\menus.py', reloading
INFO:werkzeug: * Restarting with stat
WARNING:werkzeug: * Debugger is active!
INFO:werkzeug: * Debugger PIN: 286-773-444
INFO:werkzeug: * Running on http://0.0.0.0:8000/ (Press CTRL+C to quit)
DEBUG:urllib3.connectionpool:Starting new HTTP connection (1): localhost:8000
DEBUG:urllib3.connectionpool:Starting new HTTP connection (1): apis.data.go.kr:80
DEBUG:urllib3.connectionpool:Starting new HTTP connection (1): localhost:8000
DEBUG:urllib3.connectionpool:http://apis.data.go.kr:80 "GET /1320000/LostGoodsInfoInqireService/getLostGoodsInfoAccTpNmCstdyPlace?ServiceKey=%2FRpRLYKrjEbwdsYlZgkvuKZW9wgTRfDhE%2BZyDgf4MzD5OcH5%2Fx92rEl1NDzjnqrHxhcYI1WUjvRfK8n86aSNaw%3D%3D&pageNo=1&numOfRows=10 HTTP/1.1" 200 966
DEBUG:urllib3.connectionpool:Starting new HTTP connection (1): apis.data.go.kr:80
DEBUG:urllib3.connectionpool:http://apis.data.go.kr:80 "GET /1320000/LostGoodsInfoInqireService/getLostGoodsDetailInfo?ServiceKey=%2FRpRLYKrjEbwdsYlZgkvuKZW9wgTRfDhE%2BZyDgf4MzD5OcH5%2Fx92rEl1NDzjnqrHxhcYI1WUjvRfK8n86aSNaw%3D%3D&ATC_ID=L2019121600000031 HTTP/1.1" 200 582
DEBUG:urllib3.connectionpool:Starting new HTTP connection (1): apis.data.go.kr:80
DEBUG:urllib3.connectionpool:Starting new HTTP connection (1): apis.data.go.kr:80
DEBUG:urllib3.connectionpool:http://apis.data.go.kr:80 "GET /1320000/LosfundInfoInqireService/getLosfundInfoAccTpNmCstdyPlace?ServiceKey=%2FRpRLYKrjEbwdsYlZgkvuKZW9wgTRfDhE%2BZyDgf4MzD5OcH5%2Fx92rEl1NDzjnqrHxhcYI1WUjvRfK8n86aSNaw%3D%3D&PRDT_NM=%EC%A7%80%EA%B0%91&DEP_PLACE=%EB%B2%94%EA%B3%84%ED%8C%8C%EC%B6%9C%EC%86%8C&pageNo=1&numOfRows=10 HTTP/1.1" 200 898
DEBUG:urllib3.connectionpool:Starting new HTTP connection (1): apis.data.go.kr:80
DEBUG:urllib3.connectionpool:http://apis.data.go.kr:80 "GET /1320000/LostGoodsInfoInqireService/getLostGoodsInfoAccTpNmCstdyPlace?ServiceKey=%2FRpRLYKrjEbwdsYlZgkvuKZW9wgTRfDhE%2BZyDgf4MzD5OcH5%2Fx92rEl1NDzjnqrHxhcYI1WUjvRfK8n86aSNaw%3D%3D&pageNo=1&numOfRows=10 HTTP/1.1" 200 966
DEBUG:urllib3.connectionpool:Starting new HTTP connection (1): apis.data.go.kr:80
DEBUG:urllib3.connectionpool:http://apis.data.go.kr:80 "GET /1320000/LostGoodsInfoInqireService/getLostGoodsDetailInfo?ServiceKey=%2FRpRLYKrjEbwdsYlZgkvuKZW9wgTRfDhE%2BZyDgf4MzD5OcH5%2Fx92rEl1NDzjnqrHxhcYI1WUjvRfK8n86aSNaw%3D%3D&ATC_ID=L2019121600000031 HTTP/1.1" 200 582
DEBUG:urllib3.connectionpool:Starting new HTTP connection (1): apis.data.go.kr:80
DEBUG:urllib3.connectionpool:http://apis.data.go.kr:80 "GET /1320000/LosfundInfoInqireService/getLosfundInfoAccTpNmCstdyPlace?ServiceKey=%2FRpRLYKrjEbwdsYlZgkvuKZW9wgTRfDhE%2BZyDgf4MzD5OcH5%2Fx92rEl1NDzjnqrHxhcYI1WUjvRfK8n86aSNaw%3D%3D&PRDT_NM=%EC%A7%80%EA%B0%91&DEP_PLACE=%EB%B2%94%EA%B3%84%ED%8C%8C%EC%B6%9C%EC%86%8C&pageNo=2&numOfRows=10 HTTP/1.1" 200 528
INFO:werkzeug:127.0.0.1 - - [16/Dec/2019 23:44:54] "GET /api/lostInfo HTTP/1.1" 500 -
DEBUG:urllib3.connectionpool:http://localhost:8000 "GET /api/lostInfo HTTP/1.1" 500 None
INFO:werkzeug:127.0.0.1 - - [16/Dec/2019 23:44:54] "GET /menu/api_run HTTP/1.1" 200 -
DEBUG:urllib3.connectionpool:http://apis.data.go.kr:80 "GET /1320000/LosfundInfoInqireService/getLosfundInfoAccTpNmCstdyPlace?ServiceKey=%2FRpRLYKrjEbwdsYlZgkvuKZW9wgTRfDhE%2BZyDgf4MzD5OcH5%2Fx92rEl1NDzjnqrHxhcYI1WUjvRfK8n86aSNaw%3D%3D&PRDT_NM=%EC%A7%80%EA%B0%91&DEP_PLACE=%EB%B2%94%EA%B3%84%ED%8C%8C%EC%B6%9C%EC%86%8C&pageNo=1&numOfRows=10 HTTP/1.1" 200 898
DEBUG:urllib3.connectionpool:Starting new HTTP connection (1): apis.data.go.kr:80
DEBUG:urllib3.connectionpool:http://apis.data.go.kr:80 "GET /1320000/LosfundInfoInqireService/getLosfundInfoAccTpNmCstdyPlace?ServiceKey=%2FRpRLYKrjEbwdsYlZgkvuKZW9wgTRfDhE%2BZyDgf4MzD5OcH5%2Fx92rEl1NDzjnqrHxhcYI1WUjvRfK8n86aSNaw%3D%3D&PRDT_NM=%EC%A7%80%EA%B0%91&DEP_PLACE=%EB%B2%94%EA%B3%84%ED%8C%8C%EC%B6%9C%EC%86%8C&pageNo=2&numOfRows=10 HTTP/1.1" 200 528
INFO:werkzeug:127.0.0.1 - - [16/Dec/2019 23:44:59] "GET /api/lostInfo HTTP/1.1" 500 -
DEBUG:urllib3.connectionpool:http://localhost:8000 "GET /api/lostInfo HTTP/1.1" 500 None
INFO:werkzeug:127.0.0.1 - - [16/Dec/2019 23:44:59] "GET /menu/api_run HTTP/1.1" 200 -
ERROR:app:404 Not Found: The requested URL was not found on the server. If you entered the URL manually please check your spelling and try again.
INFO:werkzeug:127.0.0.1 - - [16/Dec/2019 23:44:59] "GET /menu/static/assets/js/core/jquery.min.js HTTP/1.1" 404 -
ERROR:app:404 Not Found: The requested URL was not found on the server. If you entered the URL manually please check your spelling and try again.
INFO:werkzeug:127.0.0.1 - - [16/Dec/2019 23:44:59] "GET /menu/static/assets/js/core/popper.min.js HTTP/1.1" 404 -
ERROR:app:404 Not Found: The requested URL was not found on the server. If you entered the URL manually please check your spelling and try again.
INFO:werkzeug:127.0.0.1 - - [16/Dec/2019 23:44:59] "GET /menu/static/assets/js/core/bootstrap-material-design.min.js HTTP/1.1" 404 -
ERROR:app:404 Not Found: The requested URL was not found on the server. If you entered the URL manually please check your spelling and try again.
INFO:werkzeug:127.0.0.1 - - [16/Dec/2019 23:44:59] "GET /menu/static/assets/js/plugins/perfect-scrollbar.jquery.min.js HTTP/1.1" 404 -
ERROR:app:404 Not Found: The requested URL was not found on the server. If you entered the URL manually please check your spelling and try again.
INFO:werkzeug:127.0.0.1 - - [16/Dec/2019 23:44:59] "GET /menu/static/assets/js/plugins/chartist.min.js HTTP/1.1" 404 -
ERROR:app:404 Not Found: The requested URL was not found on the server. If you entered the URL manually please check your spelling and try again.
INFO:werkzeug:127.0.0.1 - - [16/Dec/2019 23:44:59] "GET /menu/static/assets/js/plugins/bootstrap-notify.js HTTP/1.1" 404 -
ERROR:app:404 Not Found: The requested URL was not found on the server. If you entered the URL manually please check your spelling and try again.
INFO:werkzeug:127.0.0.1 - - [16/Dec/2019 23:45:00] "GET /menu/static/assets/js/material-dashboard.js?v=2.1.1 HTTP/1.1" 404 -
INFO:werkzeug: * Detected change in 'C:\\Users\\QueaNam\\PycharmProjects\\Service-Oriented-Term-Project\\views\\menus.py', reloading
INFO:werkzeug: * Restarting with stat
WARNING:werkzeug: * Debugger is active!
INFO:werkzeug: * Debugger PIN: 286-773-444
INFO:werkzeug: * Running on http://0.0.0.0:8000/ (Press CTRL+C to quit)
INFO:werkzeug: * Detected change in 'C:\\Users\\QueaNam\\PycharmProjects\\Service-Oriented-Term-Project\\views\\menus.py', reloading
INFO:werkzeug: * Restarting with stat
WARNING:werkzeug: * Debugger is active!
INFO:werkzeug: * Debugger PIN: 286-773-444
INFO:werkzeug: * Running on http://0.0.0.0:8000/ (Press CTRL+C to quit)
INFO:werkzeug: * Detected change in 'C:\\Users\\QueaNam\\PycharmProjects\\Service-Oriented-Term-Project\\views\\menus.py', reloading
INFO:werkzeug: * Restarting with stat
WARNING:werkzeug: * Debugger is active!
INFO:werkzeug: * Debugger PIN: 286-773-444
INFO:werkzeug: * Running on http://0.0.0.0:8000/ (Press CTRL+C to quit)
INFO:werkzeug:127.0.0.1 - - [16/Dec/2019 23:48:06] "GET /menu/api_run HTTP/1.1" 500 -
INFO:werkzeug:127.0.0.1 - - [16/Dec/2019 23:48:06] "GET /menu/api_run?__debugger__=yes&cmd=resource&f=style.css HTTP/1.1" 200 -
INFO:werkzeug:127.0.0.1 - - [16/Dec/2019 23:48:06] "GET /menu/api_run?__debugger__=yes&cmd=resource&f=jquery.js HTTP/1.1" 200 -
INFO:werkzeug:127.0.0.1 - - [16/Dec/2019 23:48:06] "GET /menu/api_run?__debugger__=yes&cmd=resource&f=debugger.js HTTP/1.1" 200 -
INFO:werkzeug:127.0.0.1 - - [16/Dec/2019 23:48:06] "GET /menu/api_run?__debugger__=yes&cmd=resource&f=console.png HTTP/1.1" 200 -
INFO:werkzeug:127.0.0.1 - - [16/Dec/2019 23:48:07] "GET /menu/api_run?__debugger__=yes&cmd=resource&f=ubuntu.ttf HTTP/1.1" 200 -
INFO:werkzeug: * Detected change in 'C:\\Users\\QueaNam\\PycharmProjects\\Service-Oriented-Term-Project\\views\\menus.py', reloading
INFO:werkzeug: * Restarting with stat
WARNING:werkzeug: * Debugger is active!
INFO:werkzeug: * Debugger PIN: 286-773-444
INFO:werkzeug: * Running on http://0.0.0.0:8000/ (Press CTRL+C to quit)
INFO:werkzeug:127.0.0.1 - - [16/Dec/2019 23:50:08] "GET /menu/api_run HTTP/1.1" 500 -
INFO:werkzeug:127.0.0.1 - - [16/Dec/2019 23:50:08] "GET /menu/api_run?__debugger__=yes&cmd=resource&f=style.css HTTP/1.1" 200 -
INFO:werkzeug:127.0.0.1 - - [16/Dec/2019 23:50:08] "GET /menu/api_run?__debugger__=yes&cmd=resource&f=jquery.js HTTP/1.1" 200 -
INFO:werkzeug:127.0.0.1 - - [16/Dec/2019 23:50:08] "GET /menu/api_run?__debugger__=yes&cmd=resource&f=debugger.js HTTP/1.1" 200 -
INFO:werkzeug:127.0.0.1 - - [16/Dec/2019 23:50:08] "GET /menu/api_run?__debugger__=yes&cmd=resource&f=console.png HTTP/1.1" 200 -
INFO:werkzeug:127.0.0.1 - - [16/Dec/2019 23:50:08] "GET /menu/api_run?__debugger__=yes&cmd=resource&f=ubuntu.ttf HTTP/1.1" 200 -
INFO:werkzeug: * Detected change in 'C:\\Users\\QueaNam\\PycharmProjects\\Service-Oriented-Term-Project\\views\\menus.py', reloading
INFO:werkzeug: * Restarting with stat
WARNING:werkzeug: * Debugger is active!
INFO:werkzeug: * Debugger PIN: 286-773-444
INFO:werkzeug: * Running on http://0.0.0.0:8000/ (Press CTRL+C to quit)
INFO:werkzeug:127.0.0.1 - - [16/Dec/2019 23:53:43] "GET / HTTP/1.1" 200 -
INFO:werkzeug:127.0.0.1 - - [16/Dec/2019 23:53:45] "GET /auth/login HTTP/1.1" 200 -
ERROR:app:404 Not Found: The requested URL was not found on the server. If you entered the URL manually please check your spelling and try again.
INFO:werkzeug:127.0.0.1 - - [16/Dec/2019 23:53:46] "GET /auth/static/assets/js/core/jquery.min.js HTTP/1.1" 404 -
ERROR:app:404 Not Found: The requested URL was not found on the server. If you entered the URL manually please check your spelling and try again.
INFO:werkzeug:127.0.0.1 - - [16/Dec/2019 23:53:46] "GET /auth/static/assets/js/core/popper.min.js HTTP/1.1" 404 -
ERROR:app:404 Not Found: The requested URL was not found on the server. If you entered the URL manually please check your spelling and try again.
ERROR:app:404 Not Found: The requested URL was not found on the server. If you entered the URL manually please check your spelling and try again.
INFO:werkzeug:127.0.0.1 - - [16/Dec/2019 23:53:46] "GET /auth/static/assets/js/core/bootstrap-material-design.min.js HTTP/1.1" 404 -
INFO:werkzeug:127.0.0.1 - - [16/Dec/2019 23:53:46] "GET /auth/static/assets/js/plugins/perfect-scrollbar.jquery.min.js HTTP/1.1" 404 -
ERROR:app:404 Not Found: The requested URL was not found on the server. If you entered the URL manually please check your spelling and try again.
ERROR:app:404 Not Found: The requested URL was not found on the server. If you entered the URL manually please check your spelling and try again.
INFO:werkzeug:127.0.0.1 - - [16/Dec/2019 23:53:46] "GET /auth/static/assets/js/plugins/chartist.min.js HTTP/1.1" 404 -
INFO:werkzeug:127.0.0.1 - - [16/Dec/2019 23:53:46] "GET /auth/static/assets/js/plugins/bootstrap-notify.js HTTP/1.1" 404 -
ERROR:app:404 Not Found: The requested URL was not found on the server. If you entered the URL manually please check your spelling and try again.
INFO:werkzeug:127.0.0.1 - - [16/Dec/2019 23:53:46] "GET /auth/static/assets/js/material-dashboard.js?v=2.1.1 HTTP/1.1" 404 -
INFO:werkzeug: * Detected change in 'C:\\Users\\QueaNam\\PycharmProjects\\Service-Oriented-Term-Project\\views\\menus.py', reloading
INFO:werkzeug: * Restarting with stat
WARNING:werkzeug: * Debugger is active!
INFO:werkzeug: * Debugger PIN: 286-773-444
INFO:werkzeug: * Running on http://0.0.0.0:8000/ (Press CTRL+C to quit)
INFO:werkzeug:127.0.0.1 - - [17/Dec/2019 00:00:04] "GET /menu/api_run HTTP/1.1" 500 -
INFO:werkzeug:127.0.0.1 - - [17/Dec/2019 00:00:04] "GET /menu/api_run?__debugger__=yes&cmd=resource&f=style.css HTTP/1.1" 200 -
INFO:werkzeug:127.0.0.1 - - [17/Dec/2019 00:00:05] "GET /menu/api_run?__debugger__=yes&cmd=resource&f=jquery.js HTTP/1.1" 200 -
INFO:werkzeug:127.0.0.1 - - [17/Dec/2019 00:00:05] "GET /menu/api_run?__debugger__=yes&cmd=resource&f=debugger.js HTTP/1.1" 200 -
INFO:werkzeug:127.0.0.1 - - [17/Dec/2019 00:00:05] "GET /menu/api_run?__debugger__=yes&cmd=resource&f=console.png HTTP/1.1" 200 -
INFO:werkzeug:127.0.0.1 - - [17/Dec/2019 00:00:05] "GET /menu/api_run?__debugger__=yes&cmd=resource&f=ubuntu.ttf HTTP/1.1" 200 -
INFO:werkzeug: * Detected change in 'C:\\Users\\QueaNam\\PycharmProjects\\Service-Oriented-Term-Project\\views\\menus.py', reloading
INFO:werkzeug: * Restarting with stat
WARNING:werkzeug: * Debugger is active!
INFO:werkzeug: * Debugger PIN: 286-773-444
INFO:werkzeug: * Running on http://0.0.0.0:8000/ (Press CTRL+C to quit)
INFO:werkzeug:127.0.0.1 - - [17/Dec/2019 00:18:29] "GET / HTTP/1.1" 200 -
DEBUG:urllib3.connectionpool:Starting new HTTP connection (1): localhost:8000
DEBUG:urllib3.connectionpool:Starting new HTTP connection (1): apis.data.go.kr:80
INFO:werkzeug: * Detected change in 'C:\\Users\\QueaNam\\PycharmProjects\\Service-Oriented-Term-Project\\views\\menus.py', reloading
INFO:werkzeug: * Restarting with stat
WARNING:werkzeug: * Debugger is active!
INFO:werkzeug: * Debugger PIN: 286-773-444
INFO:werkzeug: * Running on http://0.0.0.0:8000/ (Press CTRL+C to quit)
DEBUG:urllib3.connectionpool:Starting new HTTP connection (1): localhost:8000
DEBUG:urllib3.connectionpool:Starting new HTTP connection (1): apis.data.go.kr:80
INFO:werkzeug: * Detected change in 'C:\\Users\\QueaNam\\PycharmProjects\\Service-Oriented-Term-Project\\views\\menus.py', reloading
INFO:werkzeug: * Restarting with stat
WARNING:werkzeug: * Debugger is active!
INFO:werkzeug: * Debugger PIN: 286-773-444
INFO:werkzeug: * Running on http://0.0.0.0:8000/ (Press CTRL+C to quit)
DEBUG:urllib3.connectionpool:Starting new HTTP connection (1): localhost:8000
DEBUG:urllib3.connectionpool:Starting new HTTP connection (1): apis.data.go.kr:80
INFO:werkzeug: * Detected change in 'C:\\Users\\QueaNam\\PycharmProjects\\Service-Oriented-Term-Project\\views\\menus.py', reloading
INFO:werkzeug: * Restarting with stat
WARNING:werkzeug: * Debugger is active!
INFO:werkzeug: * Debugger PIN: 286-773-444
INFO:werkzeug: * Running on http://0.0.0.0:8000/ (Press CTRL+C to quit)
DEBUG:urllib3.connectionpool:Starting new HTTP connection (1): localhost:8000
DEBUG:urllib3.connectionpool:Starting new HTTP connection (1): apis.data.go.kr:80
DEBUG:urllib3.connectionpool:Starting new HTTP connection (1): localhost:8000
DEBUG:urllib3.connectionpool:Starting new HTTP connection (1): apis.data.go.kr:80
DEBUG:urllib3.connectionpool:http://apis.data.go.kr:80 "GET /1320000/LostGoodsInfoInqireService/getLostGoodsInfoAccTpNmCstdyPlace?ServiceKey=%2FRpRLYKrjEbwdsYlZgkvuKZW9wgTRfDhE%2BZyDgf4MzD5OcH5%2Fx92rEl1NDzjnqrHxhcYI1WUjvRfK8n86aSNaw%3D%3D&pageNo=1&numOfRows=10 HTTP/1.1" 200 966
DEBUG:urllib3.connectionpool:Starting new HTTP connection (1): apis.data.go.kr:80
DEBUG:urllib3.connectionpool:http://apis.data.go.kr:80 "GET /1320000/LostGoodsInfoInqireService/getLostGoodsDetailInfo?ServiceKey=%2FRpRLYKrjEbwdsYlZgkvuKZW9wgTRfDhE%2BZyDgf4MzD5OcH5%2Fx92rEl1NDzjnqrHxhcYI1WUjvRfK8n86aSNaw%3D%3D&ATC_ID=L2019121600000031 HTTP/1.1" 200 582
DEBUG:urllib3.connectionpool:Starting new HTTP connection (1): apis.data.go.kr:80
DEBUG:urllib3.connectionpool:http://apis.data.go.kr:80 "GET /1320000/LostGoodsInfoInqireService/getLostGoodsInfoAccTpNmCstdyPlace?ServiceKey=%2FRpRLYKrjEbwdsYlZgkvuKZW9wgTRfDhE%2BZyDgf4MzD5OcH5%2Fx92rEl1NDzjnqrHxhcYI1WUjvRfK8n86aSNaw%3D%3D&pageNo=1&numOfRows=10 HTTP/1.1" 200 966
DEBUG:urllib3.connectionpool:Starting new HTTP connection (1): apis.data.go.kr:80
DEBUG:urllib3.connectionpool:http://apis.data.go.kr:80 "GET /1320000/LostGoodsInfoInqireService/getLostGoodsDetailInfo?ServiceKey=%2FRpRLYKrjEbwdsYlZgkvuKZW9wgTRfDhE%2BZyDgf4MzD5OcH5%2Fx92rEl1NDzjnqrHxhcYI1WUjvRfK8n86aSNaw%3D%3D&ATC_ID=L2019121600000031 HTTP/1.1" 200 582
DEBUG:urllib3.connectionpool:Starting new HTTP connection (1): apis.data.go.kr:80
DEBUG:urllib3.connectionpool:http://apis.data.go.kr:80 "GET /1320000/LosfundInfoInqireService/getLosfundInfoAccTpNmCstdyPlace?ServiceKey=%2FRpRLYKrjEbwdsYlZgkvuKZW9wgTRfDhE%2BZyDgf4MzD5OcH5%2Fx92rEl1NDzjnqrHxhcYI1WUjvRfK8n86aSNaw%3D%3D&PRDT_NM=%EC%A7%80%EA%B0%91&DEP_PLACE=%EB%B2%94%EA%B3%84%ED%8C%8C%EC%B6%9C%EC%86%8C&pageNo=1&numOfRows=10 HTTP/1.1" 200 898
DEBUG:urllib3.connectionpool:Starting new HTTP connection (1): apis.data.go.kr:80
DEBUG:urllib3.connectionpool:http://apis.data.go.kr:80 "GET /1320000/LosfundInfoInqireService/getLosfundInfoAccTpNmCstdyPlace?ServiceKey=%2FRpRLYKrjEbwdsYlZgkvuKZW9wgTRfDhE%2BZyDgf4MzD5OcH5%2Fx92rEl1NDzjnqrHxhcYI1WUjvRfK8n86aSNaw%3D%3D&PRDT_NM=%EC%A7%80%EA%B0%91&DEP_PLACE=%EB%B2%94%EA%B3%84%ED%8C%8C%EC%B6%9C%EC%86%8C&pageNo=2&numOfRows=10 HTTP/1.1" 200 528
DEBUG:urllib3.connectionpool:http://apis.data.go.kr:80 "GET /1320000/LosfundInfoInqireService/getLosfundInfoAccTpNmCstdyPlace?ServiceKey=%2FRpRLYKrjEbwdsYlZgkvuKZW9wgTRfDhE%2BZyDgf4MzD5OcH5%2Fx92rEl1NDzjnqrHxhcYI1WUjvRfK8n86aSNaw%3D%3D&PRDT_NM=%EC%A7%80%EA%B0%91&DEP_PLACE=%EB%B2%94%EA%B3%84%ED%8C%8C%EC%B6%9C%EC%86%8C&pageNo=1&numOfRows=10 HTTP/1.1" 200 898
DEBUG:urllib3.connectionpool:Starting new HTTP connection (1): apis.data.go.kr:80
INFO:werkzeug:127.0.0.1 - - [17/Dec/2019 00:19:06] "GET /api/lostInfo HTTP/1.1" 500 -
DEBUG:urllib3.connectionpool:http://localhost:8000 "GET /api/lostInfo HTTP/1.1" 500 None
INFO:werkzeug:127.0.0.1 - - [17/Dec/2019 00:19:06] "GET /menu/api_run HTTP/1.1" 200 -
DEBUG:urllib3.connectionpool:http://apis.data.go.kr:80 "GET /1320000/LosfundInfoInqireService/getLosfundInfoAccTpNmCstdyPlace?ServiceKey=%2FRpRLYKrjEbwdsYlZgkvuKZW9wgTRfDhE%2BZyDgf4MzD5OcH5%2Fx92rEl1NDzjnqrHxhcYI1WUjvRfK8n86aSNaw%3D%3D&PRDT_NM=%EC%A7%80%EA%B0%91&DEP_PLACE=%EB%B2%94%EA%B3%84%ED%8C%8C%EC%B6%9C%EC%86%8C&pageNo=2&numOfRows=10 HTTP/1.1" 200 528
INFO:werkzeug:127.0.0.1 - - [17/Dec/2019 00:19:10] "GET /api/lostInfo HTTP/1.1" 500 -
DEBUG:urllib3.connectionpool:http://localhost:8000 "GET /api/lostInfo HTTP/1.1" 500 None
INFO:werkzeug:127.0.0.1 - - [17/Dec/2019 00:19:10] "GET /menu/api_run HTTP/1.1" 200 -
ERROR:app:404 Not Found: The requested URL was not found on the server. If you entered the URL manually please check your spelling and try again.
ERROR:app:404 Not Found: The requested URL was not found on the server. If you entered the URL manually please check your spelling and try again.
ERROR:app:404 Not Found: The requested URL was not found on the server. If you entered the URL manually please check your spelling and try again.
ERROR:app:404 Not Found: The requested URL was not found on the server. If you entered the URL manually please check your spelling and try again.
ERROR:app:404 Not Found: The requested URL was not found on the server. If you entered the URL manually please check your spelling and try again.
INFO:werkzeug:127.0.0.1 - - [17/Dec/2019 00:19:10] "GET /menu/static/assets/js/core/jquery.min.js HTTP/1.1" 404 -
ERROR:app:404 Not Found: The requested URL was not found on the server. If you entered the URL manually please check your spelling and try again.
INFO:werkzeug:127.0.0.1 - - [17/Dec/2019 00:19:10] "GET /menu/static/assets/js/core/popper.min.js HTTP/1.1" 404 -
INFO:werkzeug:127.0.0.1 - - [17/Dec/2019 00:19:10] "GET /menu/static/assets/js/core/bootstrap-material-design.min.js HTTP/1.1" 404 -
INFO:werkzeug:127.0.0.1 - - [17/Dec/2019 00:19:10] "GET /menu/static/assets/js/plugins/perfect-scrollbar.jquery.min.js HTTP/1.1" 404 -
INFO:werkzeug:127.0.0.1 - - [17/Dec/2019 00:19:10] "GET /menu/static/assets/js/plugins/chartist.min.js HTTP/1.1" 404 -
INFO:werkzeug:127.0.0.1 - - [17/Dec/2019 00:19:10] "GET /menu/static/assets/js/plugins/bootstrap-notify.js HTTP/1.1" 404 -
ERROR:app:404 Not Found: The requested URL was not found on the server. If you entered the URL manually please check your spelling and try again.
INFO:werkzeug:127.0.0.1 - - [17/Dec/2019 00:19:10] "GET /menu/static/assets/js/material-dashboard.js?v=2.1.1 HTTP/1.1" 404 -
INFO:werkzeug: * Detected change in 'C:\\Users\\QueaNam\\PycharmProjects\\Service-Oriented-Term-Project\\views\\menus.py', reloading
INFO:werkzeug: * Restarting with stat
WARNING:werkzeug: * Debugger is active!
INFO:werkzeug: * Debugger PIN: 286-773-444
INFO:werkzeug: * Running on http://0.0.0.0:8000/ (Press CTRL+C to quit)
INFO:werkzeug:127.0.0.1 - - [17/Dec/2019 01:12:38] "GET / HTTP/1.1" 200 -
DEBUG:urllib3.connectionpool:Starting new HTTP connection (1): 0.0.0.0:8000
INFO:werkzeug:127.0.0.1 - - [17/Dec/2019 01:12:40] "GET /menu/api_run HTTP/1.1" 500 -
INFO:werkzeug:127.0.0.1 - - [17/Dec/2019 01:12:40] "GET /menu/api_run?__debugger__=yes&cmd=resource&f=style.css HTTP/1.1" 200 -
INFO:werkzeug:127.0.0.1 - - [17/Dec/2019 01:12:40] "GET /menu/api_run?__debugger__=yes&cmd=resource&f=jquery.js HTTP/1.1" 200 -
INFO:werkzeug:127.0.0.1 - - [17/Dec/2019 01:12:40] "GET /menu/api_run?__debugger__=yes&cmd=resource&f=debugger.js HTTP/1.1" 200 -
INFO:werkzeug:127.0.0.1 - - [17/Dec/2019 01:12:40] "GET /menu/api_run?__debugger__=yes&cmd=resource&f=ubuntu.ttf HTTP/1.1" 200 -
INFO:werkzeug:127.0.0.1 - - [17/Dec/2019 01:12:40] "GET /menu/api_run?__debugger__=yes&cmd=resource&f=console.png HTTP/1.1" 200 -
INFO:werkzeug:127.0.0.1 - - [17/Dec/2019 01:12:40] "GET /menu/api_run?__debugger__=yes&cmd=resource&f=console.png HTTP/1.1" 200 -
INFO:werkzeug: * Detected change in 'C:\\Users\\QueaNam\\PycharmProjects\\Service-Oriented-Term-Project\\views\\menus.py', reloading
INFO:werkzeug: * Restarting with stat
WARNING:werkzeug: * Debugger is active!
INFO:werkzeug: * Debugger PIN: 286-773-444
INFO:werkzeug: * Running on http://0.0.0.0:8000/ (Press CTRL+C to quit)
DEBUG:urllib3.connectionpool:Starting new HTTP connection (1): local:8000
INFO:werkzeug:127.0.0.1 - - [17/Dec/2019 01:13:00] "GET /menu/api_run HTTP/1.1" 500 -
INFO:werkzeug:127.0.0.1 - - [17/Dec/2019 01:13:00] "GET /menu/api_run?__debugger__=yes&cmd=resource&f=style.css HTTP/1.1" 200 -
INFO:werkzeug:127.0.0.1 - - [17/Dec/2019 01:13:00] "GET /menu/api_run?__debugger__=yes&cmd=resource&f=jquery.js HTTP/1.1" 200 -
INFO:werkzeug:127.0.0.1 - - [17/Dec/2019 01:13:00] "GET /menu/api_run?__debugger__=yes&cmd=resource&f=debugger.js HTTP/1.1" 200 -
INFO:werkzeug:127.0.0.1 - - [17/Dec/2019 01:13:01] "GET /menu/api_run?__debugger__=yes&cmd=resource&f=ubuntu.ttf HTTP/1.1" 200 -
INFO:werkzeug:127.0.0.1 - - [17/Dec/2019 01:13:01] "GET /menu/api_run?__debugger__=yes&cmd=resource&f=console.png HTTP/1.1" 200 -
INFO:werkzeug: * Detected change in 'C:\\Users\\QueaNam\\PycharmProjects\\Service-Oriented-Term-Project\\views\\menus.py', reloading
INFO:werkzeug: * Restarting with stat
WARNING:werkzeug: * Debugger is active!
INFO:werkzeug: * Debugger PIN: 286-773-444
INFO:werkzeug: * Running on http://0.0.0.0:8000/ (Press CTRL+C to quit)
DEBUG:urllib3.connectionpool:Starting new HTTP connection (1): localhost:8000
DEBUG:urllib3.connectionpool:Starting new HTTP connection (1): apis.data.go.kr:80
DEBUG:urllib3.connectionpool:http://apis.data.go.kr:80 "GET /1320000/LostGoodsInfoInqireService/getLostGoodsInfoAccTpNmCstdyPlace?ServiceKey=%2FRpRLYKrjEbwdsYlZgkvuKZW9wgTRfDhE%2BZyDgf4MzD5OcH5%2Fx92rEl1NDzjnqrHxhcYI1WUjvRfK8n86aSNaw%3D%3D&pageNo=1&numOfRows=10 HTTP/1.1" 200 966
DEBUG:urllib3.connectionpool:Starting new HTTP connection (1): apis.data.go.kr:80
DEBUG:urllib3.connectionpool:http://apis.data.go.kr:80 "GET /1320000/LostGoodsInfoInqireService/getLostGoodsDetailInfo?ServiceKey=%2FRpRLYKrjEbwdsYlZgkvuKZW9wgTRfDhE%2BZyDgf4MzD5OcH5%2Fx92rEl1NDzjnqrHxhcYI1WUjvRfK8n86aSNaw%3D%3D&ATC_ID=L2019121600000031 HTTP/1.1" 200 582
DEBUG:urllib3.connectionpool:Starting new HTTP connection (1): apis.data.go.kr:80
DEBUG:urllib3.connectionpool:http://apis.data.go.kr:80 "GET /1320000/LosfundInfoInqireService/getLosfundInfoAccTpNmCstdyPlace?ServiceKey=%2FRpRLYKrjEbwdsYlZgkvuKZW9wgTRfDhE%2BZyDgf4MzD5OcH5%2Fx92rEl1NDzjnqrHxhcYI1WUjvRfK8n86aSNaw%3D%3D&PRDT_NM=%EC%A7%80%EA%B0%91&DEP_PLACE=%EB%B2%94%EA%B3%84%ED%8C%8C%EC%B6%9C%EC%86%8C&pageNo=1&numOfRows=10 HTTP/1.1" 200 898
DEBUG:urllib3.connectionpool:Starting new HTTP connection (1): apis.data.go.kr:80
DEBUG:urllib3.connectionpool:http://apis.data.go.kr:80 "GET /1320000/LosfundInfoInqireService/getLosfundInfoAccTpNmCstdyPlace?ServiceKey=%2FRpRLYKrjEbwdsYlZgkvuKZW9wgTRfDhE%2BZyDgf4MzD5OcH5%2Fx92rEl1NDzjnqrHxhcYI1WUjvRfK8n86aSNaw%3D%3D&PRDT_NM=%EC%A7%80%EA%B0%91&DEP_PLACE=%EB%B2%94%EA%B3%84%ED%8C%8C%EC%B6%9C%EC%86%8C&pageNo=2&numOfRows=10 HTTP/1.1" 200 528
INFO:werkzeug:127.0.0.1 - - [17/Dec/2019 01:13:26] "GET /api/lostInfo HTTP/1.1" 500 -
DEBUG:urllib3.connectionpool:http://localhost:8000 "GET /api/lostInfo HTTP/1.1" 500 None
INFO:werkzeug:127.0.0.1 - - [17/Dec/2019 01:13:26] "GET /menu/api_run HTTP/1.1" 500 -
INFO:werkzeug:127.0.0.1 - - [17/Dec/2019 01:13:26] "GET /menu/api_run?__debugger__=yes&cmd=resource&f=style.css HTTP/1.1" 200 -
INFO:werkzeug:127.0.0.1 - - [17/Dec/2019 01:13:26] "GET /menu/api_run?__debugger__=yes&cmd=resource&f=jquery.js HTTP/1.1" 200 -
INFO:werkzeug:127.0.0.1 - - [17/Dec/2019 01:13:26] "GET /menu/api_run?__debugger__=yes&cmd=resource&f=debugger.js HTTP/1.1" 200 -
INFO:werkzeug:127.0.0.1 - - [17/Dec/2019 01:13:27] "GET /menu/api_run?__debugger__=yes&cmd=resource&f=ubuntu.ttf HTTP/1.1" 200 -
INFO:werkzeug:127.0.0.1 - - [17/Dec/2019 01:13:27] "GET /menu/api_run?__debugger__=yes&cmd=resource&f=console.png HTTP/1.1" 200 -
INFO:werkzeug:127.0.0.1 - - [17/Dec/2019 01:13:27] "GET /menu/api_run?__debugger__=yes&cmd=resource&f=console.png HTTP/1.1" 200 -
DEBUG:urllib3.connectionpool:Starting new HTTP connection (1): localhost:8000
DEBUG:urllib3.connectionpool:Starting new HTTP connection (1): apis.data.go.kr:80
DEBUG:urllib3.connectionpool:http://apis.data.go.kr:80 "GET /1320000/LostGoodsInfoInqireService/getLostGoodsInfoAccTpNmCstdyPlace?ServiceKey=%2FRpRLYKrjEbwdsYlZgkvuKZW9wgTRfDhE%2BZyDgf4MzD5OcH5%2Fx92rEl1NDzjnqrHxhcYI1WUjvRfK8n86aSNaw%3D%3D&pageNo=1&numOfRows=10 HTTP/1.1" 200 966
DEBUG:urllib3.connectionpool:Starting new HTTP connection (1): apis.data.go.kr:80
DEBUG:urllib3.connectionpool:http://apis.data.go.kr:80 "GET /1320000/LostGoodsInfoInqireService/getLostGoodsDetailInfo?ServiceKey=%2FRpRLYKrjEbwdsYlZgkvuKZW9wgTRfDhE%2BZyDgf4MzD5OcH5%2Fx92rEl1NDzjnqrHxhcYI1WUjvRfK8n86aSNaw%3D%3D&ATC_ID=L2019121600000031 HTTP/1.1" 200 582
DEBUG:urllib3.connectionpool:Starting new HTTP connection (1): apis.data.go.kr:80
DEBUG:urllib3.connectionpool:http://apis.data.go.kr:80 "GET /1320000/LosfundInfoInqireService/getLosfundInfoAccTpNmCstdyPlace?ServiceKey=%2FRpRLYKrjEbwdsYlZgkvuKZW9wgTRfDhE%2BZyDgf4MzD5OcH5%2Fx92rEl1NDzjnqrHxhcYI1WUjvRfK8n86aSNaw%3D%3D&PRDT_NM=%EC%A7%80%EA%B0%91&DEP_PLACE=%EB%B2%94%EA%B3%84%ED%8C%8C%EC%B6%9C%EC%86%8C&pageNo=1&numOfRows=10 HTTP/1.1" 200 898
DEBUG:urllib3.connectionpool:Starting new HTTP connection (1): apis.data.go.kr:80
DEBUG:urllib3.connectionpool:http://apis.data.go.kr:80 "GET /1320000/LosfundInfoInqireService/getLosfundInfoAccTpNmCstdyPlace?ServiceKey=%2FRpRLYKrjEbwdsYlZgkvuKZW9wgTRfDhE%2BZyDgf4MzD5OcH5%2Fx92rEl1NDzjnqrHxhcYI1WUjvRfK8n86aSNaw%3D%3D&PRDT_NM=%EC%A7%80%EA%B0%91&DEP_PLACE=%EB%B2%94%EA%B3%84%ED%8C%8C%EC%B6%9C%EC%86%8C&pageNo=2&numOfRows=10 HTTP/1.1" 200 528
INFO:werkzeug:127.0.0.1 - - [17/Dec/2019 01:14:14] "GET /api/lostInfo HTTP/1.1" 500 -
DEBUG:urllib3.connectionpool:http://localhost:8000 "GET /api/lostInfo HTTP/1.1" 500 None
INFO:werkzeug:127.0.0.1 - - [17/Dec/2019 01:14:14] "GET /menu/api_run HTTP/1.1" 200 -
ERROR:app:404 Not Found: The requested URL was not found on the server. If you entered the URL manually please check your spelling and try again.
ERROR:app:404 Not Found: The requested URL was not found on the server. If you entered the URL manually please check your spelling and try again.
INFO:werkzeug:127.0.0.1 - - [17/Dec/2019 01:14:15] "GET /menu/static/assets/js/core/jquery.min.js HTTP/1.1" 404 -
ERROR:app:404 Not Found: The requested URL was not found on the server. If you entered the URL manually please check your spelling and try again.
INFO:werkzeug:127.0.0.1 - - [17/Dec/2019 01:14:15] "GET /menu/static/assets/js/core/popper.min.js HTTP/1.1" 404 -
INFO:werkzeug:127.0.0.1 - - [17/Dec/2019 01:14:15] "GET /menu/static/assets/js/core/bootstrap-material-design.min.js HTTP/1.1" 404 -
ERROR:app:404 Not Found: The requested URL was not found on the server. If you entered the URL manually please check your spelling and try again.
ERROR:app:404 Not Found: The requested URL was not found on the server. If you entered the URL manually please check your spelling and try again.
ERROR:app:404 Not Found: The requested URL was not found on the server. If you entered the URL manually please check your spelling and try again.
INFO:werkzeug:127.0.0.1 - - [17/Dec/2019 01:14:15] "GET /menu/static/assets/js/plugins/perfect-scrollbar.jquery.min.js HTTP/1.1" 404 -
INFO:werkzeug:127.0.0.1 - - [17/Dec/2019 01:14:15] "GET /menu/static/assets/js/plugins/chartist.min.js HTTP/1.1" 404 -
INFO:werkzeug:127.0.0.1 - - [17/Dec/2019 01:14:15] "GET /menu/static/assets/js/plugins/bootstrap-notify.js HTTP/1.1" 404 -
ERROR:app:404 Not Found: The requested URL was not found on the server. If you entered the URL manually please check your spelling and try again.
INFO:werkzeug:127.0.0.1 - - [17/Dec/2019 01:14:15] "GET /menu/static/assets/js/material-dashboard.js?v=2.1.1 HTTP/1.1" 404 -
INFO:werkzeug: * Detected change in 'C:\\Users\\QueaNam\\PycharmProjects\\Service-Oriented-Term-Project\\views\\menus.py', reloading
INFO:werkzeug: * Restarting with stat
WARNING:werkzeug: * Debugger is active!
INFO:werkzeug: * Debugger PIN: 286-773-444
INFO:werkzeug: * Running on http://0.0.0.0:8000/ (Press CTRL+C to quit)
DEBUG:urllib3.connectionpool:Starting new HTTP connection (1): localhost:8000
DEBUG:urllib3.connectionpool:Starting new HTTP connection (1): apis.data.go.kr:80
DEBUG:urllib3.connectionpool:http://apis.data.go.kr:80 "GET /1320000/LostGoodsInfoInqireService/getLostGoodsInfoAccTpNmCstdyPlace?ServiceKey=%2FRpRLYKrjEbwdsYlZgkvuKZW9wgTRfDhE%2BZyDgf4MzD5OcH5%2Fx92rEl1NDzjnqrHxhcYI1WUjvRfK8n86aSNaw%3D%3D&pageNo=1&numOfRows=10 HTTP/1.1" 200 966
DEBUG:urllib3.connectionpool:Starting new HTTP connection (1): apis.data.go.kr:80
DEBUG:urllib3.connectionpool:http://apis.data.go.kr:80 "GET /1320000/LostGoodsInfoInqireService/getLostGoodsDetailInfo?ServiceKey=%2FRpRLYKrjEbwdsYlZgkvuKZW9wgTRfDhE%2BZyDgf4MzD5OcH5%2Fx92rEl1NDzjnqrHxhcYI1WUjvRfK8n86aSNaw%3D%3D&ATC_ID=L2019121600000031 HTTP/1.1" 200 582
DEBUG:urllib3.connectionpool:Starting new HTTP connection (1): apis.data.go.kr:80
DEBUG:urllib3.connectionpool:http://apis.data.go.kr:80 "GET /1320000/LosfundInfoInqireService/getLosfundInfoAccTpNmCstdyPlace?ServiceKey=%2FRpRLYKrjEbwdsYlZgkvuKZW9wgTRfDhE%2BZyDgf4MzD5OcH5%2Fx92rEl1NDzjnqrHxhcYI1WUjvRfK8n86aSNaw%3D%3D&PRDT_NM=%EC%A7%80%EA%B0%91&DEP_PLACE=%EB%B2%94%EA%B3%84%ED%8C%8C%EC%B6%9C%EC%86%8C&pageNo=1&numOfRows=10 HTTP/1.1" 200 898
DEBUG:urllib3.connectionpool:Starting new HTTP connection (1): apis.data.go.kr:80
DEBUG:urllib3.connectionpool:http://apis.data.go.kr:80 "GET /1320000/LosfundInfoInqireService/getLosfundInfoAccTpNmCstdyPlace?ServiceKey=%2FRpRLYKrjEbwdsYlZgkvuKZW9wgTRfDhE%2BZyDgf4MzD5OcH5%2Fx92rEl1NDzjnqrHxhcYI1WUjvRfK8n86aSNaw%3D%3D&PRDT_NM=%EC%A7%80%EA%B0%91&DEP_PLACE=%EB%B2%94%EA%B3%84%ED%8C%8C%EC%B6%9C%EC%86%8C&pageNo=2&numOfRows=10 HTTP/1.1" 200 528
INFO:werkzeug:127.0.0.1 - - [17/Dec/2019 01:17:57] "GET /api/lostInfo HTTP/1.1" 500 -
DEBUG:urllib3.connectionpool:http://localhost:8000 "GET /api/lostInfo HTTP/1.1" 500 None
INFO:werkzeug:127.0.0.1 - - [17/Dec/2019 01:17:57] "GET /menu/api_run HTTP/1.1" 500 -
INFO:werkzeug:127.0.0.1 - - [17/Dec/2019 01:17:57] "GET /menu/api_run?__debugger__=yes&cmd=resource&f=style.css HTTP/1.1" 200 -
INFO:werkzeug:127.0.0.1 - - [17/Dec/2019 01:17:58] "GET /menu/api_run?__debugger__=yes&cmd=resource&f=jquery.js HTTP/1.1" 200 -
INFO:werkzeug:127.0.0.1 - - [17/Dec/2019 01:17:58] "GET /menu/api_run?__debugger__=yes&cmd=resource&f=debugger.js HTTP/1.1" 200 -
INFO:werkzeug:127.0.0.1 - - [17/Dec/2019 01:17:58] "GET /menu/api_run?__debugger__=yes&cmd=resource&f=ubuntu.ttf HTTP/1.1" 200 -
INFO:werkzeug:127.0.0.1 - - [17/Dec/2019 01:17:58] "GET /menu/api_run?__debugger__=yes&cmd=resource&f=console.png HTTP/1.1" 200 -
INFO:werkzeug:127.0.0.1 - - [17/Dec/2019 01:17:58] "GET /menu/api_run?__debugger__=yes&cmd=resource&f=console.png HTTP/1.1" 200 -
INFO:werkzeug: * Detected change in 'C:\\Users\\QueaNam\\PycharmProjects\\Service-Oriented-Term-Project\\views\\menus.py', reloading
INFO:werkzeug: * Restarting with stat
WARNING:werkzeug: * Debugger is active!
INFO:werkzeug: * Debugger PIN: 286-773-444
INFO:werkzeug: * Running on http://0.0.0.0:8000/ (Press CTRL+C to quit)
DEBUG:urllib3.connectionpool:Starting new HTTP connection (1): localhost:8000
DEBUG:urllib3.connectionpool:Starting new HTTP connection (1): apis.data.go.kr:80
DEBUG:urllib3.connectionpool:http://apis.data.go.kr:80 "GET /1320000/LostGoodsInfoInqireService/getLostGoodsInfoAccTpNmCstdyPlace?ServiceKey=%2FRpRLYKrjEbwdsYlZgkvuKZW9wgTRfDhE%2BZyDgf4MzD5OcH5%2Fx92rEl1NDzjnqrHxhcYI1WUjvRfK8n86aSNaw%3D%3D&pageNo=1&numOfRows=10 HTTP/1.1" 200 966
DEBUG:urllib3.connectionpool:Starting new HTTP connection (1): apis.data.go.kr:80
DEBUG:urllib3.connectionpool:http://apis.data.go.kr:80 "GET /1320000/LostGoodsInfoInqireService/getLostGoodsDetailInfo?ServiceKey=%2FRpRLYKrjEbwdsYlZgkvuKZW9wgTRfDhE%2BZyDgf4MzD5OcH5%2Fx92rEl1NDzjnqrHxhcYI1WUjvRfK8n86aSNaw%3D%3D&ATC_ID=L2019121600000031 HTTP/1.1" 200 582
DEBUG:urllib3.connectionpool:Starting new HTTP connection (1): apis.data.go.kr:80
DEBUG:urllib3.connectionpool:http://apis.data.go.kr:80 "GET /1320000/LosfundInfoInqireService/getLosfundInfoAccTpNmCstdyPlace?ServiceKey=%2FRpRLYKrjEbwdsYlZgkvuKZW9wgTRfDhE%2BZyDgf4MzD5OcH5%2Fx92rEl1NDzjnqrHxhcYI1WUjvRfK8n86aSNaw%3D%3D&PRDT_NM=%EC%A7%80%EA%B0%91&DEP_PLACE=%EB%B2%94%EA%B3%84%ED%8C%8C%EC%B6%9C%EC%86%8C&pageNo=1&numOfRows=10 HTTP/1.1" 200 898
DEBUG:urllib3.connectionpool:Starting new HTTP connection (1): apis.data.go.kr:80
DEBUG:urllib3.connectionpool:http://apis.data.go.kr:80 "GET /1320000/LosfundInfoInqireService/getLosfundInfoAccTpNmCstdyPlace?ServiceKey=%2FRpRLYKrjEbwdsYlZgkvuKZW9wgTRfDhE%2BZyDgf4MzD5OcH5%2Fx92rEl1NDzjnqrHxhcYI1WUjvRfK8n86aSNaw%3D%3D&PRDT_NM=%EC%A7%80%EA%B0%91&DEP_PLACE=%EB%B2%94%EA%B3%84%ED%8C%8C%EC%B6%9C%EC%86%8C&pageNo=2&numOfRows=10 HTTP/1.1" 200 528
INFO:werkzeug:127.0.0.1 - - [17/Dec/2019 01:22:07] "GET /api/lostInfo HTTP/1.1" 500 -
DEBUG:urllib3.connectionpool:http://localhost:8000 "GET /api/lostInfo HTTP/1.1" 500 None
INFO:werkzeug:127.0.0.1 - - [17/Dec/2019 01:22:07] "GET /menu/api_run HTTP/1.1" 500 -
INFO:werkzeug:127.0.0.1 - - [17/Dec/2019 01:22:07] "GET /menu/api_run?__debugger__=yes&cmd=resource&f=style.css HTTP/1.1" 200 -
INFO:werkzeug:127.0.0.1 - - [17/Dec/2019 01:22:07] "GET /menu/api_run?__debugger__=yes&cmd=resource&f=jquery.js HTTP/1.1" 200 -
INFO:werkzeug:127.0.0.1 - - [17/Dec/2019 01:22:07] "GET /menu/api_run?__debugger__=yes&cmd=resource&f=debugger.js HTTP/1.1" 200 -
INFO:werkzeug:127.0.0.1 - - [17/Dec/2019 01:22:07] "GET /menu/api_run?__debugger__=yes&cmd=resource&f=ubuntu.ttf HTTP/1.1" 200 -
INFO:werkzeug:127.0.0.1 - - [17/Dec/2019 01:22:07] "GET /menu/api_run?__debugger__=yes&cmd=resource&f=console.png HTTP/1.1" 200 -
INFO:werkzeug:127.0.0.1 - - [17/Dec/2019 01:22:07] "GET /menu/api_run?__debugger__=yes&cmd=resource&f=console.png HTTP/1.1" 200 -
